Archive member included to satisfy reference by file (symbol)

examples/libexamples.a(OLED_2in23_test.c.obj)
                              CMakeFiles/main.dir/main.c.obj (OLED_2in23_test)
lib/OLED/libOLED.a(OLED_2in23.c.obj)
                              examples/libexamples.a(OLED_2in23_test.c.obj) (OLED_2in23_Init)
lib/GUI/libGUI.a(GUI_Paint.c.obj)
                              examples/libexamples.a(OLED_2in23_test.c.obj) (Paint_NewImage)
lib/Fonts/libFonts.a(font12.c.obj)
                              examples/libexamples.a(OLED_2in23_test.c.obj) (Font12)
lib/Config/libConfig.a(DEV_Config.c.obj)
                              lib/OLED/libOLED.a(OLED_2in23.c.obj) (EPD_RST_PIN)
/usr/lib/gcc/arm-none-eabi/8.3.1/thumb/v6-m/nofp/libgcc.a(_dvmd_tls.o)
                              CMakeFiles/main.dir/home/pi/pico/pico-sdk/src/rp2_common/pico_divider/divider.S.obj (__aeabi_idiv0)
/usr/lib/gcc/arm-none-eabi/8.3.1/../../../arm-none-eabi/lib/thumb/v6-m/nofp/libc.a(lib_a-atexit.o)
                              /usr/lib/gcc/arm-none-eabi/8.3.1/../../../arm-none-eabi/lib/thumb/v6-m/nofp/crt0.o (atexit)
/usr/lib/gcc/arm-none-eabi/8.3.1/../../../arm-none-eabi/lib/thumb/v6-m/nofp/libc.a(lib_a-calloc.o)
                              CMakeFiles/main.dir/home/pi/pico/pico-sdk/src/rp2_common/pico_malloc/pico_malloc.c.obj (calloc)
/usr/lib/gcc/arm-none-eabi/8.3.1/../../../arm-none-eabi/lib/thumb/v6-m/nofp/libc.a(lib_a-callocr.o)
                              /usr/lib/gcc/arm-none-eabi/8.3.1/../../../arm-none-eabi/lib/thumb/v6-m/nofp/libc.a(lib_a-calloc.o) (_calloc_r)
/usr/lib/gcc/arm-none-eabi/8.3.1/../../../arm-none-eabi/lib/thumb/v6-m/nofp/libc.a(lib_a-fini.o)
                              /usr/lib/gcc/arm-none-eabi/8.3.1/../../../arm-none-eabi/lib/thumb/v6-m/nofp/crt0.o (__libc_fini_array)
/usr/lib/gcc/arm-none-eabi/8.3.1/../../../arm-none-eabi/lib/thumb/v6-m/nofp/libc.a(lib_a-impure.o)
                              /usr/lib/gcc/arm-none-eabi/8.3.1/../../../arm-none-eabi/lib/thumb/v6-m/nofp/libc.a(lib_a-calloc.o) (_impure_ptr)
/usr/lib/gcc/arm-none-eabi/8.3.1/../../../arm-none-eabi/lib/thumb/v6-m/nofp/libc.a(lib_a-init.o)
                              /usr/lib/gcc/arm-none-eabi/8.3.1/../../../arm-none-eabi/lib/thumb/v6-m/nofp/crt0.o (__libc_init_array)
/usr/lib/gcc/arm-none-eabi/8.3.1/../../../arm-none-eabi/lib/thumb/v6-m/nofp/libc.a(lib_a-malloc.o)
                              CMakeFiles/main.dir/home/pi/pico/pico-sdk/src/rp2_common/pico_malloc/pico_malloc.c.obj (malloc)
/usr/lib/gcc/arm-none-eabi/8.3.1/../../../arm-none-eabi/lib/thumb/v6-m/nofp/libc.a(lib_a-mallocr.o)
                              /usr/lib/gcc/arm-none-eabi/8.3.1/../../../arm-none-eabi/lib/thumb/v6-m/nofp/libc.a(lib_a-callocr.o) (_malloc_r)
/usr/lib/gcc/arm-none-eabi/8.3.1/../../../arm-none-eabi/lib/thumb/v6-m/nofp/libc.a(lib_a-mlock.o)
                              /usr/lib/gcc/arm-none-eabi/8.3.1/../../../arm-none-eabi/lib/thumb/v6-m/nofp/libc.a(lib_a-mallocr.o) (__malloc_lock)
/usr/lib/gcc/arm-none-eabi/8.3.1/../../../arm-none-eabi/lib/thumb/v6-m/nofp/libc.a(lib_a-sbrkr.o)
                              /usr/lib/gcc/arm-none-eabi/8.3.1/../../../arm-none-eabi/lib/thumb/v6-m/nofp/libc.a(lib_a-mallocr.o) (_sbrk_r)
/usr/lib/gcc/arm-none-eabi/8.3.1/../../../arm-none-eabi/lib/thumb/v6-m/nofp/libc.a(lib_a-strlen-stub.o)
                              CMakeFiles/main.dir/home/pi/pico/pico-sdk/src/rp2_common/pico_stdio/stdio.c.obj (strlen)
/usr/lib/gcc/arm-none-eabi/8.3.1/../../../arm-none-eabi/lib/thumb/v6-m/nofp/libc.a(lib_a-__atexit.o)
                              /usr/lib/gcc/arm-none-eabi/8.3.1/../../../arm-none-eabi/lib/thumb/v6-m/nofp/libc.a(lib_a-atexit.o) (__register_exitproc)
/usr/lib/gcc/arm-none-eabi/8.3.1/../../../arm-none-eabi/lib/thumb/v6-m/nofp/libc.a(lib_a-freer.o)
                              /usr/lib/gcc/arm-none-eabi/8.3.1/../../../arm-none-eabi/lib/thumb/v6-m/nofp/libc.a(lib_a-malloc.o) (_free_r)
/usr/lib/gcc/arm-none-eabi/8.3.1/../../../arm-none-eabi/lib/thumb/v6-m/nofp/libc.a(lib_a-reent.o)
                              /usr/lib/gcc/arm-none-eabi/8.3.1/../../../arm-none-eabi/lib/thumb/v6-m/nofp/libc.a(lib_a-sbrkr.o) (errno)

Allocating common symbols
Common symbol       size              file

sf_table            0x100             CMakeFiles/main.dir/home/pi/pico/pico-sdk/src/rp2_common/pico_float/float_init_rom.c.obj
errno               0x4               /usr/lib/gcc/arm-none-eabi/8.3.1/../../../arm-none-eabi/lib/thumb/v6-m/nofp/libc.a(lib_a-reent.o)
EPD_SDA_PIN         0x4               lib/Config/libConfig.a(DEV_Config.c.obj)
EPD_SCL_PIN         0x4               lib/Config/libConfig.a(DEV_Config.c.obj)
_usbd_qdef_buf      0xc0              CMakeFiles/main.dir/home/pi/pico/pico-sdk/lib/tinyusb/src/device/usbd.c.obj
Paint               0x18              lib/GUI/libGUI.a(GUI_Paint.c.obj)
slice_num           0x4               lib/Config/libConfig.a(DEV_Config.c.obj)
[...]
Memory Configuration

Name             Origin             Length             Attributes
FLASH            0x10000000         0x00200000         xr
RAM              0x20000000         0x00040000         xrw
SCRATCH_X        0x20040000         0x00001000         xrw
SCRATCH_Y        0x20041000         0x00001000         xrw
*default*        0x00000000         0xffffffff

Linker script and memory map

LOAD /usr/lib/gcc/arm-none-eabi/8.3.1/thumb/v6-m/nofp/crti.o
LOAD /usr/lib/gcc/arm-none-eabi/8.3.1/thumb/v6-m/nofp/crtbegin.o
LOAD /usr/lib/gcc/arm-none-eabi/8.3.1/../../../arm-none-eabi/lib/thumb/v6-m/nofp/crt0.o

.flash_begin    0x10000000        0x0
                0x10000000                __flash_binary_start = .

.boot2          0x10000000      0x100
                0x10000000                __boot2_start__ = .
 *(.boot2)
 .boot2         0x10000000      0x100 /tmp/cc2iY51U.o
                0x10000100                __boot2_end__ = .
                0x00000001                ASSERT (((__boot2_end__ - __boot2_start__) == 0x100), ERROR: Pico second stage bootloader must be 256 bytes in size)

.text           0x10000100     0xe2d8
                0x10000100                __logical_binary_start = .
 *(.vectors)
 .vectors       0x10000100       0xd4 CMakeFiles/main.dir/home/pi/pico/pico-sdk/src/rp2_common/pico_standard_link/crt0.S.obj
                0x10000100                __vectors
                0x10000100                __VECTOR_TABLE
                0x100001c0                isr_invalid
                0x100001c0                __default_isrs_start
                0x100001c2                isr_nmi
                0x100001c4                isr_hardfault
                0x100001c6                isr_svcall
                0x100001c8                isr_pendsv
                0x100001ca                isr_systick
                0x100001cc                isr_irq30
                0x100001cc                __unhandled_user_irq
                0x100001cc                isr_irq13
                0x100001cc                isr_irq27
                0x100001cc                isr_irq31
                0x100001cc                isr_irq5
                0x100001cc                isr_irq11
                0x100001cc                isr_irq23
                0x100001cc                isr_irq18
                0x100001cc                isr_irq28
                0x100001cc                isr_irq19
                0x100001cc                isr_irq0
                0x100001cc                isr_irq6
                0x100001cc                isr_irq22
                0x100001cc                isr_irq17
                0x100001cc                isr_irq14
                0x100001cc                isr_irq2
                0x100001cc                isr_irq10
                0x100001cc                isr_irq8
                0x100001cc                isr_irq24
                0x100001cc                isr_irq1
                0x100001cc                isr_irq7
                0x100001cc                isr_irq21
                0x100001cc                isr_irq20
                0x100001cc                isr_irq15
                0x100001cc                isr_irq25
                0x100001cc                isr_irq4
                0x100001cc                isr_irq16
                0x100001cc                isr_irq29
                0x100001cc                isr_irq26
                0x100001cc                __default_isrs_end
                0x100001cc                isr_irq3
                0x100001cc                isr_irq12
                0x100001cc                isr_irq9
                0x100001d2                unhandled_user_irq_num_in_r0
 *(.binary_info_header)
 .binary_info_header
                0x100001d4       0x14 CMakeFiles/main.dir/home/pi/pico/pico-sdk/src/rp2_common/pico_standard_link/crt0.S.obj
                0x100001e8                __binary_info_header_end = .
 *(.reset)
 .reset         0x100001e8       0xa8 CMakeFiles/main.dir/home/pi/pico/pico-sdk/src/rp2_common/pico_standard_link/crt0.S.obj
                0x100001e8                _entry_point
                0x10000266                __get_current_exception
 .reset         0x10000290       0x30 CMakeFiles/main.dir/home/pi/pico/pico-sdk/src/rp2_common/pico_standard_link/binary_info.c.obj
 *(.init)
 .init          0x100002c0        0x4 /usr/lib/gcc/arm-none-eabi/8.3.1/thumb/v6-m/nofp/crti.o
                0x100002c0                _init
 *(EXCLUDE_FILE(*libm.a: *libc.a:*lib_a-mem*.o *libgcc.a:) .text*)
 .text          0x100002c4       0x98 /usr/lib/gcc/arm-none-eabi/8.3.1/thumb/v6-m/nofp/crtbegin.o
 .text.main     0x1000035c       0x10 CMakeFiles/main.dir/main.c.obj
                0x1000035c                main
 .text.gpio_set_function
                0x1000036c       0x60 CMakeFiles/main.dir/home/pi/pico/pico-sdk/src/rp2_common/hardware_gpio/gpio.c.obj
                0x1000036c                gpio_set_function
 .text.gpio_set_pulls
                0x100003cc       0x70 CMakeFiles/main.dir/home/pi/pico/pico-sdk/src/rp2_common/hardware_gpio/gpio.c.obj
                0x100003cc                gpio_set_pulls
 .text.gpio_init
                0x1000043c       0x36 CMakeFiles/main.dir/home/pi/pico/pico-sdk/src/rp2_common/hardware_gpio/gpio.c.obj
                0x1000043c                gpio_init
 *fill*         0x10000472        0x2 
 .text.hw_claim_lock
                0x10000474       0x48 CMakeFiles/main.dir/home/pi/pico/pico-sdk/src/rp2_common/hardware_claim/claim.c.obj
                0x10000474                hw_claim_lock
 .text.hw_claim_unlock
                0x100004bc       0x40 CMakeFiles/main.dir/home/pi/pico/pico-sdk/src/rp2_common/hardware_claim/claim.c.obj
                0x100004bc                hw_claim_unlock
 .text.hw_is_claimed
                0x100004fc       0x32 CMakeFiles/main.dir/home/pi/pico/pico-sdk/src/rp2_common/hardware_claim/claim.c.obj
                0x100004fc                hw_is_claimed
 .text.hw_claim_or_assert
                0x1000052e       0x66 CMakeFiles/main.dir/home/pi/pico/pico-sdk/src/rp2_common/hardware_claim/claim.c.obj
                0x1000052e                hw_claim_or_assert
 .text.hw_claim_unused_from_range
                0x10000594       0xa6 CMakeFiles/main.dir/home/pi/pico/pico-sdk/src/rp2_common/hardware_claim/claim.c.obj
                0x10000594                hw_claim_unused_from_range
 *fill*         0x1000063a        0x2 
 .text.running_on_fpga
                0x1000063c       0x1c CMakeFiles/main.dir/home/pi/pico/pico-sdk/src/rp2_common/pico_platform/platform.c.obj
                0x1000063c                running_on_fpga
 .text.spin_locks_reset
                0x10000658       0x40 CMakeFiles/main.dir/home/pi/pico/pico-sdk/src/rp2_common/hardware_sync/sync.c.obj
                0x10000658                spin_locks_reset
 .text.next_striped_spin_lock_num
                0x10000698       0x30 CMakeFiles/main.dir/home/pi/pico/pico-sdk/src/rp2_common/hardware_sync/sync.c.obj
                0x10000698                next_striped_spin_lock_num
 .text.spin_lock_claim_unused
                0x100006c8       0x30 CMakeFiles/main.dir/home/pi/pico/pico-sdk/src/rp2_common/hardware_sync/sync.c.obj
                0x100006c8                spin_lock_claim_unused
 .text.uart_get_index
                0x100006f8       0x24 CMakeFiles/main.dir/home/pi/pico/pico-sdk/src/rp2_common/hardware_uart/uart.c.obj
 .text.uart_get_hw
                0x1000071c       0x1a CMakeFiles/main.dir/home/pi/pico/pico-sdk/src/rp2_common/hardware_uart/uart.c.obj
 .text.uart_set_format
                0x10000736       0x7c CMakeFiles/main.dir/home/pi/pico/pico-sdk/src/rp2_common/hardware_uart/uart.c.obj
 *fill*         0x100007b2        0x2 
 .text.reset_block
                0x100007b4       0x28 CMakeFiles/main.dir/home/pi/pico/pico-sdk/src/rp2_common/hardware_uart/uart.c.obj
 .text.unreset_block_wait
                0x100007dc       0x34 CMakeFiles/main.dir/home/pi/pico/pico-sdk/src/rp2_common/hardware_uart/uart.c.obj
 .text.uart_reset
                0x10000810       0x2c CMakeFiles/main.dir/home/pi/pico/pico-sdk/src/rp2_common/hardware_uart/uart.c.obj
 .text.uart_unreset
                0x1000083c       0x2c CMakeFiles/main.dir/home/pi/pico/pico-sdk/src/rp2_common/hardware_uart/uart.c.obj
 .text.uart_init
                0x10000868       0x98 CMakeFiles/main.dir/home/pi/pico/pico-sdk/src/rp2_common/hardware_uart/uart.c.obj
                0x10000868                uart_init
 .text.uart_set_baudrate
                0x10000900       0xb8 CMakeFiles/main.dir/home/pi/pico/pico-sdk/src/rp2_common/hardware_uart/uart.c.obj
                0x10000900                uart_set_baudrate
 .text.uart_set_translate_crlf
                0x100009b8       0x3c CMakeFiles/main.dir/home/pi/pico/pico-sdk/src/rp2_common/hardware_uart/uart.c.obj
                0x100009b8                uart_set_translate_crlf
 .text.to_us_since_boot
                0x100009f4       0x18 CMakeFiles/main.dir/home/pi/pico/pico-sdk/src/common/pico_time/time.c.obj
 .text.update_us_since_boot
                0x10000a0c       0x40 CMakeFiles/main.dir/home/pi/pico/pico-sdk/src/common/pico_time/time.c.obj
 .text.time_reached
                0x10000a4c       0x64 CMakeFiles/main.dir/home/pi/pico/pico-sdk/src/common/pico_time/time.c.obj
 .text.get_absolute_time
                0x10000ab0       0x30 CMakeFiles/main.dir/home/pi/pico/pico-sdk/src/common/pico_time/time.c.obj
 .text.delayed_by_us
                0x10000ae0       0x76 CMakeFiles/main.dir/home/pi/pico/pico-sdk/src/common/pico_time/time.c.obj
 .text.make_timeout_time_us
                0x10000b56       0x34 CMakeFiles/main.dir/home/pi/pico/pico-sdk/src/common/pico_time/time.c.obj
 .text.absolute_time_diff_us
                0x10000b8a       0x40 CMakeFiles/main.dir/home/pi/pico/pico-sdk/src/common/pico_time/time.c.obj
 .text.add_alarm_at
                0x10000bca       0x3c CMakeFiles/main.dir/home/pi/pico/pico-sdk/src/common/pico_time/time.c.obj
 .text.cancel_alarm
                0x10000c06       0x22 CMakeFiles/main.dir/home/pi/pico/pico-sdk/src/common/pico_time/time.c.obj
 .text.ph_get_node
                0x10000c28       0x54 CMakeFiles/main.dir/home/pi/pico/pico-sdk/src/common/pico_time/time.c.obj
 .text.ph_add_child_node
                0x10000c7c       0xc4 CMakeFiles/main.dir/home/pi/pico/pico-sdk/src/common/pico_time/time.c.obj
 .text.ph_merge_nodes
                0x10000d40       0x7e CMakeFiles/main.dir/home/pi/pico/pico-sdk/src/common/pico_time/time.c.obj
 .text.ph_new_node
                0x10000dbe       0x6a CMakeFiles/main.dir/home/pi/pico/pico-sdk/src/common/pico_time/time.c.obj
 .text.ph_insert_node
                0x10000e28       0x7c CMakeFiles/main.dir/home/pi/pico/pico-sdk/src/common/pico_time/time.c.obj
 .text.ph_peek_head
                0x10000ea4       0x14 CMakeFiles/main.dir/home/pi/pico/pico-sdk/src/common/pico_time/time.c.obj
 .text.ph_contains_node
                0x10000eb8       0x46 CMakeFiles/main.dir/home/pi/pico/pico-sdk/src/common/pico_time/time.c.obj
 *fill*         0x10000efe        0x2 
 .text.ph_free_node
                0x10000f00       0x70 CMakeFiles/main.dir/home/pi/pico/pico-sdk/src/common/pico_time/time.c.obj
 .text.default_alarm_pool_initialized
                0x10000f70       0x18 CMakeFiles/main.dir/home/pi/pico/pico-sdk/src/common/pico_time/time.c.obj
 .text.get_entry
                0x10000f88       0x5c CMakeFiles/main.dir/home/pi/pico/pico-sdk/src/common/pico_time/time.c.obj
 .text.get_entry_id_high
                0x10000fe4       0x50 CMakeFiles/main.dir/home/pi/pico/pico-sdk/src/common/pico_time/time.c.obj
 .text.timer_pool_entry_comparator
                0x10001034       0x76 CMakeFiles/main.dir/home/pi/pico/pico-sdk/src/common/pico_time/time.c.obj
                0x10001034                timer_pool_entry_comparator
 .text.make_public_id
                0x100010aa       0x26 CMakeFiles/main.dir/home/pi/pico/pico-sdk/src/common/pico_time/time.c.obj
 .text.alarm_pool_init_default
                0x100010d0       0x4c CMakeFiles/main.dir/home/pi/pico/pico-sdk/src/common/pico_time/time.c.obj
                0x100010d0                alarm_pool_init_default
 .text.alarm_pool_get_default
                0x1000111c       0x30 CMakeFiles/main.dir/home/pi/pico/pico-sdk/src/common/pico_time/time.c.obj
                0x1000111c                alarm_pool_get_default
 .text.add_alarm_under_lock
                0x1000114c      0x130 CMakeFiles/main.dir/home/pi/pico/pico-sdk/src/common/pico_time/time.c.obj
 .text.alarm_pool_alarm_callback
                0x1000127c      0x3f4 CMakeFiles/main.dir/home/pi/pico/pico-sdk/src/common/pico_time/time.c.obj
 .text.alarm_pool_post_alloc_init
                0x10001670       0x64 CMakeFiles/main.dir/home/pi/pico/pico-sdk/src/common/pico_time/time.c.obj
 .text.alarm_pool_add_alarm_at
                0x100016d4      0x182 CMakeFiles/main.dir/home/pi/pico/pico-sdk/src/common/pico_time/time.c.obj
                0x100016d4                alarm_pool_add_alarm_at
 *fill*         0x10001856        0x2 
 .text.alarm_pool_cancel_alarm
                0x10001858      0x11c CMakeFiles/main.dir/home/pi/pico/pico-sdk/src/common/pico_time/time.c.obj
                0x10001858                alarm_pool_cancel_alarm
 .text.sleep_until_callback
                0x10001974       0x6c CMakeFiles/main.dir/home/pi/pico/pico-sdk/src/common/pico_time/time.c.obj
 .text.sleep_until
                0x100019e0      0x13c CMakeFiles/main.dir/home/pi/pico/pico-sdk/src/common/pico_time/time.c.obj
                0x100019e0                sleep_until
 .text.sleep_us
                0x10001b1c       0x30 CMakeFiles/main.dir/home/pi/pico/pico-sdk/src/common/pico_time/time.c.obj
                0x10001b1c                sleep_us
 .text.sleep_ms
                0x10001b4c       0x32 CMakeFiles/main.dir/home/pi/pico/pico-sdk/src/common/pico_time/time.c.obj
                0x10001b4c                sleep_ms
 *fill*         0x10001b7e        0x2 
 .text.best_effort_wfe_or_timeout
                0x10001b80       0x58 CMakeFiles/main.dir/home/pi/pico/pico-sdk/src/common/pico_time/time.c.obj
                0x10001b80                best_effort_wfe_or_timeout
 .text.to_us_since_boot
                0x10001bd8       0x18 CMakeFiles/main.dir/home/pi/pico/pico-sdk/src/rp2_common/hardware_timer/timer.c.obj
 .text.check_hardware_alarm_num_param
                0x10001bf0       0x10 CMakeFiles/main.dir/home/pi/pico/pico-sdk/src/rp2_common/hardware_timer/timer.c.obj
 .text.irq_clear
                0x10001c00       0x24 CMakeFiles/main.dir/home/pi/pico/pico-sdk/src/rp2_common/hardware_timer/timer.c.obj
 .text.hardware_alarm_claim
                0x10001c24       0x2c CMakeFiles/main.dir/home/pi/pico/pico-sdk/src/rp2_common/hardware_timer/timer.c.obj
                0x10001c24                hardware_alarm_claim
 .text.time_us_64
                0x10001c50       0x60 CMakeFiles/main.dir/home/pi/pico/pico-sdk/src/rp2_common/hardware_timer/timer.c.obj
                0x10001c50                time_us_64
 .text.busy_wait_until
                0x10001cb0       0x68 CMakeFiles/main.dir/home/pi/pico/pico-sdk/src/rp2_common/hardware_timer/timer.c.obj
                0x10001cb0                busy_wait_until
 .text.harware_alarm_irq_number
                0x10001d18       0x12 CMakeFiles/main.dir/home/pi/pico/pico-sdk/src/rp2_common/hardware_timer/timer.c.obj
 *fill*         0x10001d2a        0x2 
 .text.hardware_alarm_irq_handler
                0x10001d2c      0x110 CMakeFiles/main.dir/home/pi/pico/pico-sdk/src/rp2_common/hardware_timer/timer.c.obj
 .text.hardware_alarm_set_callback
                0x10001e3c      0x120 CMakeFiles/main.dir/home/pi/pico/pico-sdk/src/rp2_common/hardware_timer/timer.c.obj
                0x10001e3c                hardware_alarm_set_callback
 .text.hardware_alarm_set_target
                0x10001f5c      0x1b0 CMakeFiles/main.dir/home/pi/pico/pico-sdk/src/rp2_common/hardware_timer/timer.c.obj
                0x10001f5c                hardware_alarm_set_target
 .text.hardware_alarm_cancel
                0x1000210c       0xa4 CMakeFiles/main.dir/home/pi/pico/pico-sdk/src/rp2_common/hardware_timer/timer.c.obj
                0x1000210c                hardware_alarm_cancel
 .text.lock_init
                0x100021b0       0x2c CMakeFiles/main.dir/home/pi/pico/pico-sdk/src/common/pico_sync/lock_core.c.obj
                0x100021b0                lock_init
 .text.to_us_since_boot
                0x100021dc       0x18 CMakeFiles/main.dir/home/pi/pico/pico-sdk/src/common/pico_sync/mutex.c.obj
 .text.update_us_since_boot
                0x100021f4       0x40 CMakeFiles/main.dir/home/pi/pico/pico-sdk/src/common/pico_sync/mutex.c.obj
 .text.get_absolute_time
                0x10002234       0x30 CMakeFiles/main.dir/home/pi/pico/pico-sdk/src/common/pico_sync/mutex.c.obj
 .text.delayed_by_ms
                0x10002264       0x90 CMakeFiles/main.dir/home/pi/pico/pico-sdk/src/common/pico_sync/mutex.c.obj
 .text.make_timeout_time_ms
                0x100022f4       0x30 CMakeFiles/main.dir/home/pi/pico/pico-sdk/src/common/pico_sync/mutex.c.obj
 .text.mutex_init
                0x10002324       0x2a CMakeFiles/main.dir/home/pi/pico/pico-sdk/src/common/pico_sync/mutex.c.obj
                0x10002324                mutex_init
 .text.recursive_mutex_init
                0x1000234e       0x30 CMakeFiles/main.dir/home/pi/pico/pico-sdk/src/common/pico_sync/mutex.c.obj
                0x1000234e                recursive_mutex_init
 .text.critical_section_init
                0x1000237e       0x24 CMakeFiles/main.dir/home/pi/pico/pico-sdk/src/common/pico_sync/critical_section.c.obj
                0x1000237e                critical_section_init
 *fill*         0x100023a2        0x2 
 .text.critical_section_init_with_lock_num
                0x100023a4       0x30 CMakeFiles/main.dir/home/pi/pico/pico-sdk/src/common/pico_sync/critical_section.c.obj
                0x100023a4                critical_section_init_with_lock_num
 .text.datetime_to_str
                0x100023d4       0x98 CMakeFiles/main.dir/home/pi/pico/pico-sdk/src/common/pico_util/datetime.c.obj
                0x100023d4                datetime_to_str
 .text.ph_get_node
                0x1000246c       0x54 CMakeFiles/main.dir/home/pi/pico/pico-sdk/src/common/pico_util/pheap.c.obj
 .text.ph_add_child_node
                0x100024c0       0xc4 CMakeFiles/main.dir/home/pi/pico/pico-sdk/src/common/pico_util/pheap.c.obj
 .text.ph_merge_nodes
                0x10002584       0x7e CMakeFiles/main.dir/home/pi/pico/pico-sdk/src/common/pico_util/pheap.c.obj
 .text.ph_peek_head
                0x10002602       0x14 CMakeFiles/main.dir/home/pi/pico/pico-sdk/src/common/pico_util/pheap.c.obj
 .text.ph_remove_and_free_head
                0x10002616       0x1c CMakeFiles/main.dir/home/pi/pico/pico-sdk/src/common/pico_util/pheap.c.obj
 .text.ph_post_alloc_init
                0x10002632       0x32 CMakeFiles/main.dir/home/pi/pico/pico-sdk/src/common/pico_util/pheap.c.obj
                0x10002632                ph_post_alloc_init
 .text.ph_clear
                0x10002664       0x78 CMakeFiles/main.dir/home/pi/pico/pico-sdk/src/common/pico_util/pheap.c.obj
                0x10002664                ph_clear
 .text.ph_merge_two_pass
                0x100026dc       0xd0 CMakeFiles/main.dir/home/pi/pico/pico-sdk/src/common/pico_util/pheap.c.obj
                0x100026dc                ph_merge_two_pass
 .text.ph_remove_any_head
                0x100027ac      0x118 CMakeFiles/main.dir/home/pi/pico/pico-sdk/src/common/pico_util/pheap.c.obj
 .text.ph_remove_head
                0x100028c4       0x44 CMakeFiles/main.dir/home/pi/pico/pico-sdk/src/common/pico_util/pheap.c.obj
                0x100028c4                ph_remove_head
 .text.ph_remove_and_free_node
                0x10002908      0x154 CMakeFiles/main.dir/home/pi/pico/pico-sdk/src/common/pico_util/pheap.c.obj
                0x10002908                ph_remove_and_free_node
 .text.__breakpoint
                0x10002a5c        0xc CMakeFiles/main.dir/home/pi/pico/pico-sdk/src/rp2_common/pico_runtime/runtime.c.obj
 .text.reset_block
                0x10002a68       0x28 CMakeFiles/main.dir/home/pi/pico/pico-sdk/src/rp2_common/pico_runtime/runtime.c.obj
 .text.unreset_block_wait
                0x10002a90       0x34 CMakeFiles/main.dir/home/pi/pico/pico-sdk/src/rp2_common/pico_runtime/runtime.c.obj
 .text.runtime_init
                0x10002ac4      0x12c CMakeFiles/main.dir/home/pi/pico/pico-sdk/src/rp2_common/pico_runtime/runtime.c.obj
                0x10002ac4                runtime_init
 .text._exit    0x10002bf0        0xe CMakeFiles/main.dir/home/pi/pico/pico-sdk/src/rp2_common/pico_runtime/runtime.c.obj
                0x10002bf0                _exit
 *fill*         0x10002bfe        0x2 
 .text._sbrk    0x10002c00       0x58 CMakeFiles/main.dir/home/pi/pico/pico-sdk/src/rp2_common/pico_runtime/runtime.c.obj
                0x10002c00                _sbrk
 .text.exit     0x10002c58       0x10 CMakeFiles/main.dir/home/pi/pico/pico-sdk/src/rp2_common/pico_runtime/runtime.c.obj
                0x10002c58                exit
 .text.__assert_func
                0x10002c68       0x4c CMakeFiles/main.dir/home/pi/pico/pico-sdk/src/rp2_common/pico_runtime/runtime.c.obj
                0x10002c68                __assert_func
 .text.panic    0x10002cb4       0x40 CMakeFiles/main.dir/home/pi/pico/pico-sdk/src/rp2_common/pico_runtime/runtime.c.obj
                0x10002cb4                panic
 .text.has_glitchless_mux
                0x10002cf4       0x32 CMakeFiles/main.dir/home/pi/pico/pico-sdk/src/rp2_common/hardware_clocks/clocks.c.obj
 *fill*         0x10002d26        0x2 
 .text.clock_configure
                0x10002d28      0x254 CMakeFiles/main.dir/home/pi/pico/pico-sdk/src/rp2_common/hardware_clocks/clocks.c.obj
                0x10002d28                clock_configure
 .text.clocks_init
                0x10002f7c      0x13c CMakeFiles/main.dir/home/pi/pico/pico-sdk/src/rp2_common/hardware_clocks/clocks.c.obj
                0x10002f7c                clocks_init
 .text.clock_get_hz
                0x100030b8       0x24 CMakeFiles/main.dir/home/pi/pico/pico-sdk/src/rp2_common/hardware_clocks/clocks.c.obj
                0x100030b8                clock_get_hz
 .text.check_irq_param
                0x100030dc       0x10 CMakeFiles/main.dir/home/pi/pico/pico-sdk/src/rp2_common/hardware_irq/irq.c.obj
 .text.get_vtable
                0x100030ec       0x14 CMakeFiles/main.dir/home/pi/pico/pico-sdk/src/rp2_common/hardware_irq/irq.c.obj
 .text.add_thumb_bit
                0x10003100       0x16 CMakeFiles/main.dir/home/pi/pico/pico-sdk/src/rp2_common/hardware_irq/irq.c.obj
 .text.remove_thumb_bit
                0x10003116       0x16 CMakeFiles/main.dir/home/pi/pico/pico-sdk/src/rp2_common/hardware_irq/irq.c.obj
 .text.set_raw_irq_handler_and_unlock
                0x1000312c       0x5c CMakeFiles/main.dir/home/pi/pico/pico-sdk/src/rp2_common/hardware_irq/irq.c.obj
 .text.irq_set_enabled
                0x10003188       0x30 CMakeFiles/main.dir/home/pi/pico/pico-sdk/src/rp2_common/hardware_irq/irq.c.obj
                0x10003188                irq_set_enabled
 .text.irq_is_enabled
                0x100031b8       0x30 CMakeFiles/main.dir/home/pi/pico/pico-sdk/src/rp2_common/hardware_irq/irq.c.obj
                0x100031b8                irq_is_enabled
 .text.irq_set_mask_enabled
                0x100031e8       0x40 CMakeFiles/main.dir/home/pi/pico/pico-sdk/src/rp2_common/hardware_irq/irq.c.obj
                0x100031e8                irq_set_mask_enabled
 .text.irq_set_pending
                0x10003228       0x28 CMakeFiles/main.dir/home/pi/pico/pico-sdk/src/rp2_common/hardware_irq/irq.c.obj
                0x10003228                irq_set_pending
 .text.is_shared_irq_raw_handler
                0x10003250       0x24 CMakeFiles/main.dir/home/pi/pico/pico-sdk/src/rp2_common/hardware_irq/irq.c.obj
 .text.irq_get_vtable_handler
                0x10003274       0x28 CMakeFiles/main.dir/home/pi/pico/pico-sdk/src/rp2_common/hardware_irq/irq.c.obj
                0x10003274                irq_get_vtable_handler
 .text.irq_set_exclusive_handler
                0x1000329c       0x9c CMakeFiles/main.dir/home/pi/pico/pico-sdk/src/rp2_common/hardware_irq/irq.c.obj
                0x1000329c                irq_set_exclusive_handler
 .text.make_branch
                0x10003338       0x58 CMakeFiles/main.dir/home/pi/pico/pico-sdk/src/rp2_common/hardware_irq/irq.c.obj
 .text.insert_branch_and_link
                0x10003390       0x74 CMakeFiles/main.dir/home/pi/pico/pico-sdk/src/rp2_common/hardware_irq/irq.c.obj
 .text.resolve_branch
                0x10003404       0x5c CMakeFiles/main.dir/home/pi/pico/pico-sdk/src/rp2_common/hardware_irq/irq.c.obj
 .text.slot_diff
                0x10003460       0x30 CMakeFiles/main.dir/home/pi/pico/pico-sdk/src/rp2_common/hardware_irq/irq.c.obj
 .text.get_slot_index
                0x10003490       0x24 CMakeFiles/main.dir/home/pi/pico/pico-sdk/src/rp2_common/hardware_irq/irq.c.obj
 .text.irq_remove_handler
                0x100034b4      0x250 CMakeFiles/main.dir/home/pi/pico/pico-sdk/src/rp2_common/hardware_irq/irq.c.obj
                0x100034b4                irq_remove_handler
 .text.irq_add_tail_to_free_list
                0x10003704      0x1ac CMakeFiles/main.dir/home/pi/pico/pico-sdk/src/rp2_common/hardware_irq/irq.c.obj
                0x10003704                irq_add_tail_to_free_list
 .text.irq_init_priorities
                0x100038b0       0x3c CMakeFiles/main.dir/home/pi/pico/pico-sdk/src/rp2_common/hardware_irq/irq.c.obj
                0x100038b0                irq_init_priorities
 .text.reset_block
                0x100038ec       0x28 CMakeFiles/main.dir/home/pi/pico/pico-sdk/src/rp2_common/hardware_pll/pll.c.obj
 .text.unreset_block_wait
                0x10003914       0x34 CMakeFiles/main.dir/home/pi/pico/pico-sdk/src/rp2_common/hardware_pll/pll.c.obj
 .text.pll_init
                0x10003948      0x170 CMakeFiles/main.dir/home/pi/pico/pico-sdk/src/rp2_common/hardware_pll/pll.c.obj
                0x10003948                pll_init
 .text.watchdog_start_tick
                0x10003ab8       0x20 CMakeFiles/main.dir/home/pi/pico/pico-sdk/src/rp2_common/hardware_watchdog/watchdog.c.obj
                0x10003ab8                watchdog_start_tick
 .text.watchdog_update
                0x10003ad8       0x1c CMakeFiles/main.dir/home/pi/pico/pico-sdk/src/rp2_common/hardware_watchdog/watchdog.c.obj
                0x10003ad8                watchdog_update
 .text._watchdog_enable
                0x10003af4       0xe8 CMakeFiles/main.dir/home/pi/pico/pico-sdk/src/rp2_common/hardware_watchdog/watchdog.c.obj
                0x10003af4                _watchdog_enable
 .text.watchdog_reboot
                0x10003bdc       0x74 CMakeFiles/main.dir/home/pi/pico/pico-sdk/src/rp2_common/hardware_watchdog/watchdog.c.obj
                0x10003bdc                watchdog_reboot
 .text.xosc_init
                0x10003c50       0x44 CMakeFiles/main.dir/home/pi/pico/pico-sdk/src/rp2_common/hardware_xosc/xosc.c.obj
                0x10003c50                xosc_init
 .text._out_buffer
                0x10003c94       0x30 CMakeFiles/main.dir/home/pi/pico/pico-sdk/src/rp2_common/pico_printf/printf.c.obj
 .text._out_null
                0x10003cc4       0x1c CMakeFiles/main.dir/home/pi/pico/pico-sdk/src/rp2_common/pico_printf/printf.c.obj
 .text._out_fct
                0x10003ce0       0x36 CMakeFiles/main.dir/home/pi/pico/pico-sdk/src/rp2_common/pico_printf/printf.c.obj
 .text._strnlen_s
                0x10003d16       0x36 CMakeFiles/main.dir/home/pi/pico/pico-sdk/src/rp2_common/pico_printf/printf.c.obj
 .text._is_digit
                0x10003d4c       0x32 CMakeFiles/main.dir/home/pi/pico/pico-sdk/src/rp2_common/pico_printf/printf.c.obj
 .text._atoi    0x10003d7e       0x46 CMakeFiles/main.dir/home/pi/pico/pico-sdk/src/rp2_common/pico_printf/printf.c.obj
 .text._out_rev
                0x10003dc4       0x9a CMakeFiles/main.dir/home/pi/pico/pico-sdk/src/rp2_common/pico_printf/printf.c.obj
 .text._ntoa_format
                0x10003e5e      0x1ac CMakeFiles/main.dir/home/pi/pico/pico-sdk/src/rp2_common/pico_printf/printf.c.obj
 .text._ntoa_long
                0x1000400a       0xd2 CMakeFiles/main.dir/home/pi/pico/pico-sdk/src/rp2_common/pico_printf/printf.c.obj
 .text._ntoa_long_long
                0x100040dc       0xea CMakeFiles/main.dir/home/pi/pico/pico-sdk/src/rp2_common/pico_printf/printf.c.obj
 *fill*         0x100041c6        0x2 
 .text._ftoa    0x100041c8      0x4a4 CMakeFiles/main.dir/home/pi/pico/pico-sdk/src/rp2_common/pico_printf/printf.c.obj
 .text._etoa    0x1000466c      0x5a0 CMakeFiles/main.dir/home/pi/pico/pico-sdk/src/rp2_common/pico_printf/printf.c.obj
 .text._vsnprintf
                0x10004c0c      0x89c CMakeFiles/main.dir/home/pi/pico/pico-sdk/src/rp2_common/pico_printf/printf.c.obj
 .text.__wrap_snprintf
                0x100054a8       0x3c CMakeFiles/main.dir/home/pi/pico/pico-sdk/src/rp2_common/pico_printf/printf.c.obj
                0x100054a8                __wrap_snprintf
 .text.vfctprintf
                0x100054e4       0x40 CMakeFiles/main.dir/home/pi/pico/pico-sdk/src/rp2_common/pico_printf/printf.c.obj
                0x100054e4                vfctprintf
 .text          0x10005524       0x10 CMakeFiles/main.dir/home/pi/pico/pico-sdk/src/rp2_common/pico_bit_ops/bit_ops_aeabi.S.obj
 .text.rom_func_lookup
                0x10005534       0x2e CMakeFiles/main.dir/home/pi/pico/pico-sdk/src/rp2_common/pico_bootrom/bootrom.c.obj
                0x10005534                rom_func_lookup
 .text.rom_data_lookup
                0x10005562       0x28 CMakeFiles/main.dir/home/pi/pico/pico-sdk/src/rp2_common/pico_bootrom/bootrom.c.obj
                0x10005562                rom_data_lookup
 .text.rom_funcs_lookup
                0x1000558a       0x68 CMakeFiles/main.dir/home/pi/pico/pico-sdk/src/rp2_common/pico_bootrom/bootrom.c.obj
                0x1000558a                rom_funcs_lookup
 *fill*         0x100055f2        0x2 
 .text.__wrap___aeabi_idiv
                0x100055f4       0x50 CMakeFiles/main.dir/home/pi/pico/pico-sdk/src/rp2_common/pico_divider/divider.S.obj
                0x100055f4                __wrap___aeabi_idivmod
                0x100055f4                divmod_s32s32
                0x100055f4                div_s32s32
                0x100055f4                __wrap___aeabi_idiv
                0x100055fc                divmod_s32s32_unsafe
                0x10005628                divmod_s32s32_savestate
 .text.__wrap___aeabi_uidiv
                0x10005644       0x4c CMakeFiles/main.dir/home/pi/pico/pico-sdk/src/rp2_common/pico_divider/divider.S.obj
                0x10005644                __wrap___aeabi_uidiv
                0x10005644                __wrap___aeabi_uidivmod
                0x10005644                div_u32u32
                0x10005644                divmod_u32u32
                0x1000564c                divmod_u32u32_unsafe
                0x10005674                divmod_u32u32_savestate
 .text.__wrap___aeabi_ldiv
                0x10005690      0x434 CMakeFiles/main.dir/home/pi/pico/pico-sdk/src/rp2_common/pico_divider/divider.S.obj
                0x10005690                div_s64s64
                0x10005690                divmod_s64s64
                0x10005690                __wrap___aeabi_ldivmod
                0x100056c8                div_u64u64
                0x100056c8                divmod_u64u64
                0x100056c8                __wrap___aeabi_uldivmod
                0x100056d8                divmod_u64u64_savestate
                0x10005700                divmod_s64s64_unsafe
                0x10005788                divmod_u64u64_unsafe
 .text.__wrap___aeabi_darithmetic
                0x10005ac4       0x80 CMakeFiles/main.dir/home/pi/pico/pico-sdk/src/rp2_common/pico_double/double_aeabi.S.obj
                0x10005ac4                __wrap___aeabi_drsub
                0x10005aca                __wrap___aeabi_dsub
                0x10005adc                __wrap___aeabi_dadd
                0x10005aee                __wrap___aeabi_ddiv
                0x10005b2a                __wrap___aeabi_dmul
 .text.__wrap___aeabi_cdcmple
                0x10005b44       0x6c CMakeFiles/main.dir/home/pi/pico/pico-sdk/src/rp2_common/pico_double/double_aeabi.S.obj
                0x10005b44                __wrap___aeabi_cdrcmple
                0x10005b54                __wrap___aeabi_cdcmple
                0x10005b54                __wrap___aeabi_cdcmpeq
 .text.__wrap___aeabi_dcmplt
                0x10005bb0        0xc CMakeFiles/main.dir/home/pi/pico/pico-sdk/src/rp2_common/pico_double/double_aeabi.S.obj
                0x10005bb0                __wrap___aeabi_dcmplt
 .text.__wrap___aeabi_dcmpge
                0x10005bbc       0x10 CMakeFiles/main.dir/home/pi/pico/pico-sdk/src/rp2_common/pico_double/double_aeabi.S.obj
                0x10005bbc                __wrap___aeabi_dcmpge
 .text.__wrap___aeabi_dcmpgt
                0x10005bcc        0xa CMakeFiles/main.dir/home/pi/pico/pico-sdk/src/rp2_common/pico_double/double_aeabi.S.obj
                0x10005bcc                __wrap___aeabi_dcmpgt
 .text.__wrap___aeabi_dcmpun
                0x10005bd6       0x1c CMakeFiles/main.dir/home/pi/pico/pico-sdk/src/rp2_common/pico_double/double_aeabi.S.obj
                0x10005bd6                __wrap___aeabi_dcmpun
 *fill*         0x10005bf2        0x2 
 .text.__wrap___aeabi_i2d
                0x10005bf4       0x38 CMakeFiles/main.dir/home/pi/pico/pico-sdk/src/rp2_common/pico_double/double_aeabi.S.obj
                0x10005bf4                __wrap___aeabi_ui2d
                0x10005bfc                __wrap___aeabi_i2d
 .text.__wrap___aeabi_d2iz
                0x10005c2c       0x48 CMakeFiles/main.dir/home/pi/pico/pico-sdk/src/rp2_common/pico_double/double_aeabi.S.obj
                0x10005c2c                __wrap___aeabi_d2iz
                0x10005c2c                double2int_z
 .text.__wrap___aeabi_d2uiz
                0x10005c74       0x18 CMakeFiles/main.dir/home/pi/pico/pico-sdk/src/rp2_common/pico_double/double_aeabi.S.obj
                0x10005c74                double2uint
                0x10005c74                __wrap___aeabi_d2uiz
 .text.rp2040_rom_version
                0x10005c8c        0xe CMakeFiles/main.dir/home/pi/pico/pico-sdk/src/rp2_common/pico_double/double_init_rom.c.obj
 .text.rom_table_code
                0x10005c9a       0x26 CMakeFiles/main.dir/home/pi/pico/pico-sdk/src/rp2_common/pico_double/double_init_rom.c.obj
 .text.__aeabi_double_init
                0x10005cc0       0xfc CMakeFiles/main.dir/home/pi/pico/pico-sdk/src/rp2_common/pico_double/double_init_rom.c.obj
                0x10005cc0                __aeabi_double_init
 .text.double_table_shim_on_use_helper
                0x10005dbc       0x34 CMakeFiles/main.dir/home/pi/pico/pico-sdk/src/rp2_common/pico_double/double_v1_rom_shim.S.obj
                0x10005dbc                double_table_shim_on_use_helper
 .text.__wrap___aeabi_dsub
                0x10005df0       0x10 CMakeFiles/main.dir/home/pi/pico/pico-sdk/src/rp2_common/pico_double/double_v1_rom_shim.S.obj
                0x10005df0                drsub_shim
                0x10005df6                dsub_shim
 .text.dadd_shim
                0x10005e00      0x15c CMakeFiles/main.dir/home/pi/pico/pico-sdk/src/rp2_common/pico_double/double_v1_rom_shim.S.obj
                0x10005e00                dadd_shim
 .text.dmul_shim
                0x10005f5c      0x15c CMakeFiles/main.dir/home/pi/pico/pico-sdk/src/rp2_common/pico_double/double_v1_rom_shim.S.obj
                0x10005f5c                dmul_shim
 .text.ddiv_shim
                0x100060b8      0x1b0 CMakeFiles/main.dir/home/pi/pico/pico-sdk/src/rp2_common/pico_double/double_v1_rom_shim.S.obj
                0x100060b8                ddiv_shim
 .text.double2uint_shim
                0x10006268        0xe CMakeFiles/main.dir/home/pi/pico/pico-sdk/src/rp2_common/pico_double/double_v1_rom_shim.S.obj
                0x10006268                double2uint_shim
                0x1000626a                double2ufix_shim
 *fill*         0x10006276        0x2 
 .text.double2uint64_shim
                0x10006278       0x70 CMakeFiles/main.dir/home/pi/pico/pico-sdk/src/rp2_common/pico_double/double_v1_rom_shim.S.obj
                0x10006278                double2uint64_shim
                0x1000627a                double2ufix64_shim
                0x1000629a                d2fix_a
 .text.dunpacks
                0x100062e8       0x3c CMakeFiles/main.dir/home/pi/pico/pico-sdk/src/rp2_common/pico_double/double_v1_rom_shim.S.obj
                0x100062e8                dunpacks
 .text.__aeabi_lmul
                0x10006324       0x32 CMakeFiles/main.dir/home/pi/pico/pico-sdk/src/rp2_common/pico_int64_ops/pico_int64_ops_aeabi.S.obj
                0x10006324                __wrap___aeabi_lmul
 *fill*         0x10006356        0x2 
 .text.__wrap___aeabi_farithmetic
                0x10006358       0x58 CMakeFiles/main.dir/home/pi/pico/pico-sdk/src/rp2_common/pico_float/float_aeabi.S.obj
                0x10006358                __wrap___aeabi_frsub
                0x1000635e                __wrap___aeabi_fsub
                0x10006368                __wrap___aeabi_fadd
                0x10006372                __wrap___aeabi_fdiv
                0x1000639e                __wrap___aeabi_fmul
 .text.__wrap___aeabi_i2f
                0x100063b0       0x44 CMakeFiles/main.dir/home/pi/pico/pico-sdk/src/rp2_common/pico_float/float_aeabi.S.obj
                0x100063b0                __wrap___aeabi_i2f
 .text.__wrap___aeabi_f2uiz
                0x100063f4       0x10 CMakeFiles/main.dir/home/pi/pico/pico-sdk/src/rp2_common/pico_float/float_aeabi.S.obj
                0x100063f4                __wrap___aeabi_f2uiz
 .text.rp2040_rom_version
                0x10006404        0xe CMakeFiles/main.dir/home/pi/pico/pico-sdk/src/rp2_common/pico_float/float_init_rom.c.obj
 .text.rom_table_code
                0x10006412       0x26 CMakeFiles/main.dir/home/pi/pico/pico-sdk/src/rp2_common/pico_float/float_init_rom.c.obj
 .text.__aeabi_float_init
                0x10006438      0x130 CMakeFiles/main.dir/home/pi/pico/pico-sdk/src/rp2_common/pico_float/float_init_rom.c.obj
                0x10006438                __aeabi_float_init
 .text.float_table_shim_on_use_helper
                0x10006568       0x34 CMakeFiles/main.dir/home/pi/pico/pico-sdk/src/rp2_common/pico_float/float_v1_rom_shim.S.obj
                0x10006568                float_table_shim_on_use_helper
 .text.check_alloc
                0x1000659c       0x34 CMakeFiles/main.dir/home/pi/pico/pico-sdk/src/rp2_common/pico_malloc/pico_malloc.c.obj
 .text.__wrap_malloc
                0x100065d0       0x2a CMakeFiles/main.dir/home/pi/pico/pico-sdk/src/rp2_common/pico_malloc/pico_malloc.c.obj
                0x100065d0                __wrap_malloc
 *fill*         0x100065fa        0x2 
 .text          0x100065fc       0x10 CMakeFiles/main.dir/home/pi/pico/pico-sdk/src/rp2_common/pico_mem_ops/mem_ops_aeabi.S.obj
                0x100065fc                __aeabi_mem_init
 .text.memset   0x1000660c        0xc CMakeFiles/main.dir/home/pi/pico/pico-sdk/src/rp2_common/pico_mem_ops/mem_ops_aeabi.S.obj
                0x1000660c                __wrap_memset
 .text.memcpy   0x10006618        0xc CMakeFiles/main.dir/home/pi/pico/pico-sdk/src/rp2_common/pico_mem_ops/mem_ops_aeabi.S.obj
                0x10006618                __wrap___aeabi_memcpy
                0x10006618                __wrap_memcpy
 .text.stdout_serialize_begin
                0x10006624       0x50 CMakeFiles/main.dir/home/pi/pico/pico-sdk/src/rp2_common/pico_stdio/stdio.c.obj
                0x10006624                stdout_serialize_begin
 .text.stdout_serialize_end
                0x10006674       0x18 CMakeFiles/main.dir/home/pi/pico/pico-sdk/src/rp2_common/pico_stdio/stdio.c.obj
                0x10006674                stdout_serialize_end
 .text.stdio_out_chars_no_crlf
                0x1000668c       0x20 CMakeFiles/main.dir/home/pi/pico/pico-sdk/src/rp2_common/pico_stdio/stdio.c.obj
 .text.stdio_out_chars_crlf
                0x100066ac       0xf4 CMakeFiles/main.dir/home/pi/pico/pico-sdk/src/rp2_common/pico_stdio/stdio.c.obj
 .text.stdio_put_string
                0x100067a0       0xcc CMakeFiles/main.dir/home/pi/pico/pico-sdk/src/rp2_common/pico_stdio/stdio.c.obj
 .text.__wrap_puts
                0x1000686c       0x2e CMakeFiles/main.dir/home/pi/pico/pico-sdk/src/rp2_common/pico_stdio/stdio.c.obj
                0x1000686c                __wrap_puts
 *fill*         0x1000689a        0x2 
 .text.stdio_set_driver_enabled
                0x1000689c       0x7c CMakeFiles/main.dir/home/pi/pico/pico-sdk/src/rp2_common/pico_stdio/stdio.c.obj
                0x1000689c                stdio_set_driver_enabled
 .text.stdio_flush
                0x10006918       0x34 CMakeFiles/main.dir/home/pi/pico/pico-sdk/src/rp2_common/pico_stdio/stdio.c.obj
                0x10006918                stdio_flush
 .text.stdio_stack_buffer_flush
                0x1000694c       0x6c CMakeFiles/main.dir/home/pi/pico/pico-sdk/src/rp2_common/pico_stdio/stdio.c.obj
 .text.stdio_buffered_printer
                0x100069b8       0x3e CMakeFiles/main.dir/home/pi/pico/pico-sdk/src/rp2_common/pico_stdio/stdio.c.obj
 *fill*         0x100069f6        0x2 
 .text.__wrap_vprintf
                0x100069f8       0x64 CMakeFiles/main.dir/home/pi/pico/pico-sdk/src/rp2_common/pico_stdio/stdio.c.obj
                0x100069f8                __wrap_vprintf
 .text.__wrap_printf
                0x10006a5c       0x2e CMakeFiles/main.dir/home/pi/pico/pico-sdk/src/rp2_common/pico_stdio/stdio.c.obj
                0x10006a5c                __wrap_printf
 .text.stdio_init_all
                0x10006a8a       0x12 CMakeFiles/main.dir/home/pi/pico/pico-sdk/src/rp2_common/pico_stdio/stdio.c.obj
                0x10006a8a                stdio_init_all
 .text.uart_get_index
                0x10006a9c       0x24 CMakeFiles/main.dir/home/pi/pico/pico-sdk/src/rp2_common/pico_stdio_uart/stdio_uart.c.obj
 .text.uart_get_hw
                0x10006ac0       0x1a CMakeFiles/main.dir/home/pi/pico/pico-sdk/src/rp2_common/pico_stdio_uart/stdio_uart.c.obj
 .text.uart_is_writable
                0x10006ada       0x26 CMakeFiles/main.dir/home/pi/pico/pico-sdk/src/rp2_common/pico_stdio_uart/stdio_uart.c.obj
 .text.uart_is_readable
                0x10006b00       0x26 CMakeFiles/main.dir/home/pi/pico/pico-sdk/src/rp2_common/pico_stdio_uart/stdio_uart.c.obj
 .text.uart_write_blocking
                0x10006b26       0x54 CMakeFiles/main.dir/home/pi/pico/pico-sdk/src/rp2_common/pico_stdio_uart/stdio_uart.c.obj
 .text.uart_read_blocking
                0x10006b7a       0x54 CMakeFiles/main.dir/home/pi/pico/pico-sdk/src/rp2_common/pico_stdio_uart/stdio_uart.c.obj
 .text.uart_putc_raw
                0x10006bce       0x22 CMakeFiles/main.dir/home/pi/pico/pico-sdk/src/rp2_common/pico_stdio_uart/stdio_uart.c.obj
 .text.uart_putc
                0x10006bf0       0x4c CMakeFiles/main.dir/home/pi/pico/pico-sdk/src/rp2_common/pico_stdio_uart/stdio_uart.c.obj
 .text.uart_getc
                0x10006c3c       0x22 CMakeFiles/main.dir/home/pi/pico/pico-sdk/src/rp2_common/pico_stdio_uart/stdio_uart.c.obj
 *fill*         0x10006c5e        0x2 
 .text.stdio_uart_init
                0x10006c60       0x48 CMakeFiles/main.dir/home/pi/pico/pico-sdk/src/rp2_common/pico_stdio_uart/stdio_uart.c.obj
                0x10006c60                stdio_uart_init
 .text.stdio_uart_init_full
                0x10006ca8       0x5c CMakeFiles/main.dir/home/pi/pico/pico-sdk/src/rp2_common/pico_stdio_uart/stdio_uart.c.obj
                0x10006ca8                stdio_uart_init_full
 .text.stdio_uart_out_chars
                0x10006d04       0x3c CMakeFiles/main.dir/home/pi/pico/pico-sdk/src/rp2_common/pico_stdio_uart/stdio_uart.c.obj
 .text.stdio_uart_in_chars
                0x10006d40       0x5c CMakeFiles/main.dir/home/pi/pico/pico-sdk/src/rp2_common/pico_stdio_uart/stdio_uart.c.obj
                0x10006d40                stdio_uart_in_chars
 .text.reset_usb_boot
                0x10006d9c       0x24 CMakeFiles/main.dir/home/pi/pico/pico-sdk/src/rp2_common/pico_stdio_usb/reset_interface.c.obj
 .text.resetd_init
                0x10006dc0        0xa CMakeFiles/main.dir/home/pi/pico/pico-sdk/src/rp2_common/pico_stdio_usb/reset_interface.c.obj
 *fill*         0x10006dca        0x2 
 .text.resetd_reset
                0x10006dcc       0x20 CMakeFiles/main.dir/home/pi/pico/pico-sdk/src/rp2_common/pico_stdio_usb/reset_interface.c.obj
 .text.resetd_open
                0x10006dec       0x64 CMakeFiles/main.dir/home/pi/pico/pico-sdk/src/rp2_common/pico_stdio_usb/reset_interface.c.obj
 .text.resetd_control_xfer_cb
                0x10006e50       0xb0 CMakeFiles/main.dir/home/pi/pico/pico-sdk/src/rp2_common/pico_stdio_usb/reset_interface.c.obj
 .text.resetd_xfer_cb
                0x10006f00       0x2a CMakeFiles/main.dir/home/pi/pico/pico-sdk/src/rp2_common/pico_stdio_usb/reset_interface.c.obj
 *fill*         0x10006f2a        0x2 
 .text.usbd_app_driver_get_cb
                0x10006f2c       0x1c CMakeFiles/main.dir/home/pi/pico/pico-sdk/src/rp2_common/pico_stdio_usb/reset_interface.c.obj
                0x10006f2c                usbd_app_driver_get_cb
 .text.tud_cdc_line_coding_cb
                0x10006f48       0x44 CMakeFiles/main.dir/home/pi/pico/pico-sdk/src/rp2_common/pico_stdio_usb/reset_interface.c.obj
                0x10006f48                tud_cdc_line_coding_cb
 .text.to_us_since_boot
                0x10006f8c       0x18 CMakeFiles/main.dir/home/pi/pico/pico-sdk/src/rp2_common/pico_stdio_usb/stdio_usb.c.obj
 .text.update_us_since_boot
                0x10006fa4       0x40 CMakeFiles/main.dir/home/pi/pico/pico-sdk/src/rp2_common/pico_stdio_usb/stdio_usb.c.obj
 .text.get_absolute_time
                0x10006fe4       0x30 CMakeFiles/main.dir/home/pi/pico/pico-sdk/src/rp2_common/pico_stdio_usb/stdio_usb.c.obj
 .text.delayed_by_us
                0x10007014       0x76 CMakeFiles/main.dir/home/pi/pico/pico-sdk/src/rp2_common/pico_stdio_usb/stdio_usb.c.obj
 .text.alarm_pool_add_alarm_in_us
                0x1000708a       0x58 CMakeFiles/main.dir/home/pi/pico/pico-sdk/src/rp2_common/pico_stdio_usb/stdio_usb.c.obj
 .text.add_alarm_in_us
                0x100070e2       0x3c CMakeFiles/main.dir/home/pi/pico/pico-sdk/src/rp2_common/pico_stdio_usb/stdio_usb.c.obj
 .text.tud_cdc_connected
                0x1000711e       0x12 CMakeFiles/main.dir/home/pi/pico/pico-sdk/src/rp2_common/pico_stdio_usb/stdio_usb.c.obj
 .text.tud_cdc_available
                0x10007130       0x12 CMakeFiles/main.dir/home/pi/pico/pico-sdk/src/rp2_common/pico_stdio_usb/stdio_usb.c.obj
 .text.tud_cdc_read
                0x10007142       0x20 CMakeFiles/main.dir/home/pi/pico/pico-sdk/src/rp2_common/pico_stdio_usb/stdio_usb.c.obj
 .text.tud_cdc_write
                0x10007162       0x20 CMakeFiles/main.dir/home/pi/pico/pico-sdk/src/rp2_common/pico_stdio_usb/stdio_usb.c.obj
 .text.tud_cdc_write_flush
                0x10007182       0x12 CMakeFiles/main.dir/home/pi/pico/pico-sdk/src/rp2_common/pico_stdio_usb/stdio_usb.c.obj
 .text.tud_cdc_write_available
                0x10007194       0x12 CMakeFiles/main.dir/home/pi/pico/pico-sdk/src/rp2_common/pico_stdio_usb/stdio_usb.c.obj
 *fill*         0x100071a6        0x2 
 .text.low_priority_worker_irq
                0x100071a8       0x28 CMakeFiles/main.dir/home/pi/pico/pico-sdk/src/rp2_common/pico_stdio_usb/stdio_usb.c.obj
 .text.timer_task
                0x100071d0       0x20 CMakeFiles/main.dir/home/pi/pico/pico-sdk/src/rp2_common/pico_stdio_usb/stdio_usb.c.obj
 .text.stdio_usb_out_chars
                0x100071f0      0x114 CMakeFiles/main.dir/home/pi/pico/pico-sdk/src/rp2_common/pico_stdio_usb/stdio_usb.c.obj
 .text.stdio_usb_in_chars
                0x10007304       0x8c CMakeFiles/main.dir/home/pi/pico/pico-sdk/src/rp2_common/pico_stdio_usb/stdio_usb.c.obj
                0x10007304                stdio_usb_in_chars
 .text.stdio_usb_init
                0x10007390       0x78 CMakeFiles/main.dir/home/pi/pico/pico-sdk/src/rp2_common/pico_stdio_usb/stdio_usb.c.obj
                0x10007390                stdio_usb_init
 .text.tud_descriptor_device_cb
                0x10007408       0x10 CMakeFiles/main.dir/home/pi/pico/pico-sdk/src/rp2_common/pico_stdio_usb/stdio_usb_descriptors.c.obj
                0x10007408                tud_descriptor_device_cb
 .text.tud_descriptor_configuration_cb
                0x10007418       0x1c CMakeFiles/main.dir/home/pi/pico/pico-sdk/src/rp2_common/pico_stdio_usb/stdio_usb_descriptors.c.obj
                0x10007418                tud_descriptor_configuration_cb
 .text.tud_descriptor_string_cb
                0x10007434       0xd4 CMakeFiles/main.dir/home/pi/pico/pico-sdk/src/rp2_common/pico_stdio_usb/stdio_usb_descriptors.c.obj
                0x10007434                tud_descriptor_string_cb
 .text.tu_edpt_dir
                0x10007508       0x1c CMakeFiles/main.dir/home/pi/pico/pico-sdk/lib/tinyusb/src/portable/raspberrypi/rp2040/dcd_rp2040.c.obj
 .text.tu_edpt_number
                0x10007524       0x1e CMakeFiles/main.dir/home/pi/pico/pico-sdk/lib/tinyusb/src/portable/raspberrypi/rp2040/dcd_rp2040.c.obj
 .text._hw_endpoint_buffer_control_set_value32
                0x10007542       0x1c CMakeFiles/main.dir/home/pi/pico/pico-sdk/lib/tinyusb/src/portable/raspberrypi/rp2040/dcd_rp2040.c.obj
 .text._hw_endpoint_buffer_control_clear_mask32
                0x1000755e       0x1e CMakeFiles/main.dir/home/pi/pico/pico-sdk/lib/tinyusb/src/portable/raspberrypi/rp2040/dcd_rp2040.c.obj
 .text.hw_data_offset
                0x1000757c       0x1c CMakeFiles/main.dir/home/pi/pico/pico-sdk/lib/tinyusb/src/portable/raspberrypi/rp2040/dcd_rp2040.c.obj
 .text.hw_endpoint_get_by_num
                0x10007598       0x30 CMakeFiles/main.dir/home/pi/pico/pico-sdk/lib/tinyusb/src/portable/raspberrypi/rp2040/dcd_rp2040.c.obj
 .text.hw_endpoint_get_by_addr
                0x100075c8       0x4a CMakeFiles/main.dir/home/pi/pico/pico-sdk/lib/tinyusb/src/portable/raspberrypi/rp2040/dcd_rp2040.c.obj
 *fill*         0x10007612        0x2 
 .text._hw_endpoint_alloc
                0x10007614       0xcc CMakeFiles/main.dir/home/pi/pico/pico-sdk/lib/tinyusb/src/portable/raspberrypi/rp2040/dcd_rp2040.c.obj
 .text.hw_endpoint_init
                0x100076e0      0x11c CMakeFiles/main.dir/home/pi/pico/pico-sdk/lib/tinyusb/src/portable/raspberrypi/rp2040/dcd_rp2040.c.obj
 .text.hw_endpoint_xfer
                0x100077fc       0x3a CMakeFiles/main.dir/home/pi/pico/pico-sdk/lib/tinyusb/src/portable/raspberrypi/rp2040/dcd_rp2040.c.obj
 *fill*         0x10007836        0x2 
 .text.hw_handle_buff_status
                0x10007838       0xbc CMakeFiles/main.dir/home/pi/pico/pico-sdk/lib/tinyusb/src/portable/raspberrypi/rp2040/dcd_rp2040.c.obj
 .text.reset_ep0_pid
                0x100078f4       0x44 CMakeFiles/main.dir/home/pi/pico/pico-sdk/lib/tinyusb/src/portable/raspberrypi/rp2040/dcd_rp2040.c.obj
 .text.reset_non_control_endpoints
                0x10007938       0x6c CMakeFiles/main.dir/home/pi/pico/pico-sdk/lib/tinyusb/src/portable/raspberrypi/rp2040/dcd_rp2040.c.obj
 .text.dcd_rp2040_irq
                0x100079a4      0x100 CMakeFiles/main.dir/home/pi/pico/pico-sdk/lib/tinyusb/src/portable/raspberrypi/rp2040/dcd_rp2040.c.obj
 .text.dcd_init
                0x10007aa4       0xa4 CMakeFiles/main.dir/home/pi/pico/pico-sdk/lib/tinyusb/src/portable/raspberrypi/rp2040/dcd_rp2040.c.obj
                0x10007aa4                dcd_init
 .text.dcd_int_enable
                0x10007b48       0x40 CMakeFiles/main.dir/home/pi/pico/pico-sdk/lib/tinyusb/src/portable/raspberrypi/rp2040/dcd_rp2040.c.obj
                0x10007b48                dcd_int_enable
 .text.dcd_set_address
                0x10007b88       0x48 CMakeFiles/main.dir/home/pi/pico/pico-sdk/lib/tinyusb/src/portable/raspberrypi/rp2040/dcd_rp2040.c.obj
                0x10007b88                dcd_set_address
 .text.dcd_connect
                0x10007bd0       0x20 CMakeFiles/main.dir/home/pi/pico/pico-sdk/lib/tinyusb/src/portable/raspberrypi/rp2040/dcd_rp2040.c.obj
                0x10007bd0                dcd_connect
 .text.dcd_edpt0_status_complete
                0x10007bf0       0x50 CMakeFiles/main.dir/home/pi/pico/pico-sdk/lib/tinyusb/src/portable/raspberrypi/rp2040/dcd_rp2040.c.obj
                0x10007bf0                dcd_edpt0_status_complete
 .text.dcd_edpt_open
                0x10007c40       0x64 CMakeFiles/main.dir/home/pi/pico/pico-sdk/lib/tinyusb/src/portable/raspberrypi/rp2040/dcd_rp2040.c.obj
                0x10007c40                dcd_edpt_open
 .text.dcd_edpt_close_all
                0x10007ca4       0x18 CMakeFiles/main.dir/home/pi/pico/pico-sdk/lib/tinyusb/src/portable/raspberrypi/rp2040/dcd_rp2040.c.obj
                0x10007ca4                dcd_edpt_close_all
 .text.dcd_edpt_xfer
                0x10007cbc       0x60 CMakeFiles/main.dir/home/pi/pico/pico-sdk/lib/tinyusb/src/portable/raspberrypi/rp2040/dcd_rp2040.c.obj
                0x10007cbc                dcd_edpt_xfer
 .text.dcd_edpt_stall
                0x10007d1c       0x64 CMakeFiles/main.dir/home/pi/pico/pico-sdk/lib/tinyusb/src/portable/raspberrypi/rp2040/dcd_rp2040.c.obj
                0x10007d1c                dcd_edpt_stall
 .text.dcd_edpt_clear_stall
                0x10007d80       0x4a CMakeFiles/main.dir/home/pi/pico/pico-sdk/lib/tinyusb/src/portable/raspberrypi/rp2040/dcd_rp2040.c.obj
                0x10007d80                dcd_edpt_clear_stall
 .text.tu_edpt_dir
                0x10007dca       0x1c CMakeFiles/main.dir/home/pi/pico/pico-sdk/lib/tinyusb/src/portable/raspberrypi/rp2040/rp2040_usb.c.obj
 .text.tu_edpt_number
                0x10007de6       0x1e CMakeFiles/main.dir/home/pi/pico/pico-sdk/lib/tinyusb/src/portable/raspberrypi/rp2040/rp2040_usb.c.obj
 .text.reset_block
                0x10007e04       0x28 CMakeFiles/main.dir/home/pi/pico/pico-sdk/lib/tinyusb/src/portable/raspberrypi/rp2040/rp2040_usb.c.obj
 .text.unreset_block_wait
                0x10007e2c       0x34 CMakeFiles/main.dir/home/pi/pico/pico-sdk/lib/tinyusb/src/portable/raspberrypi/rp2040/rp2040_usb.c.obj
 .text._hw_endpoint_buffer_control_get_value32
                0x10007e60       0x16 CMakeFiles/main.dir/home/pi/pico/pico-sdk/lib/tinyusb/src/portable/raspberrypi/rp2040/rp2040_usb.c.obj
 .text._hw_endpoint_buffer_control_set_value32
                0x10007e76       0x1c CMakeFiles/main.dir/home/pi/pico/pico-sdk/lib/tinyusb/src/portable/raspberrypi/rp2040/rp2040_usb.c.obj
 .text._hw_endpoint_lock_update
                0x10007e92       0x12 CMakeFiles/main.dir/home/pi/pico/pico-sdk/lib/tinyusb/src/portable/raspberrypi/rp2040/rp2040_usb.c.obj
 .text.rp2040_usb_init
                0x10007ea4       0x48 CMakeFiles/main.dir/home/pi/pico/pico-sdk/lib/tinyusb/src/portable/raspberrypi/rp2040/rp2040_usb.c.obj
                0x10007ea4                rp2040_usb_init
 .text.hw_endpoint_reset_transfer
                0x10007eec       0x28 CMakeFiles/main.dir/home/pi/pico/pico-sdk/lib/tinyusb/src/portable/raspberrypi/rp2040/rp2040_usb.c.obj
                0x10007eec                hw_endpoint_reset_transfer
 .text._hw_endpoint_buffer_control_update32
                0x10007f14       0xa8 CMakeFiles/main.dir/home/pi/pico/pico-sdk/lib/tinyusb/src/portable/raspberrypi/rp2040/rp2040_usb.c.obj
                0x10007f14                _hw_endpoint_buffer_control_update32
 .text.prepare_ep_buffer
                0x10007fbc       0xea CMakeFiles/main.dir/home/pi/pico/pico-sdk/lib/tinyusb/src/portable/raspberrypi/rp2040/rp2040_usb.c.obj
 *fill*         0x100080a6        0x2 
 .text._hw_endpoint_start_next_buffer
                0x100080a8       0xc8 CMakeFiles/main.dir/home/pi/pico/pico-sdk/lib/tinyusb/src/portable/raspberrypi/rp2040/rp2040_usb.c.obj
 .text.hw_endpoint_xfer_start
                0x10008170       0x60 CMakeFiles/main.dir/home/pi/pico/pico-sdk/lib/tinyusb/src/portable/raspberrypi/rp2040/rp2040_usb.c.obj
                0x10008170                hw_endpoint_xfer_start
 .text.sync_ep_buffer
                0x100081d0       0xf4 CMakeFiles/main.dir/home/pi/pico/pico-sdk/lib/tinyusb/src/portable/raspberrypi/rp2040/rp2040_usb.c.obj
 .text._hw_endpoint_xfer_sync
                0x100082c4       0x52 CMakeFiles/main.dir/home/pi/pico/pico-sdk/lib/tinyusb/src/portable/raspberrypi/rp2040/rp2040_usb.c.obj
 *fill*         0x10008316        0x2 
 .text.hw_endpoint_xfer_continue
                0x10008318       0x84 CMakeFiles/main.dir/home/pi/pico/pico-sdk/lib/tinyusb/src/portable/raspberrypi/rp2040/rp2040_usb.c.obj
                0x10008318                hw_endpoint_xfer_continue
 .text.tu_edpt_dir
                0x1000839c       0x1c CMakeFiles/main.dir/home/pi/pico/pico-sdk/lib/tinyusb/src/device/usbd.c.obj
 .text.tu_edpt_number
                0x100083b8       0x1e CMakeFiles/main.dir/home/pi/pico/pico-sdk/lib/tinyusb/src/device/usbd.c.obj
 .text.tu_desc_next
                0x100083d6       0x1e CMakeFiles/main.dir/home/pi/pico/pico-sdk/lib/tinyusb/src/device/usbd.c.obj
 .text.tu_desc_type
                0x100083f4       0x16 CMakeFiles/main.dir/home/pi/pico/pico-sdk/lib/tinyusb/src/device/usbd.c.obj
 .text.critical_section_enter_blocking
                0x1000840a       0x3e CMakeFiles/main.dir/home/pi/pico/pico-sdk/lib/tinyusb/src/device/usbd.c.obj
 .text.critical_section_exit
                0x10008448       0x34 CMakeFiles/main.dir/home/pi/pico/pico-sdk/lib/tinyusb/src/device/usbd.c.obj
 .text.osal_mutex_create
                0x1000847c       0x1a CMakeFiles/main.dir/home/pi/pico/pico-sdk/lib/tinyusb/src/device/usbd.c.obj
 .text.osal_mutex_lock
                0x10008496       0x20 CMakeFiles/main.dir/home/pi/pico/pico-sdk/lib/tinyusb/src/device/usbd.c.obj
 .text.osal_mutex_unlock
                0x100084b6       0x1a CMakeFiles/main.dir/home/pi/pico/pico-sdk/lib/tinyusb/src/device/usbd.c.obj
 .text._osal_q_lock
                0x100084d0       0x1a CMakeFiles/main.dir/home/pi/pico/pico-sdk/lib/tinyusb/src/device/usbd.c.obj
 .text._osal_q_unlock
                0x100084ea       0x1a CMakeFiles/main.dir/home/pi/pico/pico-sdk/lib/tinyusb/src/device/usbd.c.obj
 .text.osal_queue_create
                0x10008504       0x24 CMakeFiles/main.dir/home/pi/pico/pico-sdk/lib/tinyusb/src/device/usbd.c.obj
 .text.osal_queue_receive
                0x10008528       0x3a CMakeFiles/main.dir/home/pi/pico/pico-sdk/lib/tinyusb/src/device/usbd.c.obj
 .text.osal_queue_send
                0x10008562       0x52 CMakeFiles/main.dir/home/pi/pico/pico-sdk/lib/tinyusb/src/device/usbd.c.obj
 .text.get_driver
                0x100085b4       0x74 CMakeFiles/main.dir/home/pi/pico/pico-sdk/lib/tinyusb/src/device/usbd.c.obj
 .text.tud_mounted
                0x10008628       0x1c CMakeFiles/main.dir/home/pi/pico/pico-sdk/lib/tinyusb/src/device/usbd.c.obj
                0x10008628                tud_mounted
 .text.tud_suspended
                0x10008644       0x20 CMakeFiles/main.dir/home/pi/pico/pico-sdk/lib/tinyusb/src/device/usbd.c.obj
                0x10008644                tud_suspended
 .text.tud_inited
                0x10008664       0x14 CMakeFiles/main.dir/home/pi/pico/pico-sdk/lib/tinyusb/src/device/usbd.c.obj
                0x10008664                tud_inited
 .text.tud_init
                0x10008678       0xf0 CMakeFiles/main.dir/home/pi/pico/pico-sdk/lib/tinyusb/src/device/usbd.c.obj
                0x10008678                tud_init
 .text.configuration_reset
                0x10008768       0x84 CMakeFiles/main.dir/home/pi/pico/pico-sdk/lib/tinyusb/src/device/usbd.c.obj
 .text.usbd_reset
                0x100087ec       0x22 CMakeFiles/main.dir/home/pi/pico/pico-sdk/lib/tinyusb/src/device/usbd.c.obj
 *fill*         0x1000880e        0x2 
 .text.tud_task
                0x10008810      0x2a4 CMakeFiles/main.dir/home/pi/pico/pico-sdk/lib/tinyusb/src/device/usbd.c.obj
                0x10008810                tud_task
 .text.invoke_class_control
                0x10008ab4       0x36 CMakeFiles/main.dir/home/pi/pico/pico-sdk/lib/tinyusb/src/device/usbd.c.obj
 *fill*         0x10008aea        0x2 
 .text.process_control_request
                0x10008aec      0x4e0 CMakeFiles/main.dir/home/pi/pico/pico-sdk/lib/tinyusb/src/device/usbd.c.obj
 .text.process_set_config
                0x10008fcc      0x230 CMakeFiles/main.dir/home/pi/pico/pico-sdk/lib/tinyusb/src/device/usbd.c.obj
 .text.process_get_descriptor
                0x100091fc      0x1cc CMakeFiles/main.dir/home/pi/pico/pico-sdk/lib/tinyusb/src/device/usbd.c.obj
 .text.dcd_event_handler
                0x100093c8      0x128 CMakeFiles/main.dir/home/pi/pico/pico-sdk/lib/tinyusb/src/device/usbd.c.obj
                0x100093c8                dcd_event_handler
 .text.dcd_event_bus_signal
                0x100094f0       0x56 CMakeFiles/main.dir/home/pi/pico/pico-sdk/lib/tinyusb/src/device/usbd.c.obj
                0x100094f0                dcd_event_bus_signal
 .text.dcd_event_bus_reset
                0x10009546       0x5c CMakeFiles/main.dir/home/pi/pico/pico-sdk/lib/tinyusb/src/device/usbd.c.obj
                0x10009546                dcd_event_bus_reset
 .text.dcd_event_setup_received
                0x100095a2       0x5a CMakeFiles/main.dir/home/pi/pico/pico-sdk/lib/tinyusb/src/device/usbd.c.obj
                0x100095a2                dcd_event_setup_received
 .text.dcd_event_xfer_complete
                0x100095fc       0x6e CMakeFiles/main.dir/home/pi/pico/pico-sdk/lib/tinyusb/src/device/usbd.c.obj
                0x100095fc                dcd_event_xfer_complete
 .text.usbd_open_edpt_pair
                0x1000966a       0xb2 CMakeFiles/main.dir/home/pi/pico/pico-sdk/lib/tinyusb/src/device/usbd.c.obj
                0x1000966a                usbd_open_edpt_pair
 .text.usbd_edpt_open
                0x1000971c       0x60 CMakeFiles/main.dir/home/pi/pico/pico-sdk/lib/tinyusb/src/device/usbd.c.obj
                0x1000971c                usbd_edpt_open
 .text.usbd_edpt_claim
                0x1000977c      0x13c CMakeFiles/main.dir/home/pi/pico/pico-sdk/lib/tinyusb/src/device/usbd.c.obj
                0x1000977c                usbd_edpt_claim
 .text.usbd_edpt_release
                0x100098b8       0xec CMakeFiles/main.dir/home/pi/pico/pico-sdk/lib/tinyusb/src/device/usbd.c.obj
                0x100098b8                usbd_edpt_release
 .text.usbd_edpt_xfer
                0x100099a4       0xf0 CMakeFiles/main.dir/home/pi/pico/pico-sdk/lib/tinyusb/src/device/usbd.c.obj
                0x100099a4                usbd_edpt_xfer
 .text.usbd_edpt_stall
                0x10009a94       0xb4 CMakeFiles/main.dir/home/pi/pico/pico-sdk/lib/tinyusb/src/device/usbd.c.obj
                0x10009a94                usbd_edpt_stall
 .text.usbd_edpt_clear_stall
                0x10009b48       0xb0 CMakeFiles/main.dir/home/pi/pico/pico-sdk/lib/tinyusb/src/device/usbd.c.obj
                0x10009b48                usbd_edpt_clear_stall
 .text.usbd_edpt_stalled
                0x10009bf8       0x60 CMakeFiles/main.dir/home/pi/pico/pico-sdk/lib/tinyusb/src/device/usbd.c.obj
                0x10009bf8                usbd_edpt_stalled
 .text.tu_edpt_dir
                0x10009c58       0x1c CMakeFiles/main.dir/home/pi/pico/pico-sdk/lib/tinyusb/src/device/usbd_control.c.obj
 .text._status_stage_xact
                0x10009c74       0x42 CMakeFiles/main.dir/home/pi/pico/pico-sdk/lib/tinyusb/src/device/usbd_control.c.obj
 *fill*         0x10009cb6        0x2 
 .text.tud_control_status
                0x10009cb8       0x4c CMakeFiles/main.dir/home/pi/pico/pico-sdk/lib/tinyusb/src/device/usbd_control.c.obj
                0x10009cb8                tud_control_status
 .text._data_stage_xact
                0x10009d04       0xb0 CMakeFiles/main.dir/home/pi/pico/pico-sdk/lib/tinyusb/src/device/usbd_control.c.obj
 .text.tud_control_xfer
                0x10009db4       0xe0 CMakeFiles/main.dir/home/pi/pico/pico-sdk/lib/tinyusb/src/device/usbd_control.c.obj
                0x10009db4                tud_control_xfer
 .text.usbd_control_reset
                0x10009e94       0x1c CMakeFiles/main.dir/home/pi/pico/pico-sdk/lib/tinyusb/src/device/usbd_control.c.obj
                0x10009e94                usbd_control_reset
 .text.usbd_control_set_complete_callback
                0x10009eb0       0x1c CMakeFiles/main.dir/home/pi/pico/pico-sdk/lib/tinyusb/src/device/usbd_control.c.obj
                0x10009eb0                usbd_control_set_complete_callback
 .text.usbd_control_set_request
                0x10009ecc       0x38 CMakeFiles/main.dir/home/pi/pico/pico-sdk/lib/tinyusb/src/device/usbd_control.c.obj
                0x10009ecc                usbd_control_set_request
 .text.usbd_control_xfer_cb
                0x10009f04      0x16c CMakeFiles/main.dir/home/pi/pico/pico-sdk/lib/tinyusb/src/device/usbd_control.c.obj
                0x10009f04                usbd_control_xfer_cb
 .text.tu_desc_next
                0x1000a070       0x1e CMakeFiles/main.dir/home/pi/pico/pico-sdk/lib/tinyusb/src/class/cdc/cdc_device.c.obj
 .text.tu_desc_type
                0x1000a08e       0x16 CMakeFiles/main.dir/home/pi/pico/pico-sdk/lib/tinyusb/src/class/cdc/cdc_device.c.obj
 .text.tu_desc_len
                0x1000a0a4       0x14 CMakeFiles/main.dir/home/pi/pico/pico-sdk/lib/tinyusb/src/class/cdc/cdc_device.c.obj
 .text.osal_mutex_create
                0x1000a0b8       0x1a CMakeFiles/main.dir/home/pi/pico/pico-sdk/lib/tinyusb/src/class/cdc/cdc_device.c.obj
 .text._prep_out_transaction
                0x1000a0d2       0x9c CMakeFiles/main.dir/home/pi/pico/pico-sdk/lib/tinyusb/src/class/cdc/cdc_device.c.obj
 *fill*         0x1000a16e        0x2 
 .text.tud_cdc_n_connected
                0x1000a170       0x88 CMakeFiles/main.dir/home/pi/pico/pico-sdk/lib/tinyusb/src/class/cdc/cdc_device.c.obj
                0x1000a170                tud_cdc_n_connected
 .text.tud_cdc_n_available
                0x1000a1f8       0x34 CMakeFiles/main.dir/home/pi/pico/pico-sdk/lib/tinyusb/src/class/cdc/cdc_device.c.obj
                0x1000a1f8                tud_cdc_n_available
 .text.tud_cdc_n_read
                0x1000a22c       0x4c CMakeFiles/main.dir/home/pi/pico/pico-sdk/lib/tinyusb/src/class/cdc/cdc_device.c.obj
                0x1000a22c                tud_cdc_n_read
 .text.tud_cdc_n_write
                0x1000a278       0x68 CMakeFiles/main.dir/home/pi/pico/pico-sdk/lib/tinyusb/src/class/cdc/cdc_device.c.obj
                0x1000a278                tud_cdc_n_write
 .text.tud_cdc_n_write_flush
                0x1000a2e0      0x110 CMakeFiles/main.dir/home/pi/pico/pico-sdk/lib/tinyusb/src/class/cdc/cdc_device.c.obj
                0x1000a2e0                tud_cdc_n_write_flush
 .text.tud_cdc_n_write_available
                0x1000a3f0       0x34 CMakeFiles/main.dir/home/pi/pico/pico-sdk/lib/tinyusb/src/class/cdc/cdc_device.c.obj
                0x1000a3f0                tud_cdc_n_write_available
 .text.cdcd_init
                0x1000a424      0x11c CMakeFiles/main.dir/home/pi/pico/pico-sdk/lib/tinyusb/src/class/cdc/cdc_device.c.obj
                0x1000a424                cdcd_init
 .text.cdcd_reset
                0x1000a540       0x74 CMakeFiles/main.dir/home/pi/pico/pico-sdk/lib/tinyusb/src/class/cdc/cdc_device.c.obj
                0x1000a540                cdcd_reset
 .text.cdcd_open
                0x1000a5b4      0x1cc CMakeFiles/main.dir/home/pi/pico/pico-sdk/lib/tinyusb/src/class/cdc/cdc_device.c.obj
                0x1000a5b4                cdcd_open
 .text.cdcd_control_xfer_cb
                0x1000a780      0x234 CMakeFiles/main.dir/home/pi/pico/pico-sdk/lib/tinyusb/src/class/cdc/cdc_device.c.obj
                0x1000a780                cdcd_control_xfer_cb
 .text.cdcd_xfer_cb
                0x1000a9b4      0x1b8 CMakeFiles/main.dir/home/pi/pico/pico-sdk/lib/tinyusb/src/class/cdc/cdc_device.c.obj
                0x1000a9b4                cdcd_xfer_cb
 .text.tu_edpt_dir
                0x1000ab6c       0x1c CMakeFiles/main.dir/home/pi/pico/pico-sdk/lib/tinyusb/src/tusb.c.obj
 .text.tu_edpt_number
                0x1000ab88       0x1e CMakeFiles/main.dir/home/pi/pico/pico-sdk/lib/tinyusb/src/tusb.c.obj
 .text.tu_desc_next
                0x1000aba6       0x1e CMakeFiles/main.dir/home/pi/pico/pico-sdk/lib/tinyusb/src/tusb.c.obj
 .text.tu_desc_type
                0x1000abc4       0x16 CMakeFiles/main.dir/home/pi/pico/pico-sdk/lib/tinyusb/src/tusb.c.obj
 .text.tu_desc_len
                0x1000abda       0x14 CMakeFiles/main.dir/home/pi/pico/pico-sdk/lib/tinyusb/src/tusb.c.obj
 .text.tusb_init
                0x1000abee       0x24 CMakeFiles/main.dir/home/pi/pico/pico-sdk/lib/tinyusb/src/tusb.c.obj
                0x1000abee                tusb_init
 .text.tusb_inited
                0x1000ac12       0x3a CMakeFiles/main.dir/home/pi/pico/pico-sdk/lib/tinyusb/src/tusb.c.obj
                0x1000ac12                tusb_inited
 .text.tu_edpt_validate
                0x1000ac4c       0xd0 CMakeFiles/main.dir/home/pi/pico/pico-sdk/lib/tinyusb/src/tusb.c.obj
                0x1000ac4c                tu_edpt_validate
 .text.tu_edpt_bind_driver
                0x1000ad1c       0x9c CMakeFiles/main.dir/home/pi/pico/pico-sdk/lib/tinyusb/src/tusb.c.obj
                0x1000ad1c                tu_edpt_bind_driver
 .text.osal_mutex_lock
                0x1000adb8       0x20 CMakeFiles/main.dir/home/pi/pico/pico-sdk/lib/tinyusb/src/common/tusb_fifo.c.obj
 .text.osal_mutex_unlock
                0x1000add8       0x1a CMakeFiles/main.dir/home/pi/pico/pico-sdk/lib/tinyusb/src/common/tusb_fifo.c.obj
 .text._ff_lock
                0x1000adf2       0x24 CMakeFiles/main.dir/home/pi/pico/pico-sdk/lib/tinyusb/src/common/tusb_fifo.c.obj
 .text._ff_unlock
                0x1000ae16       0x1e CMakeFiles/main.dir/home/pi/pico/pico-sdk/lib/tinyusb/src/common/tusb_fifo.c.obj
 .text.tu_fifo_config
                0x1000ae34       0xa2 CMakeFiles/main.dir/home/pi/pico/pico-sdk/lib/tinyusb/src/common/tusb_fifo.c.obj
                0x1000ae34                tu_fifo_config
 .text._ff_mod  0x1000aed6       0x3a CMakeFiles/main.dir/home/pi/pico/pico-sdk/lib/tinyusb/src/common/tusb_fifo.c.obj
 .text._ff_push_const_addr
                0x1000af10       0xce CMakeFiles/main.dir/home/pi/pico/pico-sdk/lib/tinyusb/src/common/tusb_fifo.c.obj
 .text._ff_pull_const_addr
                0x1000afde       0x96 CMakeFiles/main.dir/home/pi/pico/pico-sdk/lib/tinyusb/src/common/tusb_fifo.c.obj
 .text._ff_push
                0x1000b074       0x34 CMakeFiles/main.dir/home/pi/pico/pico-sdk/lib/tinyusb/src/common/tusb_fifo.c.obj
 .text._ff_push_n
                0x1000b0a8      0x208 CMakeFiles/main.dir/home/pi/pico/pico-sdk/lib/tinyusb/src/common/tusb_fifo.c.obj
 .text._ff_pull
                0x1000b2b0       0x34 CMakeFiles/main.dir/home/pi/pico/pico-sdk/lib/tinyusb/src/common/tusb_fifo.c.obj
 .text._ff_pull_n
                0x1000b2e4      0x20c CMakeFiles/main.dir/home/pi/pico/pico-sdk/lib/tinyusb/src/common/tusb_fifo.c.obj
 .text.advance_pointer
                0x1000b4f0       0x72 CMakeFiles/main.dir/home/pi/pico/pico-sdk/lib/tinyusb/src/common/tusb_fifo.c.obj
 .text.backward_pointer
                0x1000b562       0x6a CMakeFiles/main.dir/home/pi/pico/pico-sdk/lib/tinyusb/src/common/tusb_fifo.c.obj
 .text.get_relative_pointer
                0x1000b5cc       0x28 CMakeFiles/main.dir/home/pi/pico/pico-sdk/lib/tinyusb/src/common/tusb_fifo.c.obj
 .text._tu_fifo_count
                0x1000b5f4       0x50 CMakeFiles/main.dir/home/pi/pico/pico-sdk/lib/tinyusb/src/common/tusb_fifo.c.obj
 .text._tu_fifo_empty
                0x1000b644       0x2a CMakeFiles/main.dir/home/pi/pico/pico-sdk/lib/tinyusb/src/common/tusb_fifo.c.obj
 .text._tu_fifo_full
                0x1000b66e       0x40 CMakeFiles/main.dir/home/pi/pico/pico-sdk/lib/tinyusb/src/common/tusb_fifo.c.obj
 .text._tu_fifo_correct_read_pointer
                0x1000b6ae       0x2e CMakeFiles/main.dir/home/pi/pico/pico-sdk/lib/tinyusb/src/common/tusb_fifo.c.obj
 .text._tu_fifo_peek
                0x1000b6dc       0x8c CMakeFiles/main.dir/home/pi/pico/pico-sdk/lib/tinyusb/src/common/tusb_fifo.c.obj
 .text._tu_fifo_peek_n
                0x1000b768       0xd0 CMakeFiles/main.dir/home/pi/pico/pico-sdk/lib/tinyusb/src/common/tusb_fifo.c.obj
 .text._tu_fifo_remaining
                0x1000b838       0x3a CMakeFiles/main.dir/home/pi/pico/pico-sdk/lib/tinyusb/src/common/tusb_fifo.c.obj
 .text._tu_fifo_write_n
                0x1000b872      0x128 CMakeFiles/main.dir/home/pi/pico/pico-sdk/lib/tinyusb/src/common/tusb_fifo.c.obj
 .text._tu_fifo_read_n
                0x1000b99a       0x7a CMakeFiles/main.dir/home/pi/pico/pico-sdk/lib/tinyusb/src/common/tusb_fifo.c.obj
 .text.tu_fifo_count
                0x1000ba14       0x4c CMakeFiles/main.dir/home/pi/pico/pico-sdk/lib/tinyusb/src/common/tusb_fifo.c.obj
                0x1000ba14                tu_fifo_count
 .text.tu_fifo_empty
                0x1000ba60       0x26 CMakeFiles/main.dir/home/pi/pico/pico-sdk/lib/tinyusb/src/common/tusb_fifo.c.obj
                0x1000ba60                tu_fifo_empty
 .text.tu_fifo_remaining
                0x1000ba86       0x26 CMakeFiles/main.dir/home/pi/pico/pico-sdk/lib/tinyusb/src/common/tusb_fifo.c.obj
                0x1000ba86                tu_fifo_remaining
 .text.tu_fifo_read
                0x1000baac       0x64 CMakeFiles/main.dir/home/pi/pico/pico-sdk/lib/tinyusb/src/common/tusb_fifo.c.obj
                0x1000baac                tu_fifo_read
 .text.tu_fifo_read_n
                0x1000bb10       0x26 CMakeFiles/main.dir/home/pi/pico/pico-sdk/lib/tinyusb/src/common/tusb_fifo.c.obj
                0x1000bb10                tu_fifo_read_n
 .text.tu_fifo_write
                0x1000bb36       0x96 CMakeFiles/main.dir/home/pi/pico/pico-sdk/lib/tinyusb/src/common/tusb_fifo.c.obj
                0x1000bb36                tu_fifo_write
 .text.tu_fifo_write_n
                0x1000bbcc       0x26 CMakeFiles/main.dir/home/pi/pico/pico-sdk/lib/tinyusb/src/common/tusb_fifo.c.obj
                0x1000bbcc                tu_fifo_write_n
 .text.tu_fifo_clear
                0x1000bbf2       0x64 CMakeFiles/main.dir/home/pi/pico/pico-sdk/lib/tinyusb/src/common/tusb_fifo.c.obj
                0x1000bbf2                tu_fifo_clear
 .text.tu_fifo_set_overwritable
                0x1000bc56       0x48 CMakeFiles/main.dir/home/pi/pico/pico-sdk/lib/tinyusb/src/common/tusb_fifo.c.obj
                0x1000bc56                tu_fifo_set_overwritable
 *fill*         0x1000bc9e        0x2 
 .text._retrieve_unique_id_on_boot
                0x1000bca0       0x18 CMakeFiles/main.dir/home/pi/pico/pico-sdk/src/rp2_common/pico_unique_id/unique_id.c.obj
 .text.pico_get_unique_board_id_string
                0x1000bcb8       0x9c CMakeFiles/main.dir/home/pi/pico/pico-sdk/src/rp2_common/pico_unique_id/unique_id.c.obj
                0x1000bcb8                pico_get_unique_board_id_string
 .text.flash_get_unique_id
                0x1000bd54       0x66 CMakeFiles/main.dir/home/pi/pico/pico-sdk/src/rp2_common/hardware_flash/flash.c.obj
                0x1000bd54                flash_get_unique_id
 *fill*         0x1000bdba        0x2 
 .text.reset_block
                0x1000bdbc       0x28 CMakeFiles/main.dir/home/pi/pico/pico-sdk/src/rp2_common/hardware_spi/spi.c.obj
 .text.unreset_block_wait
                0x1000bde4       0x34 CMakeFiles/main.dir/home/pi/pico/pico-sdk/src/rp2_common/hardware_spi/spi.c.obj
 .text.spi_get_index
                0x1000be18       0x24 CMakeFiles/main.dir/home/pi/pico/pico-sdk/src/rp2_common/hardware_spi/spi.c.obj
 .text.spi_get_hw
                0x1000be3c       0x1a CMakeFiles/main.dir/home/pi/pico/pico-sdk/src/rp2_common/hardware_spi/spi.c.obj
 .text.spi_get_const_hw
                0x1000be56       0x1a CMakeFiles/main.dir/home/pi/pico/pico-sdk/src/rp2_common/hardware_spi/spi.c.obj
 .text.spi_set_format
                0x1000be70       0x64 CMakeFiles/main.dir/home/pi/pico/pico-sdk/src/rp2_common/hardware_spi/spi.c.obj
 .text.spi_is_writable
                0x1000bed4       0x26 CMakeFiles/main.dir/home/pi/pico/pico-sdk/src/rp2_common/hardware_spi/spi.c.obj
 .text.spi_is_readable
                0x1000befa       0x26 CMakeFiles/main.dir/home/pi/pico/pico-sdk/src/rp2_common/hardware_spi/spi.c.obj
 .text.spi_reset
                0x1000bf20       0x2c CMakeFiles/main.dir/home/pi/pico/pico-sdk/src/rp2_common/hardware_spi/spi.c.obj
 .text.spi_unreset
                0x1000bf4c       0x2c CMakeFiles/main.dir/home/pi/pico/pico-sdk/src/rp2_common/hardware_spi/spi.c.obj
 .text.spi_init
                0x1000bf78       0x80 CMakeFiles/main.dir/home/pi/pico/pico-sdk/src/rp2_common/hardware_spi/spi.c.obj
                0x1000bf78                spi_init
 .text.spi_set_baudrate
                0x1000bff8       0xf2 CMakeFiles/main.dir/home/pi/pico/pico-sdk/src/rp2_common/hardware_spi/spi.c.obj
                0x1000bff8                spi_set_baudrate
 *fill*         0x1000c0ea        0x2 
 .text.reset_block
                0x1000c0ec       0x28 CMakeFiles/main.dir/home/pi/pico/pico-sdk/src/rp2_common/hardware_i2c/i2c.c.obj
 .text.unreset_block_wait
                0x1000c114       0x34 CMakeFiles/main.dir/home/pi/pico/pico-sdk/src/rp2_common/hardware_i2c/i2c.c.obj
 .text.i2c_reset
                0x1000c148       0x28 CMakeFiles/main.dir/home/pi/pico/pico-sdk/src/rp2_common/hardware_i2c/i2c.c.obj
 .text.i2c_unreset
                0x1000c170       0x28 CMakeFiles/main.dir/home/pi/pico/pico-sdk/src/rp2_common/hardware_i2c/i2c.c.obj
 .text.i2c_init
                0x1000c198       0x62 CMakeFiles/main.dir/home/pi/pico/pico-sdk/src/rp2_common/hardware_i2c/i2c.c.obj
                0x1000c198                i2c_init
 *fill*         0x1000c1fa        0x2 
 .text.i2c_set_baudrate
                0x1000c1fc      0x150 CMakeFiles/main.dir/home/pi/pico/pico-sdk/src/rp2_common/hardware_i2c/i2c.c.obj
                0x1000c1fc                i2c_set_baudrate
 .text.reset_block
                0x1000c34c       0x28 CMakeFiles/main.dir/home/pi/pico/pico-sdk/src/rp2_common/hardware_rtc/rtc.c.obj
 .text.unreset_block_wait
                0x1000c374       0x34 CMakeFiles/main.dir/home/pi/pico/pico-sdk/src/rp2_common/hardware_rtc/rtc.c.obj
 .text.rtc_running
                0x1000c3a8       0x1c CMakeFiles/main.dir/home/pi/pico/pico-sdk/src/rp2_common/hardware_rtc/rtc.c.obj
                0x1000c3a8                rtc_running
 .text.rtc_init
                0x1000c3c4       0x78 CMakeFiles/main.dir/home/pi/pico/pico-sdk/src/rp2_common/hardware_rtc/rtc.c.obj
                0x1000c3c4                rtc_init
 .text.valid_datetime
                0x1000c43c       0xc0 CMakeFiles/main.dir/home/pi/pico/pico-sdk/src/rp2_common/hardware_rtc/rtc.c.obj
 .text.rtc_set_datetime
                0x1000c4fc       0xa8 CMakeFiles/main.dir/home/pi/pico/pico-sdk/src/rp2_common/hardware_rtc/rtc.c.obj
                0x1000c4fc                rtc_set_datetime
 .text.rtc_get_datetime
                0x1000c5a4       0xa4 CMakeFiles/main.dir/home/pi/pico/pico-sdk/src/rp2_common/hardware_rtc/rtc.c.obj
                0x1000c5a4                rtc_get_datetime
 .text.OLED_2in23_test
                0x1000c648      0x168 examples/libexamples.a(OLED_2in23_test.c.obj)
                0x1000c648                OLED_2in23_test
 .text.OLED_Reset
                0x1000c7b0       0x70 lib/OLED/libOLED.a(OLED_2in23.c.obj)
 .text.OLED_WriteReg
                0x1000c820       0x50 lib/OLED/libOLED.a(OLED_2in23.c.obj)
 .text.OLED_WriteData
                0x1000c870       0x50 lib/OLED/libOLED.a(OLED_2in23.c.obj)
 .text.OLED_InitReg
                0x1000c8c0       0xa0 lib/OLED/libOLED.a(OLED_2in23.c.obj)
 .text.OLED_2in23_Init
                0x1000c960       0x1e lib/OLED/libOLED.a(OLED_2in23.c.obj)
                0x1000c960                OLED_2in23_Init
 *fill*         0x1000c97e        0x2 
 .text.OLED_2in23_refresh_gram
                0x1000c980       0x78 lib/OLED/libOLED.a(OLED_2in23.c.obj)
                0x1000c980                OLED_2in23_refresh_gram
 .text.OLED_2in23_Clear
                0x1000c9f8       0x90 lib/OLED/libOLED.a(OLED_2in23.c.obj)
                0x1000c9f8                OLED_2in23_Clear
 .text.OLED_2in23_draw_point
                0x1000ca88       0xe4 lib/OLED/libOLED.a(OLED_2in23.c.obj)
                0x1000ca88                OLED_2in23_draw_point
 .text.OLED_2in23_draw_bitmap
                0x1000cb6c      0x114 lib/OLED/libOLED.a(OLED_2in23.c.obj)
                0x1000cb6c                OLED_2in23_draw_bitmap
 .text.Paint_NewImage
                0x1000cc80       0xdc lib/GUI/libGUI.a(GUI_Paint.c.obj)
                0x1000cc80                Paint_NewImage
 .text.Paint_SelectImage
                0x1000cd5c       0x1c lib/GUI/libGUI.a(GUI_Paint.c.obj)
                0x1000cd5c                Paint_SelectImage
 .text.Paint_SetPixel
                0x1000cd78      0x344 lib/GUI/libGUI.a(GUI_Paint.c.obj)
                0x1000cd78                Paint_SetPixel
 .text.Paint_Clear
                0x1000d0bc      0x1b4 lib/GUI/libGUI.a(GUI_Paint.c.obj)
                0x1000d0bc                Paint_Clear
 .text.Paint_DrawChar
                0x1000d270      0x1c4 lib/GUI/libGUI.a(GUI_Paint.c.obj)
                0x1000d270                Paint_DrawChar
 .text.Paint_DrawString_EN
                0x1000d434       0xf4 lib/GUI/libGUI.a(GUI_Paint.c.obj)
                0x1000d434                Paint_DrawString_EN
 .text.gpio_pull_up
                0x1000d528       0x1c lib/Config/libConfig.a(DEV_Config.c.obj)
 .text.gpio_set_mask
                0x1000d544       0x18 lib/Config/libConfig.a(DEV_Config.c.obj)
 .text.gpio_clr_mask
                0x1000d55c       0x18 lib/Config/libConfig.a(DEV_Config.c.obj)
 .text.gpio_put
                0x1000d574       0x3a lib/Config/libConfig.a(DEV_Config.c.obj)
 .text.gpio_set_dir_out_masked
                0x1000d5ae       0x18 lib/Config/libConfig.a(DEV_Config.c.obj)
 .text.gpio_set_dir_in_masked
                0x1000d5c6       0x18 lib/Config/libConfig.a(DEV_Config.c.obj)
 .text.gpio_set_dir
                0x1000d5de       0x3a lib/Config/libConfig.a(DEV_Config.c.obj)
 .text.check_slice_num_param
                0x1000d618       0x10 lib/Config/libConfig.a(DEV_Config.c.obj)
 .text.pwm_gpio_to_slice_num
                0x1000d628       0x18 lib/Config/libConfig.a(DEV_Config.c.obj)
 .text.pwm_set_wrap
                0x1000d640       0x38 lib/Config/libConfig.a(DEV_Config.c.obj)
 .text.pwm_set_chan_level
                0x1000d678       0x7c lib/Config/libConfig.a(DEV_Config.c.obj)
 .text.pwm_set_clkdiv_int_frac
                0x1000d6f4       0x4c lib/Config/libConfig.a(DEV_Config.c.obj)
 .text.pwm_set_clkdiv
                0x1000d740       0x68 lib/Config/libConfig.a(DEV_Config.c.obj)
 .text.pwm_set_enabled
                0x1000d7a8       0x5c lib/Config/libConfig.a(DEV_Config.c.obj)
 .text.DEV_Digital_Write
                0x1000d804       0x30 lib/Config/libConfig.a(DEV_Config.c.obj)
                0x1000d804                DEV_Digital_Write
 .text.DEV_SPI_WriteByte
                0x1000d834       0x24 lib/Config/libConfig.a(DEV_Config.c.obj)
                0x1000d834                DEV_SPI_WriteByte
 .text.DEV_GPIO_Mode
                0x1000d858       0x4e lib/Config/libConfig.a(DEV_Config.c.obj)
                0x1000d858                DEV_GPIO_Mode
 .text.DEV_Delay_ms
                0x1000d8a6       0x18 lib/Config/libConfig.a(DEV_Config.c.obj)
                0x1000d8a6                DEV_Delay_ms
 *fill*         0x1000d8be        0x2 
 .text.DEV_GPIO_Init
                0x1000d8c0       0x98 lib/Config/libConfig.a(DEV_Config.c.obj)
                0x1000d8c0                DEV_GPIO_Init
 .text.DEV_Module_Init
                0x1000d958      0x134 lib/Config/libConfig.a(DEV_Config.c.obj)
                0x1000d958                DEV_Module_Init
 .text          0x1000da8c       0x28 /usr/lib/gcc/arm-none-eabi/8.3.1/../../../arm-none-eabi/lib/thumb/v6-m/nofp/libc.a(lib_a-malloc.o)
                0x1000da8c                malloc
                0x1000daa0                free
 .text          0x1000dab4      0x58c /usr/lib/gcc/arm-none-eabi/8.3.1/../../../arm-none-eabi/lib/thumb/v6-m/nofp/libc.a(lib_a-mallocr.o)
                0x1000dab4                _malloc_r
 .text          0x1000e040        0x8 /usr/lib/gcc/arm-none-eabi/8.3.1/../../../arm-none-eabi/lib/thumb/v6-m/nofp/libc.a(lib_a-mlock.o)
                0x1000e040                __malloc_lock
                0x1000e044                __malloc_unlock
 .text          0x1000e048       0x24 /usr/lib/gcc/arm-none-eabi/8.3.1/../../../arm-none-eabi/lib/thumb/v6-m/nofp/libc.a(lib_a-sbrkr.o)
                0x1000e048                _sbrk_r
 .text          0x1000e06c       0x68 /usr/lib/gcc/arm-none-eabi/8.3.1/../../../arm-none-eabi/lib/thumb/v6-m/nofp/libc.a(lib_a-strlen-stub.o)
                0x1000e06c                strlen
 .text          0x1000e0d4      0x27c /usr/lib/gcc/arm-none-eabi/8.3.1/../../../arm-none-eabi/lib/thumb/v6-m/nofp/libc.a(lib_a-freer.o)
                0x1000e0d4                _malloc_trim_r
                0x1000e174                _free_r
 *(.fini)
 .fini          0x1000e350        0x4 /usr/lib/gcc/arm-none-eabi/8.3.1/thumb/v6-m/nofp/crti.o
                0x1000e350                _fini
 *fill*         0x1000e354        0x4 
 .fini.__stub   0x1000e358       0x80 linker stubs
 *crtbegin.o(.ctors)
 *crtbegin?.o(.ctors)
 *(EXCLUDE_FILE(*crtend.o *crtend?.o) .ctors)
 *(SORT_BY_NAME(.ctors.*))
 *(.ctors)
 *crtbegin.o(.dtors)
 *crtbegin?.o(.dtors)
 *(EXCLUDE_FILE(*crtend.o *crtend?.o) .dtors)
 *(SORT_BY_NAME(.dtors.*))
 *(.dtors)
 *(.eh_frame*)
 .eh_frame      0x1000e3d8        0x0 /usr/lib/gcc/arm-none-eabi/8.3.1/thumb/v6-m/nofp/crtbegin.o
                0x1000e3d8                . = ALIGN (0x4)

.glue_7         0x1000e3d8        0x0
 .glue_7        0x1000e3d8        0x0 linker stubs

.glue_7t        0x1000e3d8        0x0
 .glue_7t       0x1000e3d8        0x0 linker stubs

.vfp11_veneer   0x1000e3d8        0x0
 .vfp11_veneer  0x1000e3d8        0x0 linker stubs

.v4_bx          0x1000e3d8        0x0
 .v4_bx         0x1000e3d8        0x0 linker stubs

.iplt           0x1000e3d8        0x0
 .iplt          0x1000e3d8        0x0 /usr/lib/gcc/arm-none-eabi/8.3.1/thumb/v6-m/nofp/crtbegin.o

.rodata         0x1000e3d8     0x1e4c
 *(EXCLUDE_FILE(*libm.a: *libc.a:*lib_a-mem*.o *libgcc.a:) .rodata*)
 .rodata        0x1000e3d8       0x93 CMakeFiles/main.dir/home/pi/pico/pico-sdk/src/rp2_common/hardware_sync/sync.c.obj
 *fill*         0x1000e46b        0x1 
 .rodata        0x1000e46c      0x2e9 CMakeFiles/main.dir/home/pi/pico/pico-sdk/src/common/pico_time/time.c.obj
 *fill*         0x1000e755        0x3 
 .rodata.__func__.6064
                0x1000e758       0x12 CMakeFiles/main.dir/home/pi/pico/pico-sdk/src/common/pico_time/time.c.obj
 *fill*         0x1000e76a        0x2 
 .rodata.__func__.6057
                0x1000e76c        0xc CMakeFiles/main.dir/home/pi/pico/pico-sdk/src/common/pico_time/time.c.obj
 .rodata.__func__.6326
                0x1000e778        0xa CMakeFiles/main.dir/home/pi/pico/pico-sdk/src/common/pico_time/time.c.obj
 *fill*         0x1000e782        0x2 
 .rodata.__func__.6346
                0x1000e784       0x17 CMakeFiles/main.dir/home/pi/pico/pico-sdk/src/common/pico_time/time.c.obj
 *fill*         0x1000e79b        0x1 
 .rodata.__func__.6357
                0x1000e79c       0x15 CMakeFiles/main.dir/home/pi/pico/pico-sdk/src/common/pico_time/time.c.obj
 *fill*         0x1000e7b1        0x3 
 .rodata.__func__.6080
                0x1000e7b4        0xf CMakeFiles/main.dir/home/pi/pico/pico-sdk/src/common/pico_time/time.c.obj
 *fill*         0x1000e7c3        0x1 
 .rodata.__func__.6374
                0x1000e7c4       0x1a CMakeFiles/main.dir/home/pi/pico/pico-sdk/src/common/pico_time/time.c.obj
 *fill*         0x1000e7de        0x2 
 .rodata.__func__.5751
                0x1000e7e0       0x15 CMakeFiles/main.dir/home/pi/pico/pico-sdk/src/common/pico_time/time.c.obj
 *fill*         0x1000e7f5        0x3 
 .rodata.__func__.6102
                0x1000e7f8        0xd CMakeFiles/main.dir/home/pi/pico/pico-sdk/src/common/pico_time/time.c.obj
 *fill*         0x1000e805        0x3 
 .rodata.__func__.6331
                0x1000e808       0x12 CMakeFiles/main.dir/home/pi/pico/pico-sdk/src/common/pico_time/time.c.obj
 *fill*         0x1000e81a        0x2 
 .rodata.__func__.6413
                0x1000e81c       0x18 CMakeFiles/main.dir/home/pi/pico/pico-sdk/src/common/pico_time/time.c.obj
 .rodata        0x1000e834       0xe5 CMakeFiles/main.dir/home/pi/pico/pico-sdk/src/rp2_common/hardware_timer/timer.c.obj
 *fill*         0x1000e919        0x3 
 .rodata.__func__.4609
                0x1000e91c       0x1a CMakeFiles/main.dir/home/pi/pico/pico-sdk/src/rp2_common/hardware_timer/timer.c.obj
 *fill*         0x1000e936        0x2 
 .rodata        0x1000e938       0xe5 CMakeFiles/main.dir/home/pi/pico/pico-sdk/src/common/pico_sync/mutex.c.obj
 *fill*         0x1000ea1d        0x3 
 .rodata.__func__.4243
                0x1000ea20       0x15 CMakeFiles/main.dir/home/pi/pico/pico-sdk/src/common/pico_sync/mutex.c.obj
 *fill*         0x1000ea35        0x3 
 .rodata.__func__.4731
                0x1000ea38       0x18 CMakeFiles/main.dir/home/pi/pico/pico-sdk/src/common/pico_sync/mutex.c.obj
 .rodata.__func__.4750
                0x1000ea50        0xb CMakeFiles/main.dir/home/pi/pico/pico-sdk/src/common/pico_sync/mutex.c.obj
 *fill*         0x1000ea5b        0x1 
 .rodata        0x1000ea5c       0xc9 CMakeFiles/main.dir/home/pi/pico/pico-sdk/src/common/pico_util/datetime.c.obj
 *fill*         0x1000eb25        0x3 
 .rodata        0x1000eb28      0x16b CMakeFiles/main.dir/home/pi/pico/pico-sdk/src/common/pico_util/pheap.c.obj
 *fill*         0x1000ec93        0x1 
 .rodata.__func__.5765
                0x1000ec94       0x12 CMakeFiles/main.dir/home/pi/pico/pico-sdk/src/common/pico_util/pheap.c.obj
 *fill*         0x1000eca6        0x2 
 .rodata.__func__.5758
                0x1000eca8        0xc CMakeFiles/main.dir/home/pi/pico/pico-sdk/src/common/pico_util/pheap.c.obj
 .rodata.__func__.5851
                0x1000ecb4       0x13 CMakeFiles/main.dir/home/pi/pico/pico-sdk/src/common/pico_util/pheap.c.obj
 *fill*         0x1000ecc7        0x1 
 .rodata.__func__.5869
                0x1000ecc8       0x18 CMakeFiles/main.dir/home/pi/pico/pico-sdk/src/common/pico_util/pheap.c.obj
 .rodata        0x1000ece0       0xd4 CMakeFiles/main.dir/home/pi/pico/pico-sdk/src/rp2_common/pico_runtime/runtime.c.obj
 .rodata.__func__.5866
                0x1000edb4        0xd CMakeFiles/main.dir/home/pi/pico/pico-sdk/src/rp2_common/pico_runtime/runtime.c.obj
 *fill*         0x1000edc1        0x3 
 .rodata        0x1000edc4       0xf7 CMakeFiles/main.dir/home/pi/pico/pico-sdk/src/rp2_common/hardware_clocks/clocks.c.obj
 *fill*         0x1000eebb        0x1 
 .rodata.__func__.4738
                0x1000eebc       0x10 CMakeFiles/main.dir/home/pi/pico/pico-sdk/src/rp2_common/hardware_clocks/clocks.c.obj
 .rodata        0x1000eecc      0x1c6 CMakeFiles/main.dir/home/pi/pico/pico-sdk/src/rp2_common/hardware_irq/irq.c.obj
 *fill*         0x1000f092        0x2 
 .rodata.__func__.4783
                0x1000f094       0x1a CMakeFiles/main.dir/home/pi/pico/pico-sdk/src/rp2_common/hardware_irq/irq.c.obj
 *fill*         0x1000f0ae        0x2 
 .rodata.__func__.4797
                0x1000f0b0        0xc CMakeFiles/main.dir/home/pi/pico/pico-sdk/src/rp2_common/hardware_irq/irq.c.obj
 .rodata.__func__.4805
                0x1000f0bc       0x17 CMakeFiles/main.dir/home/pi/pico/pico-sdk/src/rp2_common/hardware_irq/irq.c.obj
 *fill*         0x1000f0d3        0x1 
 .rodata.__func__.4809
                0x1000f0d4        0xf CMakeFiles/main.dir/home/pi/pico/pico-sdk/src/rp2_common/hardware_irq/irq.c.obj
 *fill*         0x1000f0e3        0x1 
 .rodata.__func__.4848
                0x1000f0e4       0x13 CMakeFiles/main.dir/home/pi/pico/pico-sdk/src/rp2_common/hardware_irq/irq.c.obj
 *fill*         0x1000f0f7        0x1 
 .rodata.__func__.4871
                0x1000f0f8       0x1a CMakeFiles/main.dir/home/pi/pico/pico-sdk/src/rp2_common/hardware_irq/irq.c.obj
 *fill*         0x1000f112        0x2 
 .rodata        0x1000f114       0xd7 CMakeFiles/main.dir/home/pi/pico/pico-sdk/src/rp2_common/hardware_pll/pll.c.obj
 *fill*         0x1000f1eb        0x1 
 .rodata.__func__.4458
                0x1000f1ec        0x9 CMakeFiles/main.dir/home/pi/pico/pico-sdk/src/rp2_common/hardware_pll/pll.c.obj
 *fill*         0x1000f1f5        0x3 
 .rodata        0x1000f1f8       0x18 CMakeFiles/main.dir/home/pi/pico/pico-sdk/src/rp2_common/pico_printf/printf.c.obj
 .rodata._vsnprintf
                0x1000f210      0x1e0 CMakeFiles/main.dir/home/pi/pico/pico-sdk/src/rp2_common/pico_printf/printf.c.obj
 .rodata.pow10.5472
                0x1000f3f0       0x50 CMakeFiles/main.dir/home/pi/pico/pico-sdk/src/rp2_common/pico_printf/printf.c.obj
 .rodata        0x1000f440       0xa4 CMakeFiles/main.dir/home/pi/pico/pico-sdk/src/rp2_common/pico_double/double_init_rom.c.obj
 .rodata.__func__.4769
                0x1000f4e4       0x14 CMakeFiles/main.dir/home/pi/pico/pico-sdk/src/rp2_common/pico_double/double_init_rom.c.obj
 .rodata        0x1000f4f8       0x7a CMakeFiles/main.dir/home/pi/pico/pico-sdk/src/rp2_common/pico_float/float_init_rom.c.obj
 *fill*         0x1000f572        0x2 
 .rodata.__func__.4770
                0x1000f574       0x13 CMakeFiles/main.dir/home/pi/pico/pico-sdk/src/rp2_common/pico_float/float_init_rom.c.obj
 *fill*         0x1000f587        0x1 
 .rodata        0x1000f588        0xe CMakeFiles/main.dir/home/pi/pico/pico-sdk/src/rp2_common/pico_malloc/pico_malloc.c.obj
 *fill*         0x1000f596        0x2 
 .rodata        0x1000f598       0x3c CMakeFiles/main.dir/home/pi/pico/pico-sdk/src/rp2_common/pico_standard_link/binary_info.c.obj
 .rodata.__bi_44
                0x1000f5d4        0xc CMakeFiles/main.dir/home/pi/pico/pico-sdk/src/rp2_common/pico_standard_link/binary_info.c.obj