Archive member included to satisfy reference by file (symbol)

examples/libexamples.a(OLED_2in23_test.c.obj)
                              CMakeFiles/main.dir/main.c.obj (OLED_2in23_test)
lib/OLED/libOLED.a(OLED_2in23.c.obj)
                              examples/libexamples.a(OLED_2in23_test.c.obj) (OLED_2in23_Init)
lib/GUI/libGUI.a(GUI_Paint.c.obj)
                              examples/libexamples.a(OLED_2in23_test.c.obj) (Paint_NewImage)
lib/Fonts/libFonts.a(font12.c.obj)
                              examples/libexamples.a(OLED_2in23_test.c.obj) (Font12)
lib/Config/libConfig.a(DEV_Config.c.obj)
                              lib/OLED/libOLED.a(OLED_2in23.c.obj) (DEV_Digital_Write)
/usr/lib/gcc/arm-none-eabi/8.3.1/thumb/v6-m/nofp/libgcc.a(_dvmd_tls.o)
                              CMakeFiles/main.dir/home/crypt/pico/pico-sdk/src/rp2_common/pico_divider/divider.S.obj (__aeabi_idiv0)
/usr/lib/gcc/arm-none-eabi/8.3.1/../../../arm-none-eabi/lib/thumb/v6-m/nofp/libc.a(lib_a-atexit.o)
                              /usr/lib/gcc/arm-none-eabi/8.3.1/../../../arm-none-eabi/lib/thumb/v6-m/nofp/crt0.o (atexit)
/usr/lib/gcc/arm-none-eabi/8.3.1/../../../arm-none-eabi/lib/thumb/v6-m/nofp/libc.a(lib_a-calloc.o)
                              CMakeFiles/main.dir/home/crypt/pico/pico-sdk/src/rp2_common/pico_malloc/pico_malloc.c.obj (calloc)
/usr/lib/gcc/arm-none-eabi/8.3.1/../../../arm-none-eabi/lib/thumb/v6-m/nofp/libc.a(lib_a-callocr.o)
                              /usr/lib/gcc/arm-none-eabi/8.3.1/../../../arm-none-eabi/lib/thumb/v6-m/nofp/libc.a(lib_a-calloc.o) (_calloc_r)
/usr/lib/gcc/arm-none-eabi/8.3.1/../../../arm-none-eabi/lib/thumb/v6-m/nofp/libc.a(lib_a-fini.o)
                              /usr/lib/gcc/arm-none-eabi/8.3.1/../../../arm-none-eabi/lib/thumb/v6-m/nofp/crt0.o (__libc_fini_array)
/usr/lib/gcc/arm-none-eabi/8.3.1/../../../arm-none-eabi/lib/thumb/v6-m/nofp/libc.a(lib_a-impure.o)
                              /usr/lib/gcc/arm-none-eabi/8.3.1/../../../arm-none-eabi/lib/thumb/v6-m/nofp/libc.a(lib_a-calloc.o) (_impure_ptr)
/usr/lib/gcc/arm-none-eabi/8.3.1/../../../arm-none-eabi/lib/thumb/v6-m/nofp/libc.a(lib_a-init.o)
                              /usr/lib/gcc/arm-none-eabi/8.3.1/../../../arm-none-eabi/lib/thumb/v6-m/nofp/crt0.o (__libc_init_array)
/usr/lib/gcc/arm-none-eabi/8.3.1/../../../arm-none-eabi/lib/thumb/v6-m/nofp/libc.a(lib_a-malloc.o)
                              CMakeFiles/main.dir/home/crypt/pico/pico-sdk/src/rp2_common/pico_malloc/pico_malloc.c.obj (malloc)
/usr/lib/gcc/arm-none-eabi/8.3.1/../../../arm-none-eabi/lib/thumb/v6-m/nofp/libc.a(lib_a-mallocr.o)
                              /usr/lib/gcc/arm-none-eabi/8.3.1/../../../arm-none-eabi/lib/thumb/v6-m/nofp/libc.a(lib_a-callocr.o) (_malloc_r)
/usr/lib/gcc/arm-none-eabi/8.3.1/../../../arm-none-eabi/lib/thumb/v6-m/nofp/libc.a(lib_a-mlock.o)
                              /usr/lib/gcc/arm-none-eabi/8.3.1/../../../arm-none-eabi/lib/thumb/v6-m/nofp/libc.a(lib_a-mallocr.o) (__malloc_lock)
/usr/lib/gcc/arm-none-eabi/8.3.1/../../../arm-none-eabi/lib/thumb/v6-m/nofp/libc.a(lib_a-sbrkr.o)
                              /usr/lib/gcc/arm-none-eabi/8.3.1/../../../arm-none-eabi/lib/thumb/v6-m/nofp/libc.a(lib_a-mallocr.o) (_sbrk_r)
/usr/lib/gcc/arm-none-eabi/8.3.1/../../../arm-none-eabi/lib/thumb/v6-m/nofp/libc.a(lib_a-strlen-stub.o)
                              CMakeFiles/main.dir/home/crypt/pico/pico-sdk/src/rp2_common/pico_stdio/stdio.c.obj (strlen)
/usr/lib/gcc/arm-none-eabi/8.3.1/../../../arm-none-eabi/lib/thumb/v6-m/nofp/libc.a(lib_a-__atexit.o)
                              /usr/lib/gcc/arm-none-eabi/8.3.1/../../../arm-none-eabi/lib/thumb/v6-m/nofp/libc.a(lib_a-atexit.o) (__register_exitproc)
/usr/lib/gcc/arm-none-eabi/8.3.1/../../../arm-none-eabi/lib/thumb/v6-m/nofp/libc.a(lib_a-freer.o)
                              /usr/lib/gcc/arm-none-eabi/8.3.1/../../../arm-none-eabi/lib/thumb/v6-m/nofp/libc.a(lib_a-malloc.o) (_free_r)
/usr/lib/gcc/arm-none-eabi/8.3.1/../../../arm-none-eabi/lib/thumb/v6-m/nofp/libc.a(lib_a-reent.o)
                              /usr/lib/gcc/arm-none-eabi/8.3.1/../../../arm-none-eabi/lib/thumb/v6-m/nofp/libc.a(lib_a-sbrkr.o) (errno)

Allocating common symbols
Common symbol       size              file

sf_table            0x100             CMakeFiles/main.dir/home/crypt/pico/pico-sdk/src/rp2_common/pico_float/float_init_rom.c.obj
errno               0x4               /usr/lib/gcc/arm-none-eabi/8.3.1/../../../arm-none-eabi/lib/thumb/v6-m/nofp/libc.a(lib_a-reent.o)
EPD_SDA_PIN         0x4               lib/Config/libConfig.a(DEV_Config.c.obj)
EPD_SCL_PIN         0x4               lib/Config/libConfig.a(DEV_Config.c.obj)
_usbd_qdef_buf      0xc0              CMakeFiles/main.dir/home/crypt/pico/pico-sdk/lib/tinyusb/src/device/usbd.c.obj
Paint               0x18              lib/GUI/libGUI.a(GUI_Paint.c.obj)
slice_num           0x4               lib/Config/libConfig.a(DEV_Config.c.obj)
[...]
Memory Configuration

Name             Origin             Length             Attributes
FLASH            0x0000000010000000 0x0000000000200000 xr
RAM              0x0000000020000000 0x0000000000040000 xrw
SCRATCH_X        0x0000000020040000 0x0000000000001000 xrw
SCRATCH_Y        0x0000000020041000 0x0000000000001000 xrw
*default*        0x0000000000000000 0xffffffffffffffff

Linker script and memory map

LOAD /usr/lib/gcc/arm-none-eabi/8.3.1/thumb/v6-m/nofp/crti.o
LOAD /usr/lib/gcc/arm-none-eabi/8.3.1/thumb/v6-m/nofp/crtbegin.o
LOAD /usr/lib/gcc/arm-none-eabi/8.3.1/../../../arm-none-eabi/lib/thumb/v6-m/nofp/crt0.o

.flash_begin    0x0000000010000000        0x0
                0x0000000010000000                __flash_binary_start = .

.boot2          0x0000000010000000      0x100
                0x0000000010000000                __boot2_start__ = .
 *(.boot2)
 .boot2         0x0000000010000000      0x100 /tmp/ccAWhrLF.o
                0x0000000010000100                __boot2_end__ = .
                0x0000000000000001                ASSERT (((__boot2_end__ - __boot2_start__) == 0x100), ERROR: Pico second stage bootloader must be 256 bytes in size)

.text           0x0000000010000100     0x8b10
                0x0000000010000100                __logical_binary_start = .
 *(.vectors)
 .vectors       0x0000000010000100       0xd4 CMakeFiles/main.dir/home/crypt/pico/pico-sdk/src/rp2_common/pico_standard_link/crt0.S.obj
                0x0000000010000100                __vectors
                0x0000000010000100                __VECTOR_TABLE
                0x00000000100001c0                isr_invalid
                0x00000000100001c0                __default_isrs_start
                0x00000000100001c2                isr_nmi
                0x00000000100001c4                isr_hardfault
                0x00000000100001c6                isr_svcall
                0x00000000100001c8                isr_pendsv
                0x00000000100001ca                isr_systick
                0x00000000100001cc                isr_irq30
                0x00000000100001cc                __unhandled_user_irq
                0x00000000100001cc                isr_irq13
                0x00000000100001cc                isr_irq27
                0x00000000100001cc                isr_irq31
                0x00000000100001cc                isr_irq5
                0x00000000100001cc                isr_irq11
                0x00000000100001cc                isr_irq23
                0x00000000100001cc                isr_irq18
                0x00000000100001cc                isr_irq28
                0x00000000100001cc                isr_irq19
                0x00000000100001cc                isr_irq0
                0x00000000100001cc                isr_irq6
                0x00000000100001cc                isr_irq22
                0x00000000100001cc                isr_irq17
                0x00000000100001cc                isr_irq14
                0x00000000100001cc                isr_irq2
                0x00000000100001cc                isr_irq10
                0x00000000100001cc                isr_irq8
                0x00000000100001cc                isr_irq24
                0x00000000100001cc                isr_irq1
                0x00000000100001cc                isr_irq7
                0x00000000100001cc                isr_irq21
                0x00000000100001cc                isr_irq20
                0x00000000100001cc                isr_irq15
                0x00000000100001cc                isr_irq25
                0x00000000100001cc                isr_irq4
                0x00000000100001cc                isr_irq16
                0x00000000100001cc                isr_irq29
                0x00000000100001cc                isr_irq26
                0x00000000100001cc                __default_isrs_end
                0x00000000100001cc                isr_irq3
                0x00000000100001cc                isr_irq12
                0x00000000100001cc                isr_irq9
                0x00000000100001d2                unhandled_user_irq_num_in_r0
 *(.binary_info_header)
 .binary_info_header
                0x00000000100001d4       0x14 CMakeFiles/main.dir/home/crypt/pico/pico-sdk/src/rp2_common/pico_standard_link/crt0.S.obj
                0x00000000100001e8                __binary_info_header_end = .
 *(.reset)
 .reset         0x00000000100001e8       0xa8 CMakeFiles/main.dir/home/crypt/pico/pico-sdk/src/rp2_common/pico_standard_link/crt0.S.obj
                0x00000000100001e8                _entry_point
                0x0000000010000266                __get_current_exception
 .reset         0x0000000010000290       0x30 CMakeFiles/main.dir/home/crypt/pico/pico-sdk/src/rp2_common/pico_standard_link/binary_info.c.obj
 *(.init)
 .init          0x00000000100002c0        0x4 /usr/lib/gcc/arm-none-eabi/8.3.1/thumb/v6-m/nofp/crti.o
                0x00000000100002c0                _init
 *(EXCLUDE_FILE(*libm.a: *libc.a:*lib_a-mem*.o *libgcc.a:) .text*)
 .text          0x00000000100002c4       0x98 /usr/lib/gcc/arm-none-eabi/8.3.1/thumb/v6-m/nofp/crtbegin.o
 .text.startup.main
                0x000000001000035c        0xc CMakeFiles/main.dir/main.c.obj
                0x000000001000035c                main
 .text.gpio_set_function
                0x0000000010000368       0x30 CMakeFiles/main.dir/home/crypt/pico/pico-sdk/src/rp2_common/hardware_gpio/gpio.c.obj
                0x0000000010000368                gpio_set_function
 .text.gpio_set_pulls
                0x0000000010000398       0x30 CMakeFiles/main.dir/home/crypt/pico/pico-sdk/src/rp2_common/hardware_gpio/gpio.c.obj
                0x0000000010000398                gpio_set_pulls
 .text.gpio_init
                0x00000000100003c8       0x3c CMakeFiles/main.dir/home/crypt/pico/pico-sdk/src/rp2_common/hardware_gpio/gpio.c.obj
                0x00000000100003c8                gpio_init
 .text.hw_claim_or_assert
                0x0000000010000404       0x44 CMakeFiles/main.dir/home/crypt/pico/pico-sdk/src/rp2_common/hardware_claim/claim.c.obj
                0x0000000010000404                hw_claim_or_assert
 .text.hw_claim_unused_from_range
                0x0000000010000448       0x9c CMakeFiles/main.dir/home/crypt/pico/pico-sdk/src/rp2_common/hardware_claim/claim.c.obj
                0x0000000010000448                hw_claim_unused_from_range
 .text.running_on_fpga
                0x00000000100004e4       0x10 CMakeFiles/main.dir/home/crypt/pico/pico-sdk/src/rp2_common/pico_platform/platform.c.obj
                0x00000000100004e4                running_on_fpga
 .text.spin_locks_reset
                0x00000000100004f4       0x1c CMakeFiles/main.dir/home/crypt/pico/pico-sdk/src/rp2_common/hardware_sync/sync.c.obj
                0x00000000100004f4                spin_locks_reset
 .text.next_striped_spin_lock_num
                0x0000000010000510       0x18 CMakeFiles/main.dir/home/crypt/pico/pico-sdk/src/rp2_common/hardware_sync/sync.c.obj
                0x0000000010000510                next_striped_spin_lock_num
 .text.spin_lock_claim_unused
                0x0000000010000528       0x20 CMakeFiles/main.dir/home/crypt/pico/pico-sdk/src/rp2_common/hardware_sync/sync.c.obj
                0x0000000010000528                spin_lock_claim_unused
 .text.uart_init
                0x0000000010000548       0xe4 CMakeFiles/main.dir/home/crypt/pico/pico-sdk/src/rp2_common/hardware_uart/uart.c.obj
                0x0000000010000548                uart_init
 .text.timer_pool_entry_comparator
                0x000000001000062c       0x34 CMakeFiles/main.dir/home/crypt/pico/pico-sdk/src/common/pico_time/time.c.obj
                0x000000001000062c                timer_pool_entry_comparator
 .text.sleep_until_callback
                0x0000000010000660       0x30 CMakeFiles/main.dir/home/crypt/pico/pico-sdk/src/common/pico_time/time.c.obj
 .text.add_alarm_under_lock
                0x0000000010000690      0x114 CMakeFiles/main.dir/home/crypt/pico/pico-sdk/src/common/pico_time/time.c.obj
 .text.alarm_pool_alarm_callback
                0x00000000100007a4      0x1d0 CMakeFiles/main.dir/home/crypt/pico/pico-sdk/src/common/pico_time/time.c.obj
 .text.alarm_pool_init_default
                0x0000000010000974       0x64 CMakeFiles/main.dir/home/crypt/pico/pico-sdk/src/common/pico_time/time.c.obj
                0x0000000010000974                alarm_pool_init_default
 .text.alarm_pool_get_default
                0x00000000100009d8        0x8 CMakeFiles/main.dir/home/crypt/pico/pico-sdk/src/common/pico_time/time.c.obj
                0x00000000100009d8                alarm_pool_get_default
 .text.alarm_pool_add_alarm_at
                0x00000000100009e0      0x19c CMakeFiles/main.dir/home/crypt/pico/pico-sdk/src/common/pico_time/time.c.obj
                0x00000000100009e0                alarm_pool_add_alarm_at
 .text.alarm_pool_cancel_alarm
                0x0000000010000b7c       0x70 CMakeFiles/main.dir/home/crypt/pico/pico-sdk/src/common/pico_time/time.c.obj
                0x0000000010000b7c                alarm_pool_cancel_alarm
 .text.sleep_until
                0x0000000010000bec       0xc4 CMakeFiles/main.dir/home/crypt/pico/pico-sdk/src/common/pico_time/time.c.obj
                0x0000000010000bec                sleep_until
 .text.sleep_ms
                0x0000000010000cb0       0x38 CMakeFiles/main.dir/home/crypt/pico/pico-sdk/src/common/pico_time/time.c.obj
                0x0000000010000cb0                sleep_ms
 .text.best_effort_wfe_or_timeout
                0x0000000010000ce8       0x58 CMakeFiles/main.dir/home/crypt/pico/pico-sdk/src/common/pico_time/time.c.obj
                0x0000000010000ce8                best_effort_wfe_or_timeout
 .text.hardware_alarm_irq_handler
                0x0000000010000d40       0xb0 CMakeFiles/main.dir/home/crypt/pico/pico-sdk/src/rp2_common/hardware_timer/timer.c.obj
 .text.hardware_alarm_claim
                0x0000000010000df0       0x18 CMakeFiles/main.dir/home/crypt/pico/pico-sdk/src/rp2_common/hardware_timer/timer.c.obj
                0x0000000010000df0                hardware_alarm_claim
 .text.time_us_64
                0x0000000010000e08       0x18 CMakeFiles/main.dir/home/crypt/pico/pico-sdk/src/rp2_common/hardware_timer/timer.c.obj
                0x0000000010000e08                time_us_64
 .text.busy_wait_until
                0x0000000010000e20       0x20 CMakeFiles/main.dir/home/crypt/pico/pico-sdk/src/rp2_common/hardware_timer/timer.c.obj
                0x0000000010000e20                busy_wait_until
 .text.hardware_alarm_set_callback
                0x0000000010000e40       0x8c CMakeFiles/main.dir/home/crypt/pico/pico-sdk/src/rp2_common/hardware_timer/timer.c.obj
                0x0000000010000e40                hardware_alarm_set_callback
 .text.hardware_alarm_set_target
                0x0000000010000ecc       0xe8 CMakeFiles/main.dir/home/crypt/pico/pico-sdk/src/rp2_common/hardware_timer/timer.c.obj
                0x0000000010000ecc                hardware_alarm_set_target
 .text.hardware_alarm_cancel
                0x0000000010000fb4       0x40 CMakeFiles/main.dir/home/crypt/pico/pico-sdk/src/rp2_common/hardware_timer/timer.c.obj
                0x0000000010000fb4                hardware_alarm_cancel
 .text.lock_init
                0x0000000010000ff4       0x10 CMakeFiles/main.dir/home/crypt/pico/pico-sdk/src/common/pico_sync/lock_core.c.obj
                0x0000000010000ff4                lock_init
 .text.mutex_init
                0x0000000010001004       0x1c CMakeFiles/main.dir/home/crypt/pico/pico-sdk/src/common/pico_sync/mutex.c.obj
                0x0000000010001004                mutex_init
 .text.recursive_mutex_init
                0x0000000010001020       0x1c CMakeFiles/main.dir/home/crypt/pico/pico-sdk/src/common/pico_sync/mutex.c.obj
                0x0000000010001020                recursive_mutex_init
 .text.critical_section_init
                0x000000001000103c       0x20 CMakeFiles/main.dir/home/crypt/pico/pico-sdk/src/common/pico_sync/critical_section.c.obj
                0x000000001000103c                critical_section_init
 .text.datetime_to_str
                0x000000001000105c       0x50 CMakeFiles/main.dir/home/crypt/pico/pico-sdk/src/common/pico_util/datetime.c.obj
                0x000000001000105c                datetime_to_str
 .text.ph_merge_nodes
                0x00000000100010ac       0x5c CMakeFiles/main.dir/home/crypt/pico/pico-sdk/src/common/pico_util/pheap.c.obj
 .text.ph_post_alloc_init
                0x0000000010001108      0x1b8 CMakeFiles/main.dir/home/crypt/pico/pico-sdk/src/common/pico_util/pheap.c.obj
                0x0000000010001108                ph_post_alloc_init
 .text.ph_merge_two_pass
                0x00000000100012c0       0x4c CMakeFiles/main.dir/home/crypt/pico/pico-sdk/src/common/pico_util/pheap.c.obj
                0x00000000100012c0                ph_merge_two_pass
 .text.ph_remove_any_head
                0x000000001000130c      0x1b8 CMakeFiles/main.dir/home/crypt/pico/pico-sdk/src/common/pico_util/pheap.c.obj
 .text.ph_remove_head
                0x00000000100014c4      0x1bc CMakeFiles/main.dir/home/crypt/pico/pico-sdk/src/common/pico_util/pheap.c.obj
                0x00000000100014c4                ph_remove_head
 .text.ph_remove_and_free_node
                0x0000000010001680       0x7c CMakeFiles/main.dir/home/crypt/pico/pico-sdk/src/common/pico_util/pheap.c.obj
                0x0000000010001680                ph_remove_and_free_node
 .text.runtime_init
                0x00000000100016fc       0xf4 CMakeFiles/main.dir/home/crypt/pico/pico-sdk/src/rp2_common/pico_runtime/runtime.c.obj
                0x00000000100016fc                runtime_init
 .text._sbrk    0x00000000100017f0       0x34 CMakeFiles/main.dir/home/crypt/pico/pico-sdk/src/rp2_common/pico_runtime/runtime.c.obj
                0x00000000100017f0                _sbrk
 .text.exit     0x0000000010001824        0x4 CMakeFiles/main.dir/home/crypt/pico/pico-sdk/src/rp2_common/pico_runtime/runtime.c.obj
                0x0000000010001824                exit
 .text.panic    0x0000000010001828       0x30 CMakeFiles/main.dir/home/crypt/pico/pico-sdk/src/rp2_common/pico_runtime/runtime.c.obj
                0x0000000010001828                panic
 .text.hard_assertion_failure
                0x0000000010001858        0xc CMakeFiles/main.dir/home/crypt/pico/pico-sdk/src/rp2_common/pico_runtime/runtime.c.obj
                0x0000000010001858                hard_assertion_failure
 .text.clocks_init
                0x0000000010001864      0x2c0 CMakeFiles/main.dir/home/crypt/pico/pico-sdk/src/rp2_common/hardware_clocks/clocks.c.obj
                0x0000000010001864                clocks_init
 .text.clock_get_hz
                0x0000000010001b24        0xc CMakeFiles/main.dir/home/crypt/pico/pico-sdk/src/rp2_common/hardware_clocks/clocks.c.obj
                0x0000000010001b24                clock_get_hz
 .text.irq_set_enabled
                0x0000000010001b30       0x24 CMakeFiles/main.dir/home/crypt/pico/pico-sdk/src/rp2_common/hardware_irq/irq.c.obj
                0x0000000010001b30                irq_set_enabled
 .text.irq_set_pending
                0x0000000010001b54       0x10 CMakeFiles/main.dir/home/crypt/pico/pico-sdk/src/rp2_common/hardware_irq/irq.c.obj
                0x0000000010001b54                irq_set_pending
 .text.irq_get_vtable_handler
                0x0000000010001b64       0x10 CMakeFiles/main.dir/home/crypt/pico/pico-sdk/src/rp2_common/hardware_irq/irq.c.obj
                0x0000000010001b64                irq_get_vtable_handler
 .text.irq_set_exclusive_handler
                0x0000000010001b74       0x54 CMakeFiles/main.dir/home/crypt/pico/pico-sdk/src/rp2_common/hardware_irq/irq.c.obj
                0x0000000010001b74                irq_set_exclusive_handler
 .text.irq_remove_handler
                0x0000000010001bc8      0x1bc CMakeFiles/main.dir/home/crypt/pico/pico-sdk/src/rp2_common/hardware_irq/irq.c.obj
                0x0000000010001bc8                irq_remove_handler
 .text.irq_add_tail_to_free_list
                0x0000000010001d84       0xb4 CMakeFiles/main.dir/home/crypt/pico/pico-sdk/src/rp2_common/hardware_irq/irq.c.obj
                0x0000000010001d84                irq_add_tail_to_free_list
 .text.irq_init_priorities
                0x0000000010001e38       0x24 CMakeFiles/main.dir/home/crypt/pico/pico-sdk/src/rp2_common/hardware_irq/irq.c.obj
                0x0000000010001e38                irq_init_priorities
 .text.pll_init
                0x0000000010001e5c       0xa4 CMakeFiles/main.dir/home/crypt/pico/pico-sdk/src/rp2_common/hardware_pll/pll.c.obj
                0x0000000010001e5c                pll_init
 .text.watchdog_start_tick
                0x0000000010001f00       0x10 CMakeFiles/main.dir/home/crypt/pico/pico-sdk/src/rp2_common/hardware_watchdog/watchdog.c.obj
                0x0000000010001f00                watchdog_start_tick
 .text.watchdog_reboot
                0x0000000010001f10       0x98 CMakeFiles/main.dir/home/crypt/pico/pico-sdk/src/rp2_common/hardware_watchdog/watchdog.c.obj
                0x0000000010001f10                watchdog_reboot
 .text.xosc_init
                0x0000000010001fa8       0x28 CMakeFiles/main.dir/home/crypt/pico/pico-sdk/src/rp2_common/hardware_xosc/xosc.c.obj
                0x0000000010001fa8                xosc_init
 .text._out_buffer
                0x0000000010001fd0        0x8 CMakeFiles/main.dir/home/crypt/pico/pico-sdk/src/rp2_common/pico_printf/printf.c.obj
 .text._out_null
                0x0000000010001fd8        0x4 CMakeFiles/main.dir/home/crypt/pico/pico-sdk/src/rp2_common/pico_printf/printf.c.obj
 .text._out_rev
                0x0000000010001fdc       0x9c CMakeFiles/main.dir/home/crypt/pico/pico-sdk/src/rp2_common/pico_printf/printf.c.obj
 .text._ntoa_format
                0x0000000010002078      0x1c8 CMakeFiles/main.dir/home/crypt/pico/pico-sdk/src/rp2_common/pico_printf/printf.c.obj
 .text._out_char
                0x0000000010002240       0x10 CMakeFiles/main.dir/home/crypt/pico/pico-sdk/src/rp2_common/pico_printf/printf.c.obj
 .text._etoa    0x0000000010002250      0x45c CMakeFiles/main.dir/home/crypt/pico/pico-sdk/src/rp2_common/pico_printf/printf.c.obj
 .text._ftoa    0x00000000100026ac      0x4c0 CMakeFiles/main.dir/home/crypt/pico/pico-sdk/src/rp2_common/pico_printf/printf.c.obj
 .text._vsnprintf
                0x0000000010002b6c      0xad0 CMakeFiles/main.dir/home/crypt/pico/pico-sdk/src/rp2_common/pico_printf/printf.c.obj
 .text.__wrap_snprintf
                0x000000001000363c       0x28 CMakeFiles/main.dir/home/crypt/pico/pico-sdk/src/rp2_common/pico_printf/printf.c.obj
                0x000000001000363c                __wrap_snprintf
 .text.weak_raw_vprintf
                0x0000000010003664       0x30 CMakeFiles/main.dir/home/crypt/pico/pico-sdk/src/rp2_common/pico_printf/printf.c.obj
                0x0000000010003664                weak_raw_vprintf
 .text          0x0000000010003694       0x10 CMakeFiles/main.dir/home/crypt/pico/pico-sdk/src/rp2_common/pico_bit_ops/bit_ops_aeabi.S.obj
 .text.rom_func_lookup
                0x00000000100036a4       0x10 CMakeFiles/main.dir/home/crypt/pico/pico-sdk/src/rp2_common/pico_bootrom/bootrom.c.obj
                0x00000000100036a4                rom_func_lookup
 .text.rom_data_lookup
                0x00000000100036b4       0x10 CMakeFiles/main.dir/home/crypt/pico/pico-sdk/src/rp2_common/pico_bootrom/bootrom.c.obj
                0x00000000100036b4                rom_data_lookup
 .text.rom_funcs_lookup
                0x00000000100036c4       0x3c CMakeFiles/main.dir/home/crypt/pico/pico-sdk/src/rp2_common/pico_bootrom/bootrom.c.obj
                0x00000000100036c4                rom_funcs_lookup
 .text.__wrap___aeabi_idiv
                0x0000000010003700       0x50 CMakeFiles/main.dir/home/crypt/pico/pico-sdk/src/rp2_common/pico_divider/divider.S.obj
                0x0000000010003700                __wrap___aeabi_idivmod
                0x0000000010003700                divmod_s32s32
                0x0000000010003700                div_s32s32
                0x0000000010003700                __wrap___aeabi_idiv
                0x0000000010003708                divmod_s32s32_unsafe
                0x0000000010003734                divmod_s32s32_savestate
 .text.__wrap___aeabi_uidiv
                0x0000000010003750       0x4c CMakeFiles/main.dir/home/crypt/pico/pico-sdk/src/rp2_common/pico_divider/divider.S.obj
                0x0000000010003750                __wrap___aeabi_uidiv
                0x0000000010003750                __wrap___aeabi_uidivmod
                0x0000000010003750                div_u32u32
                0x0000000010003750                divmod_u32u32
                0x0000000010003758                divmod_u32u32_unsafe
                0x0000000010003780                divmod_u32u32_savestate
 .text.__wrap___aeabi_ldiv
                0x000000001000379c      0x434 CMakeFiles/main.dir/home/crypt/pico/pico-sdk/src/rp2_common/pico_divider/divider.S.obj
                0x000000001000379c                div_s64s64
                0x000000001000379c                divmod_s64s64
                0x000000001000379c                __wrap___aeabi_ldivmod
                0x00000000100037d4                div_u64u64
                0x00000000100037d4                divmod_u64u64
                0x00000000100037d4                __wrap___aeabi_uldivmod
                0x00000000100037e4                divmod_u64u64_savestate
                0x000000001000380c                divmod_s64s64_unsafe
                0x0000000010003894                divmod_u64u64_unsafe
 .text.__wrap___aeabi_darithmetic
                0x0000000010003bd0       0x80 CMakeFiles/main.dir/home/crypt/pico/pico-sdk/src/rp2_common/pico_double/double_aeabi.S.obj
                0x0000000010003bd0                __wrap___aeabi_drsub
                0x0000000010003bd6                __wrap___aeabi_dsub
                0x0000000010003be8                __wrap___aeabi_dadd
                0x0000000010003bfa                __wrap___aeabi_ddiv
                0x0000000010003c36                __wrap___aeabi_dmul
 .text.__wrap___aeabi_cdcmple
                0x0000000010003c50       0x6c CMakeFiles/main.dir/home/crypt/pico/pico-sdk/src/rp2_common/pico_double/double_aeabi.S.obj
                0x0000000010003c50                __wrap___aeabi_cdrcmple
                0x0000000010003c60                __wrap___aeabi_cdcmple
                0x0000000010003c60                __wrap___aeabi_cdcmpeq
 .text.__wrap___aeabi_dcmplt
                0x0000000010003cbc        0xc CMakeFiles/main.dir/home/crypt/pico/pico-sdk/src/rp2_common/pico_double/double_aeabi.S.obj
                0x0000000010003cbc                __wrap___aeabi_dcmplt
 .text.__wrap___aeabi_dcmpge
                0x0000000010003cc8       0x10 CMakeFiles/main.dir/home/crypt/pico/pico-sdk/src/rp2_common/pico_double/double_aeabi.S.obj
                0x0000000010003cc8                __wrap___aeabi_dcmpge
 .text.__wrap___aeabi_dcmpgt
                0x0000000010003cd8        0xa CMakeFiles/main.dir/home/crypt/pico/pico-sdk/src/rp2_common/pico_double/double_aeabi.S.obj
                0x0000000010003cd8                __wrap___aeabi_dcmpgt
 .text.__wrap___aeabi_dcmpun
                0x0000000010003ce2       0x1c CMakeFiles/main.dir/home/crypt/pico/pico-sdk/src/rp2_common/pico_double/double_aeabi.S.obj
                0x0000000010003ce2                __wrap___aeabi_dcmpun
 *fill*         0x0000000010003cfe        0x2 
 .text.__wrap___aeabi_i2d
                0x0000000010003d00       0x38 CMakeFiles/main.dir/home/crypt/pico/pico-sdk/src/rp2_common/pico_double/double_aeabi.S.obj
                0x0000000010003d00                __wrap___aeabi_ui2d
                0x0000000010003d08                __wrap___aeabi_i2d
 .text.__wrap___aeabi_d2iz
                0x0000000010003d38       0x48 CMakeFiles/main.dir/home/crypt/pico/pico-sdk/src/rp2_common/pico_double/double_aeabi.S.obj
                0x0000000010003d38                __wrap___aeabi_d2iz
                0x0000000010003d38                double2int_z
 .text.__wrap___aeabi_d2uiz
                0x0000000010003d80       0x18 CMakeFiles/main.dir/home/crypt/pico/pico-sdk/src/rp2_common/pico_double/double_aeabi.S.obj
                0x0000000010003d80                double2uint
                0x0000000010003d80                __wrap___aeabi_d2uiz
 .text.__aeabi_double_init
                0x0000000010003d98       0xbc CMakeFiles/main.dir/home/crypt/pico/pico-sdk/src/rp2_common/pico_double/double_init_rom.c.obj
                0x0000000010003d98                __aeabi_double_init
 .text.double_table_shim_on_use_helper
                0x0000000010003e54       0x2c CMakeFiles/main.dir/home/crypt/pico/pico-sdk/src/rp2_common/pico_double/double_v1_rom_shim.S.obj
                0x0000000010003e54                double_table_shim_on_use_helper
 .text.__wrap___aeabi_dsub
                0x0000000010003e80       0x10 CMakeFiles/main.dir/home/crypt/pico/pico-sdk/src/rp2_common/pico_double/double_v1_rom_shim.S.obj
                0x0000000010003e80                drsub_shim
                0x0000000010003e86                dsub_shim
 .text.dadd_shim
                0x0000000010003e90      0x15c CMakeFiles/main.dir/home/crypt/pico/pico-sdk/src/rp2_common/pico_double/double_v1_rom_shim.S.obj
                0x0000000010003e90                dadd_shim
 .text.dmul_shim
                0x0000000010003fec      0x15c CMakeFiles/main.dir/home/crypt/pico/pico-sdk/src/rp2_common/pico_double/double_v1_rom_shim.S.obj
                0x0000000010003fec                dmul_shim
 .text.ddiv_shim
                0x0000000010004148      0x1b0 CMakeFiles/main.dir/home/crypt/pico/pico-sdk/src/rp2_common/pico_double/double_v1_rom_shim.S.obj
                0x0000000010004148                ddiv_shim
 .text.double2uint_shim
                0x00000000100042f8        0xe CMakeFiles/main.dir/home/crypt/pico/pico-sdk/src/rp2_common/pico_double/double_v1_rom_shim.S.obj
                0x00000000100042f8                double2uint_shim
                0x00000000100042fa                double2ufix_shim
 *fill*         0x0000000010004306        0x2 
 .text.double2uint64_shim
                0x0000000010004308       0x70 CMakeFiles/main.dir/home/crypt/pico/pico-sdk/src/rp2_common/pico_double/double_v1_rom_shim.S.obj
                0x0000000010004308                double2uint64_shim
                0x000000001000430a                double2ufix64_shim
                0x000000001000432a                d2fix_a
 .text.dunpacks
                0x0000000010004378       0x3c CMakeFiles/main.dir/home/crypt/pico/pico-sdk/src/rp2_common/pico_double/double_v1_rom_shim.S.obj
                0x0000000010004378                dunpacks
 .text.__aeabi_lmul
                0x00000000100043b4       0x32 CMakeFiles/main.dir/home/crypt/pico/pico-sdk/src/rp2_common/pico_int64_ops/pico_int64_ops_aeabi.S.obj
                0x00000000100043b4                __wrap___aeabi_lmul
 *fill*         0x00000000100043e6        0x2 
 .text.__aeabi_float_init
                0x00000000100043e8       0x68 CMakeFiles/main.dir/home/crypt/pico/pico-sdk/src/rp2_common/pico_float/float_init_rom.c.obj
                0x00000000100043e8                __aeabi_float_init
 .text.float_table_shim_on_use_helper
                0x0000000010004450       0x2c CMakeFiles/main.dir/home/crypt/pico/pico-sdk/src/rp2_common/pico_float/float_v1_rom_shim.S.obj
                0x0000000010004450                float_table_shim_on_use_helper
 .text.__wrap_malloc
                0x000000001000447c       0x24 CMakeFiles/main.dir/home/crypt/pico/pico-sdk/src/rp2_common/pico_malloc/pico_malloc.c.obj
                0x000000001000447c                __wrap_malloc
 .text          0x00000000100044a0       0x10 CMakeFiles/main.dir/home/crypt/pico/pico-sdk/src/rp2_common/pico_mem_ops/mem_ops_aeabi.S.obj
                0x00000000100044a0                __aeabi_mem_init
 .text.memset   0x00000000100044b0        0xc CMakeFiles/main.dir/home/crypt/pico/pico-sdk/src/rp2_common/pico_mem_ops/mem_ops_aeabi.S.obj
                0x00000000100044b0                __wrap_memset
 .text.memcpy   0x00000000100044bc        0xc CMakeFiles/main.dir/home/crypt/pico/pico-sdk/src/rp2_common/pico_mem_ops/mem_ops_aeabi.S.obj
                0x00000000100044bc                __wrap___aeabi_memcpy
                0x00000000100044bc                __wrap_memcpy
 .text.stdio_out_chars_no_crlf
                0x00000000100044c8       0x10 CMakeFiles/main.dir/home/crypt/pico/pico-sdk/src/rp2_common/pico_stdio/stdio.c.obj
 .text.stdio_out_chars_crlf
                0x00000000100044d8       0xac CMakeFiles/main.dir/home/crypt/pico/pico-sdk/src/rp2_common/pico_stdio/stdio.c.obj
 .text.stdio_put_string
                0x0000000010004584       0xf8 CMakeFiles/main.dir/home/crypt/pico/pico-sdk/src/rp2_common/pico_stdio/stdio.c.obj
 .text.__wrap_putchar
                0x000000001000467c       0xa4 CMakeFiles/main.dir/home/crypt/pico/pico-sdk/src/rp2_common/pico_stdio/stdio.c.obj
                0x000000001000467c                __wrap_putchar
 .text.__wrap_puts
                0x0000000010004720       0x3c CMakeFiles/main.dir/home/crypt/pico/pico-sdk/src/rp2_common/pico_stdio/stdio.c.obj
                0x0000000010004720                __wrap_puts
 .text.stdio_set_driver_enabled
                0x000000001000475c       0x3c CMakeFiles/main.dir/home/crypt/pico/pico-sdk/src/rp2_common/pico_stdio/stdio.c.obj
                0x000000001000475c                stdio_set_driver_enabled
 .text.stdio_init_all
                0x0000000010004798        0xc CMakeFiles/main.dir/home/crypt/pico/pico-sdk/src/rp2_common/pico_stdio/stdio.c.obj
                0x0000000010004798                stdio_init_all
 .text.stdio_uart_out_chars
                0x00000000100047a4       0x4c CMakeFiles/main.dir/home/crypt/pico/pico-sdk/src/rp2_common/pico_stdio_uart/stdio_uart.c.obj
 .text.stdio_uart_in_chars
                0x00000000100047f0       0x3c CMakeFiles/main.dir/home/crypt/pico/pico-sdk/src/rp2_common/pico_stdio_uart/stdio_uart.c.obj
                0x00000000100047f0                stdio_uart_in_chars
 .text.stdio_uart_init
                0x000000001000482c       0x48 CMakeFiles/main.dir/home/crypt/pico/pico-sdk/src/rp2_common/pico_stdio_uart/stdio_uart.c.obj
                0x000000001000482c                stdio_uart_init
 .text.resetd_init
                0x0000000010004874        0x4 CMakeFiles/main.dir/home/crypt/pico/pico-sdk/src/rp2_common/pico_stdio_usb/reset_interface.c.obj
 .text.resetd_reset
                0x0000000010004878        0xc CMakeFiles/main.dir/home/crypt/pico/pico-sdk/src/rp2_common/pico_stdio_usb/reset_interface.c.obj
 .text.resetd_open
                0x0000000010004884       0x28 CMakeFiles/main.dir/home/crypt/pico/pico-sdk/src/rp2_common/pico_stdio_usb/reset_interface.c.obj
 .text.resetd_xfer_cb
                0x00000000100048ac        0x4 CMakeFiles/main.dir/home/crypt/pico/pico-sdk/src/rp2_common/pico_stdio_usb/reset_interface.c.obj
 .text.resetd_control_xfer_cb
                0x00000000100048b0       0x64 CMakeFiles/main.dir/home/crypt/pico/pico-sdk/src/rp2_common/pico_stdio_usb/reset_interface.c.obj
 .text.usbd_app_driver_get_cb
                0x0000000010004914        0xc CMakeFiles/main.dir/home/crypt/pico/pico-sdk/src/rp2_common/pico_stdio_usb/reset_interface.c.obj
                0x0000000010004914                usbd_app_driver_get_cb
 .text.tud_cdc_line_coding_cb
                0x0000000010004920       0x34 CMakeFiles/main.dir/home/crypt/pico/pico-sdk/src/rp2_common/pico_stdio_usb/reset_interface.c.obj
                0x0000000010004920                tud_cdc_line_coding_cb
 .text.stdio_usb_in_chars
                0x0000000010004954       0x68 CMakeFiles/main.dir/home/crypt/pico/pico-sdk/src/rp2_common/pico_stdio_usb/stdio_usb.c.obj
                0x0000000010004954                stdio_usb_in_chars
 .text.stdio_usb_out_chars
                0x00000000100049bc       0xf0 CMakeFiles/main.dir/home/crypt/pico/pico-sdk/src/rp2_common/pico_stdio_usb/stdio_usb.c.obj
 .text.timer_task
                0x0000000010004aac       0x10 CMakeFiles/main.dir/home/crypt/pico/pico-sdk/src/rp2_common/pico_stdio_usb/stdio_usb.c.obj
 .text.low_priority_worker_irq
                0x0000000010004abc       0x24 CMakeFiles/main.dir/home/crypt/pico/pico-sdk/src/rp2_common/pico_stdio_usb/stdio_usb.c.obj
 .text.stdio_usb_init
                0x0000000010004ae0       0x8c CMakeFiles/main.dir/home/crypt/pico/pico-sdk/src/rp2_common/pico_stdio_usb/stdio_usb.c.obj
                0x0000000010004ae0                stdio_usb_init
 .text.tud_descriptor_device_cb
                0x0000000010004b6c        0x8 CMakeFiles/main.dir/home/crypt/pico/pico-sdk/src/rp2_common/pico_stdio_usb/stdio_usb_descriptors.c.obj
                0x0000000010004b6c                tud_descriptor_device_cb
 .text.tud_descriptor_configuration_cb
                0x0000000010004b74        0x8 CMakeFiles/main.dir/home/crypt/pico/pico-sdk/src/rp2_common/pico_stdio_usb/stdio_usb_descriptors.c.obj
                0x0000000010004b74                tud_descriptor_configuration_cb
 .text.tud_descriptor_string_cb
                0x0000000010004b7c       0x70 CMakeFiles/main.dir/home/crypt/pico/pico-sdk/src/rp2_common/pico_stdio_usb/stdio_usb_descriptors.c.obj
                0x0000000010004b7c                tud_descriptor_string_cb
 .text.dcd_rp2040_irq
                0x0000000010004bec      0x21c CMakeFiles/main.dir/home/crypt/pico/pico-sdk/lib/tinyusb/src/portable/raspberrypi/rp2040/dcd_rp2040.c.obj
 .text.dcd_int_enable
                0x0000000010004e08        0xc CMakeFiles/main.dir/home/crypt/pico/pico-sdk/lib/tinyusb/src/portable/raspberrypi/rp2040/dcd_rp2040.c.obj
                0x0000000010004e08                dcd_int_enable
 .text.dcd_set_address
                0x0000000010004e14       0x14 CMakeFiles/main.dir/home/crypt/pico/pico-sdk/lib/tinyusb/src/portable/raspberrypi/rp2040/dcd_rp2040.c.obj
                0x0000000010004e14                dcd_set_address
 .text.dcd_connect
                0x0000000010004e28       0x10 CMakeFiles/main.dir/home/crypt/pico/pico-sdk/lib/tinyusb/src/portable/raspberrypi/rp2040/dcd_rp2040.c.obj
                0x0000000010004e28                dcd_connect
 .text.dcd_init
                0x0000000010004e38      0x144 CMakeFiles/main.dir/home/crypt/pico/pico-sdk/lib/tinyusb/src/portable/raspberrypi/rp2040/dcd_rp2040.c.obj
                0x0000000010004e38                dcd_init
 .text.dcd_edpt0_status_complete
                0x0000000010004f7c       0x1c CMakeFiles/main.dir/home/crypt/pico/pico-sdk/lib/tinyusb/src/portable/raspberrypi/rp2040/dcd_rp2040.c.obj
                0x0000000010004f7c                dcd_edpt0_status_complete
 .text.dcd_edpt_open
                0x0000000010004f98       0xe4 CMakeFiles/main.dir/home/crypt/pico/pico-sdk/lib/tinyusb/src/portable/raspberrypi/rp2040/dcd_rp2040.c.obj
                0x0000000010004f98                dcd_edpt_open
 .text.dcd_edpt_close_all
                0x000000001000507c       0xbc CMakeFiles/main.dir/home/crypt/pico/pico-sdk/lib/tinyusb/src/portable/raspberrypi/rp2040/dcd_rp2040.c.obj
                0x000000001000507c                dcd_edpt_close_all
 .text.dcd_edpt_xfer
                0x0000000010005138       0x24 CMakeFiles/main.dir/home/crypt/pico/pico-sdk/lib/tinyusb/src/portable/raspberrypi/rp2040/dcd_rp2040.c.obj
                0x0000000010005138                dcd_edpt_xfer
 .text.dcd_edpt_stall
                0x000000001000515c       0x34 CMakeFiles/main.dir/home/crypt/pico/pico-sdk/lib/tinyusb/src/portable/raspberrypi/rp2040/dcd_rp2040.c.obj
                0x000000001000515c                dcd_edpt_stall
 .text.dcd_edpt_clear_stall
                0x0000000010005190       0x2c CMakeFiles/main.dir/home/crypt/pico/pico-sdk/lib/tinyusb/src/portable/raspberrypi/rp2040/dcd_rp2040.c.obj
                0x0000000010005190                dcd_edpt_clear_stall
 .text._hw_endpoint_buffer_control_update32.part.2
                0x00000000100051bc       0x20 CMakeFiles/main.dir/home/crypt/pico/pico-sdk/lib/tinyusb/src/portable/raspberrypi/rp2040/rp2040_usb.c.obj
 .text.rp2040_usb_init
                0x00000000100051dc       0x4c CMakeFiles/main.dir/home/crypt/pico/pico-sdk/lib/tinyusb/src/portable/raspberrypi/rp2040/rp2040_usb.c.obj
                0x00000000100051dc                rp2040_usb_init
 .text.hw_endpoint_reset_transfer
                0x0000000010005228        0xc CMakeFiles/main.dir/home/crypt/pico/pico-sdk/lib/tinyusb/src/portable/raspberrypi/rp2040/rp2040_usb.c.obj
                0x0000000010005228                hw_endpoint_reset_transfer
 .text._hw_endpoint_buffer_control_update32
                0x0000000010005234       0x40 CMakeFiles/main.dir/home/crypt/pico/pico-sdk/lib/tinyusb/src/portable/raspberrypi/rp2040/rp2040_usb.c.obj
                0x0000000010005234                _hw_endpoint_buffer_control_update32
 .text.hw_endpoint_xfer_start
                0x0000000010005274      0x138 CMakeFiles/main.dir/home/crypt/pico/pico-sdk/lib/tinyusb/src/portable/raspberrypi/rp2040/rp2040_usb.c.obj
                0x0000000010005274                hw_endpoint_xfer_start
 .text.hw_endpoint_xfer_continue
                0x00000000100053ac      0x1e0 CMakeFiles/main.dir/home/crypt/pico/pico-sdk/lib/tinyusb/src/portable/raspberrypi/rp2040/rp2040_usb.c.obj
                0x00000000100053ac                hw_endpoint_xfer_continue
 .text.tud_mounted
                0x000000001000558c       0x10 CMakeFiles/main.dir/home/crypt/pico/pico-sdk/lib/tinyusb/src/device/usbd.c.obj
                0x000000001000558c                tud_mounted
 .text.tud_suspended
                0x000000001000559c       0x10 CMakeFiles/main.dir/home/crypt/pico/pico-sdk/lib/tinyusb/src/device/usbd.c.obj
                0x000000001000559c                tud_suspended
 .text.tud_inited
                0x00000000100055ac        0xc CMakeFiles/main.dir/home/crypt/pico/pico-sdk/lib/tinyusb/src/device/usbd.c.obj
                0x00000000100055ac                tud_inited
 .text.tud_init
                0x00000000100055b8       0xd4 CMakeFiles/main.dir/home/crypt/pico/pico-sdk/lib/tinyusb/src/device/usbd.c.obj
                0x00000000100055b8                tud_init
 .text.tud_task
                0x000000001000568c      0x928 CMakeFiles/main.dir/home/crypt/pico/pico-sdk/lib/tinyusb/src/device/usbd.c.obj
                0x000000001000568c                tud_task
 .text.dcd_event_bus_signal
                0x0000000010005fb4      0x124 CMakeFiles/main.dir/home/crypt/pico/pico-sdk/lib/tinyusb/src/device/usbd.c.obj
                0x0000000010005fb4                dcd_event_bus_signal
 .text.dcd_event_bus_reset
                0x00000000100060d8       0x58 CMakeFiles/main.dir/home/crypt/pico/pico-sdk/lib/tinyusb/src/device/usbd.c.obj
                0x00000000100060d8                dcd_event_bus_reset
 .text.dcd_event_setup_received
                0x0000000010006130       0x50 CMakeFiles/main.dir/home/crypt/pico/pico-sdk/lib/tinyusb/src/device/usbd.c.obj
                0x0000000010006130                dcd_event_setup_received
 .text.dcd_event_xfer_complete
                0x0000000010006180       0x68 CMakeFiles/main.dir/home/crypt/pico/pico-sdk/lib/tinyusb/src/device/usbd.c.obj
                0x0000000010006180                dcd_event_xfer_complete
 .text.usbd_open_edpt_pair
                0x00000000100061e8       0x9c CMakeFiles/main.dir/home/crypt/pico/pico-sdk/lib/tinyusb/src/device/usbd.c.obj
                0x00000000100061e8                usbd_open_edpt_pair
 .text.usbd_edpt_open
                0x0000000010006284       0x30 CMakeFiles/main.dir/home/crypt/pico/pico-sdk/lib/tinyusb/src/device/usbd.c.obj
                0x0000000010006284                usbd_edpt_open
 .text.usbd_edpt_claim
                0x00000000100062b4       0x60 CMakeFiles/main.dir/home/crypt/pico/pico-sdk/lib/tinyusb/src/device/usbd.c.obj
                0x00000000100062b4                usbd_edpt_claim
 .text.usbd_edpt_release
                0x0000000010006314       0x4c CMakeFiles/main.dir/home/crypt/pico/pico-sdk/lib/tinyusb/src/device/usbd.c.obj
                0x0000000010006314                usbd_edpt_release
 .text.usbd_edpt_xfer
                0x0000000010006360       0x48 CMakeFiles/main.dir/home/crypt/pico/pico-sdk/lib/tinyusb/src/device/usbd.c.obj
                0x0000000010006360                usbd_edpt_xfer
 .text.tud_control_status
                0x00000000100063a8       0x30 CMakeFiles/main.dir/home/crypt/pico/pico-sdk/lib/tinyusb/src/device/usbd_control.c.obj
                0x00000000100063a8                tud_control_status
 .text.tud_control_xfer
                0x00000000100063d8       0xb4 CMakeFiles/main.dir/home/crypt/pico/pico-sdk/lib/tinyusb/src/device/usbd_control.c.obj
                0x00000000100063d8                tud_control_xfer
 .text.usbd_control_reset
                0x000000001000648c       0x14 CMakeFiles/main.dir/home/crypt/pico/pico-sdk/lib/tinyusb/src/device/usbd_control.c.obj
                0x000000001000648c                usbd_control_reset
 .text.usbd_control_set_complete_callback
                0x00000000100064a0        0xc CMakeFiles/main.dir/home/crypt/pico/pico-sdk/lib/tinyusb/src/device/usbd_control.c.obj
                0x00000000100064a0                usbd_control_set_complete_callback
 .text.usbd_control_set_request
                0x00000000100064ac       0x1c CMakeFiles/main.dir/home/crypt/pico/pico-sdk/lib/tinyusb/src/device/usbd_control.c.obj
                0x00000000100064ac                usbd_control_set_request
 .text.usbd_control_xfer_cb
                0x00000000100064c8       0xfc CMakeFiles/main.dir/home/crypt/pico/pico-sdk/lib/tinyusb/src/device/usbd_control.c.obj
                0x00000000100064c8                usbd_control_xfer_cb
 .text.tud_cdc_n_connected
                0x00000000100065c4       0x30 CMakeFiles/main.dir/home/crypt/pico/pico-sdk/lib/tinyusb/src/class/cdc/cdc_device.c.obj
                0x00000000100065c4                tud_cdc_n_connected
 .text.tud_cdc_n_available
                0x00000000100065f4       0x18 CMakeFiles/main.dir/home/crypt/pico/pico-sdk/lib/tinyusb/src/class/cdc/cdc_device.c.obj
                0x00000000100065f4                tud_cdc_n_available
 .text.tud_cdc_n_read
                0x000000001000660c       0x70 CMakeFiles/main.dir/home/crypt/pico/pico-sdk/lib/tinyusb/src/class/cdc/cdc_device.c.obj
                0x000000001000660c                tud_cdc_n_read
 .text.tud_cdc_n_write_flush
                0x000000001000667c       0x78 CMakeFiles/main.dir/home/crypt/pico/pico-sdk/lib/tinyusb/src/class/cdc/cdc_device.c.obj
                0x000000001000667c                tud_cdc_n_write_flush
 .text.tud_cdc_n_write
                0x00000000100066f4       0x34 CMakeFiles/main.dir/home/crypt/pico/pico-sdk/lib/tinyusb/src/class/cdc/cdc_device.c.obj
                0x00000000100066f4                tud_cdc_n_write
 .text.tud_cdc_n_write_available
                0x0000000010006728       0x18 CMakeFiles/main.dir/home/crypt/pico/pico-sdk/lib/tinyusb/src/class/cdc/cdc_device.c.obj
                0x0000000010006728                tud_cdc_n_write_available
 .text.cdcd_init
                0x0000000010006740       0x7c CMakeFiles/main.dir/home/crypt/pico/pico-sdk/lib/tinyusb/src/class/cdc/cdc_device.c.obj
                0x0000000010006740                cdcd_init
 .text.cdcd_reset
                0x00000000100067bc       0x2c CMakeFiles/main.dir/home/crypt/pico/pico-sdk/lib/tinyusb/src/class/cdc/cdc_device.c.obj
                0x00000000100067bc                cdcd_reset
 .text.cdcd_open
                0x00000000100067e8       0xe4 CMakeFiles/main.dir/home/crypt/pico/pico-sdk/lib/tinyusb/src/class/cdc/cdc_device.c.obj
                0x00000000100067e8                cdcd_open
 .text.cdcd_control_xfer_cb
                0x00000000100068cc       0xdc CMakeFiles/main.dir/home/crypt/pico/pico-sdk/lib/tinyusb/src/class/cdc/cdc_device.c.obj
                0x00000000100068cc                cdcd_control_xfer_cb
 .text.cdcd_xfer_cb
                0x00000000100069a8      0x19c CMakeFiles/main.dir/home/crypt/pico/pico-sdk/lib/tinyusb/src/class/cdc/cdc_device.c.obj
                0x00000000100069a8                cdcd_xfer_cb
 .text.tusb_init
                0x0000000010006b44        0xc CMakeFiles/main.dir/home/crypt/pico/pico-sdk/lib/tinyusb/src/tusb.c.obj
                0x0000000010006b44                tusb_init
 .text.tusb_inited
                0x0000000010006b50        0x8 CMakeFiles/main.dir/home/crypt/pico/pico-sdk/lib/tinyusb/src/tusb.c.obj
                0x0000000010006b50                tusb_inited
 .text.tu_edpt_validate
                0x0000000010006b58       0x74 CMakeFiles/main.dir/home/crypt/pico/pico-sdk/lib/tinyusb/src/tusb.c.obj
                0x0000000010006b58                tu_edpt_validate
 .text.tu_edpt_bind_driver
                0x0000000010006bcc       0x2c CMakeFiles/main.dir/home/crypt/pico/pico-sdk/lib/tinyusb/src/tusb.c.obj
                0x0000000010006bcc                tu_edpt_bind_driver
 .text.tu_fifo_config
                0x0000000010006bf8       0x78 CMakeFiles/main.dir/home/crypt/pico/pico-sdk/lib/tinyusb/src/common/tusb_fifo.c.obj
                0x0000000010006bf8                tu_fifo_config
 .text.tu_fifo_count
                0x0000000010006c70       0x24 CMakeFiles/main.dir/home/crypt/pico/pico-sdk/lib/tinyusb/src/common/tusb_fifo.c.obj
                0x0000000010006c70                tu_fifo_count
 .text.tu_fifo_empty
                0x0000000010006c94       0x10 CMakeFiles/main.dir/home/crypt/pico/pico-sdk/lib/tinyusb/src/common/tusb_fifo.c.obj
                0x0000000010006c94                tu_fifo_empty
 .text.tu_fifo_remaining
                0x0000000010006ca4       0x20 CMakeFiles/main.dir/home/crypt/pico/pico-sdk/lib/tinyusb/src/common/tusb_fifo.c.obj
                0x0000000010006ca4                tu_fifo_remaining
 .text.tu_fifo_read
                0x0000000010006cc4       0xa0 CMakeFiles/main.dir/home/crypt/pico/pico-sdk/lib/tinyusb/src/common/tusb_fifo.c.obj
                0x0000000010006cc4                tu_fifo_read
 .text.tu_fifo_read_n
                0x0000000010006d64       0xf8 CMakeFiles/main.dir/home/crypt/pico/pico-sdk/lib/tinyusb/src/common/tusb_fifo.c.obj
                0x0000000010006d64                tu_fifo_read_n
 .text.tu_fifo_write
                0x0000000010006e5c       0x80 CMakeFiles/main.dir/home/crypt/pico/pico-sdk/lib/tinyusb/src/common/tusb_fifo.c.obj
                0x0000000010006e5c                tu_fifo_write
 .text.tu_fifo_write_n
                0x0000000010006edc       0xfc CMakeFiles/main.dir/home/crypt/pico/pico-sdk/lib/tinyusb/src/common/tusb_fifo.c.obj
                0x0000000010006edc                tu_fifo_write_n
 .text.tu_fifo_clear
                0x0000000010006fd8       0x4c CMakeFiles/main.dir/home/crypt/pico/pico-sdk/lib/tinyusb/src/common/tusb_fifo.c.obj
                0x0000000010006fd8                tu_fifo_clear
 .text.tu_fifo_set_overwritable
                0x0000000010007024       0x3c CMakeFiles/main.dir/home/crypt/pico/pico-sdk/lib/tinyusb/src/common/tusb_fifo.c.obj
                0x0000000010007024                tu_fifo_set_overwritable
 .text.startup._retrieve_unique_id_on_boot
                0x0000000010007060       0x10 CMakeFiles/main.dir/home/crypt/pico/pico-sdk/src/rp2_common/pico_unique_id/unique_id.c.obj
 .text.pico_get_unique_board_id_string
                0x0000000010007070      0x1cc CMakeFiles/main.dir/home/crypt/pico/pico-sdk/src/rp2_common/pico_unique_id/unique_id.c.obj
                0x0000000010007070                pico_get_unique_board_id_string
 .text.flash_get_unique_id
                0x000000001000723c       0x3c CMakeFiles/main.dir/home/crypt/pico/pico-sdk/src/rp2_common/hardware_flash/flash.c.obj
                0x000000001000723c                flash_get_unique_id
 .text.spi_init
                0x0000000010007278       0xf4 CMakeFiles/main.dir/home/crypt/pico/pico-sdk/src/rp2_common/hardware_spi/spi.c.obj
                0x0000000010007278                spi_init
 .text.i2c_init
                0x000000001000736c      0x108 CMakeFiles/main.dir/home/crypt/pico/pico-sdk/src/rp2_common/hardware_i2c/i2c.c.obj
                0x000000001000736c                i2c_init
 .text.rtc_init
                0x0000000010007474       0x38 CMakeFiles/main.dir/home/crypt/pico/pico-sdk/src/rp2_common/hardware_rtc/rtc.c.obj
                0x0000000010007474                rtc_init
 .text.rtc_set_datetime
                0x00000000100074ac       0xa8 CMakeFiles/main.dir/home/crypt/pico/pico-sdk/src/rp2_common/hardware_rtc/rtc.c.obj
                0x00000000100074ac                rtc_set_datetime
 .text.rtc_get_datetime
                0x0000000010007554       0x44 CMakeFiles/main.dir/home/crypt/pico/pico-sdk/src/rp2_common/hardware_rtc/rtc.c.obj
                0x0000000010007554                rtc_get_datetime
 .text.OLED_2in23_test
                0x0000000010007598       0xe4 examples/libexamples.a(OLED_2in23_test.c.obj)
                0x0000000010007598                OLED_2in23_test
 .text.OLED_2in23_Init
                0x000000001000767c      0x474 lib/OLED/libOLED.a(OLED_2in23.c.obj)
                0x000000001000767c                OLED_2in23_Init
 .text.OLED_2in23_draw_bitmap
                0x0000000010007af0      0x1b8 lib/OLED/libOLED.a(OLED_2in23.c.obj)
                0x0000000010007af0                OLED_2in23_draw_bitmap
 .text.Paint_SetPixel.part.0
                0x0000000010007ca8      0x12c lib/GUI/libGUI.a(GUI_Paint.c.obj)
 .text.Paint_DrawChar.part.3
                0x0000000010007dd4      0x124 lib/GUI/libGUI.a(GUI_Paint.c.obj)
 .text.Paint_NewImage
                0x0000000010007ef8       0x40 lib/GUI/libGUI.a(GUI_Paint.c.obj)
                0x0000000010007ef8                Paint_NewImage
 .text.Paint_SelectImage
                0x0000000010007f38        0xc lib/GUI/libGUI.a(GUI_Paint.c.obj)
                0x0000000010007f38                Paint_SelectImage
 .text.Paint_Clear
                0x0000000010007f44       0xd8 lib/GUI/libGUI.a(GUI_Paint.c.obj)
                0x0000000010007f44                Paint_Clear
 .text.Paint_DrawString_EN
                0x000000001000801c       0xa0 lib/GUI/libGUI.a(GUI_Paint.c.obj)
                0x000000001000801c                Paint_DrawString_EN
 .text.DEV_Digital_Write
                0x00000000100080bc       0x14 lib/Config/libConfig.a(DEV_Config.c.obj)
                0x00000000100080bc                DEV_Digital_Write
 .text.DEV_SPI_WriteByte
                0x00000000100080d0       0x1c lib/Config/libConfig.a(DEV_Config.c.obj)
                0x00000000100080d0                DEV_SPI_WriteByte
 .text.DEV_Delay_ms
                0x00000000100080ec        0x8 lib/Config/libConfig.a(DEV_Config.c.obj)
                0x00000000100080ec                DEV_Delay_ms
 .text.DEV_GPIO_Init
                0x00000000100080f4       0xa8 lib/Config/libConfig.a(DEV_Config.c.obj)
                0x00000000100080f4                DEV_GPIO_Init
 .text.DEV_Module_Init
                0x000000001000819c      0x12c lib/Config/libConfig.a(DEV_Config.c.obj)
                0x000000001000819c                DEV_Module_Init
 .text          0x00000000100082c8       0x28 /usr/lib/gcc/arm-none-eabi/8.3.1/../../../arm-none-eabi/lib/thumb/v6-m/nofp/libc.a(lib_a-malloc.o)
                0x00000000100082c8                malloc
                0x00000000100082dc                free
 .text          0x00000000100082f0      0x58c /usr/lib/gcc/arm-none-eabi/8.3.1/../../../arm-none-eabi/lib/thumb/v6-m/nofp/libc.a(lib_a-mallocr.o)
                0x00000000100082f0                _malloc_r
 .text          0x000000001000887c        0x8 /usr/lib/gcc/arm-none-eabi/8.3.1/../../../arm-none-eabi/lib/thumb/v6-m/nofp/libc.a(lib_a-mlock.o)
                0x000000001000887c                __malloc_lock
                0x0000000010008880                __malloc_unlock
 .text          0x0000000010008884       0x24 /usr/lib/gcc/arm-none-eabi/8.3.1/../../../arm-none-eabi/lib/thumb/v6-m/nofp/libc.a(lib_a-sbrkr.o)
                0x0000000010008884                _sbrk_r
 .text          0x00000000100088a8       0x68 /usr/lib/gcc/arm-none-eabi/8.3.1/../../../arm-none-eabi/lib/thumb/v6-m/nofp/libc.a(lib_a-strlen-stub.o)
                0x00000000100088a8                strlen
 .text          0x0000000010008910      0x27c /usr/lib/gcc/arm-none-eabi/8.3.1/../../../arm-none-eabi/lib/thumb/v6-m/nofp/libc.a(lib_a-freer.o)
                0x0000000010008910                _malloc_trim_r
                0x00000000100089b0                _free_r
 *(.fini)
 .fini          0x0000000010008b8c        0x4 /usr/lib/gcc/arm-none-eabi/8.3.1/thumb/v6-m/nofp/crti.o
                0x0000000010008b8c                _fini
 .fini.__stub   0x0000000010008b90       0x80 linker stubs
 *crtbegin.o(.ctors)
 *crtbegin?.o(.ctors)
 *(EXCLUDE_FILE(*crtend.o *crtend?.o) .ctors)
 *(SORT_BY_NAME(.ctors.*))
 *(.ctors)
 *crtbegin.o(.dtors)
 *crtbegin?.o(.dtors)
 *(EXCLUDE_FILE(*crtend.o *crtend?.o) .dtors)
 *(SORT_BY_NAME(.dtors.*))
 *(.dtors)
 *(.eh_frame*)
 .eh_frame      0x0000000010008c10        0x0 /usr/lib/gcc/arm-none-eabi/8.3.1/thumb/v6-m/nofp/crtbegin.o
                0x0000000010008c10                . = ALIGN (0x4)

.glue_7         0x0000000010008c10        0x0
 .glue_7        0x0000000010008c10        0x0 linker stubs

.glue_7t        0x0000000010008c10        0x0
 .glue_7t       0x0000000010008c10        0x0 linker stubs

.vfp11_veneer   0x0000000010008c10        0x0
 .vfp11_veneer  0x0000000010008c10        0x0 linker stubs

.v4_bx          0x0000000010008c10        0x0
 .v4_bx         0x0000000010008c10        0x0 linker stubs

.iplt           0x0000000010008c10        0x0
 .iplt          0x0000000010008c10        0x0 /usr/lib/gcc/arm-none-eabi/8.3.1/thumb/v6-m/nofp/crtbegin.o

.rodata         0x0000000010008c10      0xb4c
 *(EXCLUDE_FILE(*libm.a: *libc.a:*lib_a-mem*.o *libgcc.a:) .rodata*)
 .rodata.spin_lock_claim_unused.str1.4
                0x0000000010008c10       0x1b CMakeFiles/main.dir/home/crypt/pico/pico-sdk/src/rp2_common/hardware_sync/sync.c.obj
 *fill*         0x0000000010008c2b        0x1 
 .rodata.hardware_alarm_claim.str1.4
                0x0000000010008c2c       0x22 CMakeFiles/main.dir/home/crypt/pico/pico-sdk/src/rp2_common/hardware_timer/timer.c.obj
 *fill*         0x0000000010008c4e        0x2 
 .rodata.DATETIME_DOWS
                0x0000000010008c50       0x1c CMakeFiles/main.dir/home/crypt/pico/pico-sdk/src/common/pico_util/datetime.c.obj
 .rodata.DATETIME_MONTHS
                0x0000000010008c6c       0x30 CMakeFiles/main.dir/home/crypt/pico/pico-sdk/src/common/pico_util/datetime.c.obj
 .rodata.datetime_to_str.str1.4
                0x0000000010008c9c       0x19 CMakeFiles/main.dir/home/crypt/pico/pico-sdk/src/common/pico_util/datetime.c.obj
 *fill*         0x0000000010008cb5        0x3 
 .rodata.str1.4
                0x0000000010008cb8       0xad CMakeFiles/main.dir/home/crypt/pico/pico-sdk/src/common/pico_util/datetime.c.obj
 *fill*         0x0000000010008d65        0x3 
 .rodata.hard_assertion_failure.str1.4
                0x0000000010008d68        0xc CMakeFiles/main.dir/home/crypt/pico/pico-sdk/src/rp2_common/pico_runtime/runtime.c.obj
 .rodata.panic.str1.4
                0x0000000010008d74       0x12 CMakeFiles/main.dir/home/crypt/pico/pico-sdk/src/rp2_common/pico_runtime/runtime.c.obj
 *fill*         0x0000000010008d86        0x2 
 .rodata._vsnprintf
                0x0000000010008d88      0x1e0 CMakeFiles/main.dir/home/crypt/pico/pico-sdk/src/rp2_common/pico_printf/printf.c.obj
 .rodata._ftoa.str1.4
                0x0000000010008f68       0x15 CMakeFiles/main.dir/home/crypt/pico/pico-sdk/src/rp2_common/pico_printf/printf.c.obj
 *fill*         0x0000000010008f7d        0x3 
 .rodata.pow10.5485
                0x0000000010008f80       0x50 CMakeFiles/main.dir/home/crypt/pico/pico-sdk/src/rp2_common/pico_printf/printf.c.obj
 .rodata.__wrap_malloc.str1.4
                0x0000000010008fd0        0xe CMakeFiles/main.dir/home/crypt/pico/pico-sdk/src/rp2_common/pico_malloc/pico_malloc.c.obj
 *fill*         0x0000000010008fde        0x2 
 .rodata.__bi_44
                0x0000000010008fe0        0xc CMakeFiles/main.dir/home/crypt/pico/pico-sdk/src/rp2_common/pico_standard_link/binary_info.c.obj
 .rodata.__bi_75
                0x0000000010008fec        0xc CMakeFiles/main.dir/home/crypt/pico/pico-sdk/src/rp2_common/pico_standard_link/binary_info.c.obj
 .rodata.__bi_81
                0x0000000010008ff8        0xc CMakeFiles/main.dir/home/crypt/pico/pico-sdk/src/rp2_common/pico_standard_link/binary_info.c.obj
 .rodata.str1.4
                0x0000000010009004       0x3c CMakeFiles/main.dir/home/crypt/pico/pico-sdk/src/rp2_common/pico_standard_link/binary_info.c.obj
 .rodata.crlf_str.6106
                0x0000000010009040        0x2 CMakeFiles/main.dir/home/crypt/pico/pico-sdk/src/rp2_common/pico_stdio/stdio.c.obj
 *fill*         0x0000000010009042        0x2 
 .rodata.__bi_28.4800
                0x0000000010009044        0xc CMakeFiles/main.dir/home/crypt/pico/pico-sdk/src/rp2_common/pico_stdio_uart/stdio_uart.c.obj
 .rodata.__bi_29.4804
                0x0000000010009050        0x8 CMakeFiles/main.dir/home/crypt/pico/pico-sdk/src/rp2_common/pico_stdio_uart/stdio_uart.c.obj
 .rodata.str1.4
                0x0000000010009058       0x2c CMakeFiles/main.dir/home/crypt/pico/pico-sdk/src/rp2_common/pico_stdio_uart/stdio_uart.c.obj
 .rodata._resetd_driver
                0x0000000010009084       0x18 CMakeFiles/main.dir/home/crypt/pico/pico-sdk/src/rp2_common/pico_stdio_usb/reset_interface.c.obj
 .rodata.__bi_93.7232
                0x000000001000909c        0xc CMakeFiles/main.dir/home/crypt/pico/pico-sdk/src/rp2_common/pico_stdio_usb/stdio_usb.c.obj
 .rodata.str1.4
                0x00000000100090a8       0x13 CMakeFiles/main.dir/home/crypt/pico/pico-sdk/src/rp2_common/pico_stdio_usb/stdio_usb.c.obj
 *fill*         0x00000000100090bb        0x1 
 .rodata.str1.4
                0x00000000100090bc       0x2a CMakeFiles/main.dir/home/crypt/pico/pico-sdk/src/rp2_common/pico_stdio_usb/stdio_usb_descriptors.c.obj
 *fill*         0x00000000100090e6        0x2 
 .rodata.usbd_desc_cfg
                0x00000000100090e8       0x54 CMakeFiles/main.dir/home/crypt/pico/pico-sdk/src/rp2_common/pico_stdio_usb/stdio_usb_descriptors.c.obj
 .rodata.usbd_desc_device
                0x000000001000913c       0x12 CMakeFiles/main.dir/home/crypt/pico/pico-sdk/src/rp2_common/pico_stdio_usb/stdio_usb_descriptors.c.obj
 *fill*         0x000000001000914e        0x2 
 .rodata.usbd_desc_str
                0x0000000010009150       0x18 CMakeFiles/main.dir/home/crypt/pico/pico-sdk/src/rp2_common/pico_stdio_usb/stdio_usb_descriptors.c.obj
 .rodata.dcd_rp2040_irq.str1.4
                0x0000000010009168       0x14 CMakeFiles/main.dir/home/crypt/pico/pico-sdk/lib/tinyusb/src/portable/raspberrypi/rp2040/dcd_rp2040.c.obj
 .rodata._hw_endpoint_buffer_control_update32.part.2.str1.4
                0x000000001000917c       0x1f CMakeFiles/main.dir/home/crypt/pico/pico-sdk/lib/tinyusb/src/portable/raspberrypi/rp2040/rp2040_usb.c.obj
 *fill*         0x000000001000919b        0x1 
 .rodata.hw_endpoint_xfer_continue.str1.4
                0x000000001000919c       0x29 CMakeFiles/main.dir/home/crypt/pico/pico-sdk/lib/tinyusb/src/portable/raspberrypi/rp2040/rp2040_usb.c.obj
 .rodata.str1.4
                0x00000000100091c5       0x29 CMakeFiles/main.dir/home/crypt/pico/pico-sdk/lib/tinyusb/src/portable/raspberrypi/rp2040/rp2040_usb.c.obj
                                          0x7 (size before relaxing)
 *fill*         0x00000000100091c5        0x3 
 .rodata.tud_task
                0x00000000100091c8       0x8c CMakeFiles/main.dir/home/crypt/pico/pico-sdk/lib/tinyusb/src/device/usbd.c.obj
 .rodata._usbd_driver
                0x0000000010009254       0x18 CMakeFiles/main.dir/home/crypt/pico/pico-sdk/lib/tinyusb/src/device/usbd.c.obj
 .rodata        0x000000001000926c        0x8 examples/libexamples.a(OLED_2in23_test.c.obj)
 .rodata.OLED_2in23_test.str1.4
                0x0000000010009274       0x59 examples/libexamples.a(OLED_2in23_test.c.obj)
 *fill*         0x00000000100092cd        0x3 
 .rodata        0x00000000100092d0      0x474 lib/Fonts/libFonts.a(font12.c.obj)
                0x00000000100092d0                Font12_Table
 .rodata.DEV_Module_Init.str1.4
                0x0000000010009744       0x15 lib/Config/libConfig.a(DEV_Config.c.obj)
                0x000000001000975c                . = ALIGN (0x4)
 *fill*         0x0000000010009759        0x3 
 *(SORT_BY_ALIGNMENT(SORT_BY_NAME(.flashdata*)))
                0x000000001000975c                . = ALIGN (0x4)

.rel.dyn        0x000000001000975c        0x0
 .rel.iplt      0x000000001000975c        0x0 /usr/lib/gcc/arm-none-eabi/8.3.1/thumb/v6-m/nofp/crtbegin.o

.ARM.extab
 *(.ARM.extab* .gnu.linkonce.armextab.*)
                0x000000001000975c                __exidx_start = .

.ARM.exidx
 *(.ARM.exidx* .gnu.linkonce.armexidx.*)
                0x000000001000975c                __exidx_end = .
                0x000000001000975c                . = ALIGN (0x4)
                0x000000001000975c                __binary_info_start = .

.binary_info    0x000000001000975c       0x28
 *(.binary_info.keep.*)
 .binary_info.keep.__bi_ptr22
                0x000000001000975c        0x4 CMakeFiles/main.dir/home/crypt/pico/pico-sdk/src/rp2_common/pico_standard_link/binary_info.c.obj
 .binary_info.keep.__bi_ptr30
                0x0000000010009760        0x4 CMakeFiles/main.dir/home/crypt/pico/pico-sdk/src/rp2_common/pico_standard_link/binary_info.c.obj
 .binary_info.keep.__bi_ptr38
                0x0000000010009764        0x4 CMakeFiles/main.dir/home/crypt/pico/pico-sdk/src/rp2_common/pico_standard_link/binary_info.c.obj
 .binary_info.keep.__bi_ptr44
                0x0000000010009768        0x4 CMakeFiles/main.dir/home/crypt/pico/pico-sdk/src/rp2_common/pico_standard_link/binary_info.c.obj
 .binary_info.keep.__bi_ptr50
                0x000000001000976c        0x4 CMakeFiles/main.dir/home/crypt/pico/pico-sdk/src/rp2_common/pico_standard_link/binary_info.c.obj
 .binary_info.keep.__bi_ptr75
                0x0000000010009770        0x4 CMakeFiles/main.dir/home/crypt/pico/pico-sdk/src/rp2_common/pico_standard_link/binary_info.c.obj
 .binary_info.keep.__bi_ptr81
                0x0000000010009774        0x4 CMakeFiles/main.dir/home/crypt/pico/pico-sdk/src/rp2_common/pico_standard_link/binary_info.c.obj
 *(.binary_info.*)
 .binary_info.__bi_ptr28
                0x0000000010009778        0x4 CMakeFiles/main.dir/home/crypt/pico/pico-sdk/src/rp2_common/pico_stdio_uart/stdio_uart.c.obj
 .binary_info.__bi_ptr29
                0x000000001000977c        0x4 CMakeFiles/main.dir/home/crypt/pico/pico-sdk/src/rp2_common/pico_stdio_uart/stdio_uart.c.obj
 .binary_info.__bi_ptr93
                0x0000000010009780        0x4 CMakeFiles/main.dir/home/crypt/pico/pico-sdk/src/rp2_common/pico_stdio_usb/stdio_usb.c.obj
                0x0000000010009784                __binary_info_end = .
                0x0000000010009784                . = ALIGN (0x4)
                0x0000000010009784                __etext = .

.ram_vector_table
                0x0000000020000000       0xc0
 *(.ram_vector_table)
 .ram_vector_table
                0x0000000020000000       0xc0 CMakeFiles/main.dir/home/crypt/pico/pico-sdk/src/rp2_common/pico_runtime/runtime.c.obj
                0x0000000020000000                ram_vector_table

.data           0x00000000200000c0      0xc70 load address 0x0000000010009784
                0x00000000200000c0                __data_start__ = .
 *(vtable)
 *(.time_critical*)
 .time_critical.mutex_enter_blocking
                0x00000000200000c0       0x48 CMakeFiles/main.dir/home/crypt/pico/pico-sdk/src/common/pico_sync/mutex.c.obj
                0x00000000200000c0                mutex_enter_blocking
 .time_critical.mutex_try_enter
                0x0000000020000108       0x48 CMakeFiles/main.dir/home/crypt/pico/pico-sdk/src/common/pico_sync/mutex.c.obj
                0x0000000020000108                mutex_try_enter
 .time_critical.mutex_enter_timeout_ms
                0x0000000020000150       0x98 CMakeFiles/main.dir/home/crypt/pico/pico-sdk/src/common/pico_sync/mutex.c.obj
                0x0000000020000150                mutex_enter_timeout_ms
 .time_critical.mutex_exit
                0x00000000200001e8       0x28 CMakeFiles/main.dir/home/crypt/pico/pico-sdk/src/common/pico_sync/mutex.c.obj
                0x00000000200001e8                mutex_exit
 .time_critical.flash_init_boot2_copyout
                0x0000000020000210       0x30 CMakeFiles/main.dir/home/crypt/pico/pico-sdk/src/rp2_common/hardware_flash/flash.c.obj
 .time_critical.flash_enable_xip_via_boot2
                0x0000000020000240       0x10 CMakeFiles/main.dir/home/crypt/pico/pico-sdk/src/rp2_common/hardware_flash/flash.c.obj
 .time_critical.flash_cs_force
                0x0000000020000250       0x38 CMakeFiles/main.dir/home/crypt/pico/pico-sdk/src/rp2_common/hardware_flash/flash.c.obj
 .time_critical.flash_do_cmd
                0x0000000020000288       0xb4 CMakeFiles/main.dir/home/crypt/pico/pico-sdk/src/rp2_common/hardware_flash/flash.c.obj
                0x0000000020000288                flash_do_cmd
 .time_critical.spi_write_blocking
                0x000000002000033c       0x4c CMakeFiles/main.dir/home/crypt/pico/pico-sdk/src/rp2_common/hardware_spi/spi.c.obj
                0x000000002000033c                spi_write_blocking
 *(.text*)
 .text          0x0000000020000388        0x4 /usr/lib/gcc/arm-none-eabi/8.3.1/thumb/v6-m/nofp/libgcc.a(_dvmd_tls.o)
                0x0000000020000388                __aeabi_ldiv0
                0x0000000020000388                __aeabi_idiv0
 *fill*         0x000000002000038c        0x4 
 .text.__stub   0x0000000020000390       0x30 linker stubs
                0x00000000200003c0                . = ALIGN (0x4)
 *(.rodata*)
                0x00000000200003c0                . = ALIGN (0x4)
 *(.data*)
 .data.striped_spin_lock_num
                0x00000000200003c0        0x1 CMakeFiles/main.dir/home/crypt/pico/pico-sdk/src/rp2_common/hardware_sync/sync.c.obj
 *fill*         0x00000000200003c1        0x3 
 .data.default_alarm_pool
                0x00000000200003c4       0x18 CMakeFiles/main.dir/home/crypt/pico/pico-sdk/src/common/pico_time/time.c.obj
 .data.default_alarm_pool_heap
                0x00000000200003dc       0x10 CMakeFiles/main.dir/home/crypt/pico/pico-sdk/src/common/pico_time/time.c.obj
 .data          0x00000000200003ec       0x48 CMakeFiles/main.dir/home/crypt/pico/pico-sdk/src/rp2_common/hardware_irq/irq_handler_chain.S.obj
                0x00000000200003ec                irq_handler_chain_slots
                0x000000002000041c                irq_handler_chain_first_slot
                0x0000000020000426                irq_handler_chain_remove_tail
 *fill*         0x0000000020000434        0xc 
 .data.aeabi_bits_funcs
                0x0000000020000440       0x10 CMakeFiles/main.dir/home/crypt/pico/pico-sdk/src/rp2_common/pico_bit_ops/bit_ops_aeabi.S.obj
                0x0000000020000440                aeabi_bits_funcs
                0x0000000020000450                aeabi_bits_funcs_end
 .data.aeabi_mem_funcs
                0x0000000020000450       0x10 CMakeFiles/main.dir/home/crypt/pico/pico-sdk/src/rp2_common/pico_mem_ops/mem_ops_aeabi.S.obj
                0x0000000020000450                aeabi_mem_funcs
                0x0000000020000460                aeabi_mem_funcs_end
 .data.stdio_uart
                0x0000000020000460       0x14 CMakeFiles/main.dir/home/crypt/pico/pico-sdk/src/rp2_common/pico_stdio_uart/stdio_uart.c.obj
                0x0000000020000460                stdio_uart
 .data.stdio_usb
                0x0000000020000474       0x14 CMakeFiles/main.dir/home/crypt/pico/pico-sdk/src/rp2_common/pico_stdio_usb/stdio_usb.c.obj
                0x0000000020000474                stdio_usb
 .data.ep_dir_string
                0x0000000020000488        0x8 CMakeFiles/main.dir/home/crypt/pico/pico-sdk/lib/tinyusb/src/portable/raspberrypi/rp2040/rp2040_usb.c.obj
                0x0000000020000488                ep_dir_string
 .data._usbd_qdef
                0x0000000020000490       0x24 CMakeFiles/main.dir/home/crypt/pico/pico-sdk/lib/tinyusb/src/device/usbd.c.obj
                0x0000000020000490                _usbd_qdef
 .data.i2c0_inst
                0x00000000200004b4        0x8 CMakeFiles/main.dir/home/crypt/pico/pico-sdk/src/rp2_common/hardware_i2c/i2c.c.obj
                0x00000000200004b4                i2c0_inst
 .data.i2c1_inst
                0x00000000200004bc        0x8 CMakeFiles/main.dir/home/crypt/pico/pico-sdk/src/rp2_common/hardware_i2c/i2c.c.obj
                0x00000000200004bc                i2c1_inst
 .data          0x00000000200004c4        0x8 lib/Fonts/libFonts.a(font12.c.obj)
                0x00000000200004c4                Font12
 *fill*         0x00000000200004cc        0x4 
 .data          0x00000000200004d0      0x430 /usr/lib/gcc/arm-none-eabi/8.3.1/../../../arm-none-eabi/lib/thumb/v6-m/nofp/libc.a(lib_a-impure.o)
                0x00000000200004d0                _impure_ptr
 .data          0x0000000020000900      0x410 /usr/lib/gcc/arm-none-eabi/8.3.1/../../../arm-none-eabi/lib/thumb/v6-m/nofp/libc.a(lib_a-mallocr.o)
                0x0000000020000900                __malloc_sbrk_base
                0x0000000020000904                __malloc_trim_threshold
                0x0000000020000908                __malloc_av_
                0x0000000020000d10                . = ALIGN (0x4)
 *(.after_data.*)
                0x0000000020000d10                . = ALIGN (0x4)
                0x0000000020000d10                PROVIDE (__mutex_array_start = .)
 *(SORT_BY_NAME(.mutex_array.*))
 *(.mutex_array)
 .mutex_array   0x0000000020000d10        0x8 CMakeFiles/main.dir/home/crypt/pico/pico-sdk/src/rp2_common/pico_stdio/stdio.c.obj
                0x0000000020000d18                PROVIDE (__mutex_array_end = .)
                0x0000000020000d18                . = ALIGN (0x4)
                0x0000000020000d18                PROVIDE (__preinit_array_start = .)
 *(SORT_BY_NAME(.preinit_array.*))
 .preinit_array.00001
                0x0000000020000d18        0x4 CMakeFiles/main.dir/home/crypt/pico/pico-sdk/src/rp2_common/pico_mem_ops/mem_ops_aeabi.S.obj
 .preinit_array.00010
                0x0000000020000d1c        0x4 CMakeFiles/main.dir/home/crypt/pico/pico-sdk/src/rp2_common/pico_bit_ops/bit_ops_aeabi.S.obj
 .preinit_array.00020
                0x0000000020000d20        0x4 CMakeFiles/main.dir/home/crypt/pico/pico-sdk/src/rp2_common/pico_double/double_aeabi.S.obj
 .preinit_array.00020
                0x0000000020000d24        0x4 CMakeFiles/main.dir/home/crypt/pico/pico-sdk/src/rp2_common/pico_float/float_aeabi.S.obj
 *(.preinit_array)
                0x0000000020000d28                PROVIDE (__preinit_array_end = .)
                0x0000000020000d28                . = ALIGN (0x4)
                0x0000000020000d28                PROVIDE (__init_array_start = .)
 *(SORT_BY_NAME(.init_array.*))
 *(.init_array)
 .init_array    0x0000000020000d28        0x4 /usr/lib/gcc/arm-none-eabi/8.3.1/thumb/v6-m/nofp/crtbegin.o
 .init_array    0x0000000020000d2c        0x4 CMakeFiles/main.dir/home/crypt/pico/pico-sdk/src/rp2_common/pico_unique_id/unique_id.c.obj
                0x0000000020000d30                PROVIDE (__init_array_end = .)
                0x0000000020000d30                . = ALIGN (0x4)
                0x0000000020000d30                PROVIDE (__fini_array_start = .)
 *(SORT_BY_NAME(.fini_array.*))
 *(.fini_array)
                0x0000000020000d30                PROVIDE (__fini_array_end = .)
 *(.jcr)
                0x0000000020000d30                . = ALIGN (0x4)
                0x0000000020000d30                __data_end__ = .

.tm_clone_table
                0x0000000020000d30        0x0 load address 0x000000001000a3f4
 .tm_clone_table
                0x0000000020000d30        0x0 /usr/lib/gcc/arm-none-eabi/8.3.1/thumb/v6-m/nofp/crtbegin.o
 .tm_clone_table
                0x0000000020000d30        0x0 /usr/lib/gcc/arm-none-eabi/8.3.1/thumb/v6-m/nofp/crtend.o

.igot.plt       0x0000000020000d30        0x0 load address 0x000000001000a3f4
 .igot.plt      0x0000000020000d30        0x0 /usr/lib/gcc/arm-none-eabi/8.3.1/thumb/v6-m/nofp/crtbegin.o

.uninitialized_data
                0x0000000020000d30        0x0 load address 0x000000001000a3f4
                0x0000000020000d30                . = ALIGN (0x4)
 *(.uninitialized_data*)

.scratch_x      0x0000000020040000        0x0 load address 0x000000001000a3f4
                0x0000000020040000                __scratch_x_start__ = .
 *(.scratch_x.*)
                0x0000000020040000                . = ALIGN (0x4)
                0x0000000020040000                __scratch_x_end__ = .
                0x000000001000a3f4                __scratch_x_source__ = LOADADDR (.scratch_x)

.scratch_y      0x0000000020041000        0x0 load address 0x000000001000a3f4
                0x0000000020041000                __scratch_y_start__ = .
 *(.scratch_y.*)
                0x0000000020041000                . = ALIGN (0x4)
                0x0000000020041000                __scratch_y_end__ = .
                0x000000001000a3f4                __scratch_y_source__ = LOADADDR (.scratch_y)

.bss            0x0000000020000d30     0x1000
                0x0000000020000d30                . = ALIGN (0x4)
                0x0000000020000d30                __bss_start__ = .
 *(SORT_BY_ALIGNMENT(SORT_BY_NAME(.bss*)))
 .bss.default_alarm_pool_entries
                0x0000000020000d30      0x100 CMakeFiles/main.dir/home/crypt/pico/pico-sdk/src/common/pico_time/time.c.obj
 .bss.last_avail_time.7211
                0x0000000020000e30        0x8 CMakeFiles/main.dir/home/crypt/pico/pico-sdk/src/rp2_common/pico_stdio_usb/stdio_usb.c.obj
 .bss           0x0000000020000e38       0x1c /usr/lib/gcc/arm-none-eabi/8.3.1/thumb/v6-m/nofp/crtbegin.o
 .bss           0x0000000020000e54       0x34 /usr/lib/gcc/arm-none-eabi/8.3.1/../../../arm-none-eabi/lib/thumb/v6-m/nofp/libc.a(lib_a-mallocr.o)
                0x0000000020000e54                __malloc_top_pad
                0x0000000020000e58                __malloc_current_mallinfo
                0x0000000020000e80                __malloc_max_sbrked_mem
                0x0000000020000e84                __malloc_max_total_mem
 .bss._app_driver
                0x0000000020000e88        0x4 CMakeFiles/main.dir/home/crypt/pico/pico-sdk/lib/tinyusb/src/device/usbd.c.obj
 .bss._cdcd_itf
                0x0000000020000e8c      0x2d8 CMakeFiles/main.dir/home/crypt/pico/pico-sdk/lib/tinyusb/src/class/cdc/cdc_device.c.obj
 .bss._ctrl_xfer
                0x0000000020001164       0x14 CMakeFiles/main.dir/home/crypt/pico/pico-sdk/lib/tinyusb/src/device/usbd_control.c.obj
 .bss._ubsd_mutexdef
                0x0000000020001178        0x8 CMakeFiles/main.dir/home/crypt/pico/pico-sdk/lib/tinyusb/src/device/usbd.c.obj
 .bss._usbd_ctrl_buf
                0x0000000020001180       0x40 CMakeFiles/main.dir/home/crypt/pico/pico-sdk/lib/tinyusb/src/device/usbd_control.c.obj
 .bss._usbd_dev
                0x00000000200011c0       0x53 CMakeFiles/main.dir/home/crypt/pico/pico-sdk/lib/tinyusb/src/device/usbd.c.obj
 *fill*         0x0000000020001213        0x1 
 .bss._usbd_mutex
                0x0000000020001214        0x4 CMakeFiles/main.dir/home/crypt/pico/pico-sdk/lib/tinyusb/src/device/usbd.c.obj
 .bss._usbd_q   0x0000000020001218        0x4 CMakeFiles/main.dir/home/crypt/pico/pico-sdk/lib/tinyusb/src/device/usbd.c.obj
 .bss.alarm_callbacks
                0x000000002000121c       0x10 CMakeFiles/main.dir/home/crypt/pico/pico-sdk/src/rp2_common/hardware_timer/timer.c.obj
 .bss.boot2_copyout
                0x000000002000122c      0x100 CMakeFiles/main.dir/home/crypt/pico/pico-sdk/src/rp2_common/hardware_flash/flash.c.obj
 .bss.claimed   0x000000002000132c        0x4 CMakeFiles/main.dir/home/crypt/pico/pico-sdk/src/rp2_common/hardware_sync/sync.c.obj
 .bss.configured_freq
                0x0000000020001330       0x28 CMakeFiles/main.dir/home/crypt/pico/pico-sdk/src/rp2_common/hardware_clocks/clocks.c.obj
 .bss.default_alarm_pool_entry_ids_high
                0x0000000020001358       0x10 CMakeFiles/main.dir/home/crypt/pico/pico-sdk/src/common/pico_time/time.c.obj
 .bss.default_alarm_pool_heap_nodes
                0x0000000020001368       0x30 CMakeFiles/main.dir/home/crypt/pico/pico-sdk/src/common/pico_time/time.c.obj
 .bss.desc_str.7110
                0x0000000020001398       0x28 CMakeFiles/main.dir/home/crypt/pico/pico-sdk/src/rp2_common/pico_stdio_usb/stdio_usb_descriptors.c.obj
 .bss.drivers   0x00000000200013c0        0x4 CMakeFiles/main.dir/home/crypt/pico/pico-sdk/src/rp2_common/pico_stdio/stdio.c.obj
 .bss.filter    0x00000000200013c4        0x4 CMakeFiles/main.dir/home/crypt/pico/pico-sdk/src/rp2_common/pico_stdio/stdio.c.obj
 .bss.heap_end.5896
                0x00000000200013c8        0x4 CMakeFiles/main.dir/home/crypt/pico/pico-sdk/src/rp2_common/pico_runtime/runtime.c.obj
 .bss.hw_endpoints
                0x00000000200013cc      0x400 CMakeFiles/main.dir/home/crypt/pico/pico-sdk/lib/tinyusb/src/portable/raspberrypi/rp2040/dcd_rp2040.c.obj
 .bss.lazy_vsnprintf
                0x00000000200017cc        0x4 CMakeFiles/main.dir/home/crypt/pico/pico-sdk/src/rp2_common/pico_printf/printf.c.obj
 .bss.load_value
                0x00000000200017d0        0x4 CMakeFiles/main.dir/home/crypt/pico/pico-sdk/src/rp2_common/hardware_watchdog/watchdog.c.obj
 .bss.next_buffer_ptr
                0x00000000200017d4        0x4 CMakeFiles/main.dir/home/crypt/pico/pico-sdk/lib/tinyusb/src/portable/raspberrypi/rp2040/dcd_rp2040.c.obj
 .bss.pools     0x00000000200017d8       0x10 CMakeFiles/main.dir/home/crypt/pico/pico-sdk/src/common/pico_time/time.c.obj
 .bss.retrieved_id
                0x00000000200017e8        0x8 CMakeFiles/main.dir/home/crypt/pico/pico-sdk/src/rp2_common/pico_unique_id/unique_id.c.obj
 .bss.s_chDispalyBuffer
                0x00000000200017f0      0x200 lib/OLED/libOLED.a(OLED_2in23.c.obj)
 .bss.sf_clz_func
                0x00000000200019f0        0x4 CMakeFiles/main.dir/home/crypt/pico/pico-sdk/src/rp2_common/pico_double/double_init_rom.c.obj
                0x00000000200019f0                sf_clz_func
 .bss.sleep_notifier
                0x00000000200019f4        0x4 CMakeFiles/main.dir/home/crypt/pico/pico-sdk/src/common/pico_time/time.c.obj
 .bss.stdio_usb_mutex
                0x00000000200019f8        0x8 CMakeFiles/main.dir/home/crypt/pico/pico-sdk/src/rp2_common/pico_stdio_usb/stdio_usb.c.obj
 .bss.target_hi
                0x0000000020001a00       0x10 CMakeFiles/main.dir/home/crypt/pico/pico-sdk/src/rp2_common/hardware_timer/timer.c.obj
 .bss.uart_instance
                0x0000000020001a10        0x4 CMakeFiles/main.dir/home/crypt/pico/pico-sdk/src/rp2_common/pico_stdio_uart/stdio_uart.c.obj
 .bss.usbd_serial_str
                0x0000000020001a14       0x11 CMakeFiles/main.dir/home/crypt/pico/pico-sdk/src/rp2_common/pico_stdio_usb/stdio_usb_descriptors.c.obj
 .bss._app_driver_count
                0x0000000020001a25        0x1 CMakeFiles/main.dir/home/crypt/pico/pico-sdk/lib/tinyusb/src/device/usbd.c.obj
 .bss._usbd_initialized
                0x0000000020001a26        0x1 CMakeFiles/main.dir/home/crypt/pico/pico-sdk/lib/tinyusb/src/device/usbd.c.obj
 .bss.boot2_copyout_valid
                0x0000000020001a27        0x1 CMakeFiles/main.dir/home/crypt/pico/pico-sdk/src/rp2_common/hardware_flash/flash.c.obj
 .bss.claimed   0x0000000020001a28        0x1 CMakeFiles/main.dir/home/crypt/pico/pico-sdk/src/rp2_common/hardware_timer/timer.c.obj
 .bss.irq_hander_chain_free_slot_head
                0x0000000020001a29        0x1 CMakeFiles/main.dir/home/crypt/pico/pico-sdk/src/rp2_common/hardware_irq/irq.c.obj
 .bss.itf_num   0x0000000020001a2a        0x1 CMakeFiles/main.dir/home/crypt/pico/pico-sdk/src/rp2_common/pico_stdio_usb/reset_interface.c.obj
 .bss.timer_callbacks_pending
                0x0000000020001a2b        0x1 CMakeFiles/main.dir/home/crypt/pico/pico-sdk/src/rp2_common/hardware_timer/timer.c.obj
 *(COMMON)
 COMMON         0x0000000020001a2c        0x4 CMakeFiles/main.dir/home/crypt/pico/pico-sdk/src/rp2_common/hardware_uart/uart.c.obj
                0x0000000020001a2c                uart_char_to_line_feed
 COMMON         0x0000000020001a30      0x100 CMakeFiles/main.dir/home/crypt/pico/pico-sdk/src/rp2_common/pico_double/double_init_rom.c.obj
                0x0000000020001a30                sd_table
 COMMON         0x0000000020001b30      0x100 CMakeFiles/main.dir/home/crypt/pico/pico-sdk/src/rp2_common/pico_float/float_init_rom.c.obj
                0x0000000020001b30                sf_table
 COMMON         0x0000000020001c30       0xc0 CMakeFiles/main.dir/home/crypt/pico/pico-sdk/lib/tinyusb/src/device/usbd.c.obj
                0x0000000020001c30                _usbd_qdef_buf
 COMMON         0x0000000020001cf0       0x18 lib/GUI/libGUI.a(GUI_Paint.c.obj)
                0x0000000020001cf0                Paint
 COMMON         0x0000000020001d08       0x24 lib/Config/libConfig.a(DEV_Config.c.obj)
                0x0000000020001d08                EPD_SDA_PIN
                0x0000000020001d0c                EPD_SCL_PIN
                0x0000000020001d10                slice_num
                0x0000000020001d14                EPD_MOSI_PIN
                0x0000000020001d18                EPD_CLK_PIN
                0x0000000020001d1c                EPD_RST_PIN
                0x0000000020001d20                EPD_CS_PIN
                0x0000000020001d24                EPD_BL_PIN
                0x0000000020001d28                EPD_DC_PIN
 COMMON         0x0000000020001d2c        0x4 /usr/lib/gcc/arm-none-eabi/8.3.1/../../../arm-none-eabi/lib/thumb/v6-m/nofp/libc.a(lib_a-reent.o)
                0x0000000020001d2c                errno
                0x0000000020001d30                . = ALIGN (0x4)
                0x0000000020001d30                __bss_end__ = .

.heap           0x0000000020001d30      0x800
                0x0000000020001d30                __end__ = .
                0x0000000020001d30                end = __end__
 *(.heap*)
 .heap          0x0000000020001d30      0x800 CMakeFiles/main.dir/home/crypt/pico/pico-sdk/src/rp2_common/pico_standard_link/crt0.S.obj
                0x0000000020002530                __HeapLimit = .

.stack1_dummy   0x0000000020040000        0x0
 *(.stack1*)

.stack_dummy    0x0000000020041000      0x800
 *(.stack*)
 .stack         0x0000000020041000      0x800 CMakeFiles/main.dir/home/crypt/pico/pico-sdk/src/rp2_common/pico_standard_link/crt0.S.obj

.flash_end      0x000000001000a3f4        0x0
                0x000000001000a3f4                __flash_binary_end = .
                0x0000000020040000                __StackLimit = (ORIGIN (RAM) + LENGTH (RAM))
                0x0000000020041000                __StackOneTop = (ORIGIN (SCRATCH_X) + LENGTH (SCRATCH_X))
                0x0000000020042000                __StackTop = (ORIGIN (SCRATCH_Y) + LENGTH (SCRATCH_Y))
                0x0000000020041000                __StackOneBottom = (__StackOneTop - SIZEOF (.stack1_dummy))
                0x0000000020041800                __StackBottom = (__StackTop - SIZEOF (.stack_dummy))
                0x0000000020042000                PROVIDE (__stack = __StackTop)
                0x0000000000000001                ASSERT ((__StackLimit >= __HeapLimit), region RAM overflowed)
                0x0000000000000001                ASSERT (((__binary_info_header_end - __logical_binary_start) <= 0x100), Binary info must be in first 256 bytes of the binary)
LOAD CMakeFiles/main.dir/main.c.obj
LOAD CMakeFiles/main.dir/home/crypt/pico/pico-sdk/src/rp2_common/pico_stdlib/stdlib.c.obj
LOAD CMakeFiles/main.dir/home/crypt/pico/pico-sdk/src/rp2_common/hardware_gpio/gpio.c.obj
LOAD CMakeFiles/main.dir/home/crypt/pico/pico-sdk/src/rp2_common/hardware_claim/claim.c.obj
LOAD CMakeFiles/main.dir/home/crypt/pico/pico-sdk/src/rp2_common/pico_platform/platform.c.obj
LOAD CMakeFiles/main.dir/home/crypt/pico/pico-sdk/src/rp2_common/hardware_sync/sync.c.obj
LOAD CMakeFiles/main.dir/home/crypt/pico/pico-sdk/src/rp2_common/hardware_uart/uart.c.obj
LOAD CMakeFiles/main.dir/home/crypt/pico/pico-sdk/src/rp2_common/hardware_divider/divider.S.obj
LOAD CMakeFiles/main.dir/home/crypt/pico/pico-sdk/src/common/pico_time/time.c.obj
LOAD CMakeFiles/main.dir/home/crypt/pico/pico-sdk/src/common/pico_time/timeout_helper.c.obj
LOAD CMakeFiles/main.dir/home/crypt/pico/pico-sdk/src/rp2_common/hardware_timer/timer.c.obj
LOAD CMakeFiles/main.dir/home/crypt/pico/pico-sdk/src/common/pico_sync/sem.c.obj
LOAD CMakeFiles/main.dir/home/crypt/pico/pico-sdk/src/common/pico_sync/lock_core.c.obj
LOAD CMakeFiles/main.dir/home/crypt/pico/pico-sdk/src/common/pico_sync/mutex.c.obj
LOAD CMakeFiles/main.dir/home/crypt/pico/pico-sdk/src/common/pico_sync/critical_section.c.obj
LOAD CMakeFiles/main.dir/home/crypt/pico/pico-sdk/src/common/pico_util/datetime.c.obj
LOAD CMakeFiles/main.dir/home/crypt/pico/pico-sdk/src/common/pico_util/pheap.c.obj
LOAD CMakeFiles/main.dir/home/crypt/pico/pico-sdk/src/common/pico_util/queue.c.obj
LOAD CMakeFiles/main.dir/home/crypt/pico/pico-sdk/src/rp2_common/pico_runtime/runtime.c.obj
LOAD CMakeFiles/main.dir/home/crypt/pico/pico-sdk/src/rp2_common/hardware_clocks/clocks.c.obj
LOAD CMakeFiles/main.dir/home/crypt/pico/pico-sdk/src/rp2_common/hardware_irq/irq.c.obj
LOAD CMakeFiles/main.dir/home/crypt/pico/pico-sdk/src/rp2_common/hardware_irq/irq_handler_chain.S.obj
LOAD CMakeFiles/main.dir/home/crypt/pico/pico-sdk/src/rp2_common/hardware_pll/pll.c.obj
LOAD CMakeFiles/main.dir/home/crypt/pico/pico-sdk/src/rp2_common/hardware_vreg/vreg.c.obj
LOAD CMakeFiles/main.dir/home/crypt/pico/pico-sdk/src/rp2_common/hardware_watchdog/watchdog.c.obj
LOAD CMakeFiles/main.dir/home/crypt/pico/pico-sdk/src/rp2_common/hardware_xosc/xosc.c.obj
LOAD CMakeFiles/main.dir/home/crypt/pico/pico-sdk/src/rp2_common/pico_printf/printf.c.obj
LOAD CMakeFiles/main.dir/home/crypt/pico/pico-sdk/src/rp2_common/pico_bit_ops/bit_ops_aeabi.S.obj
LOAD CMakeFiles/main.dir/home/crypt/pico/pico-sdk/src/rp2_common/pico_bootrom/bootrom.c.obj
LOAD CMakeFiles/main.dir/home/crypt/pico/pico-sdk/src/rp2_common/pico_divider/divider.S.obj
LOAD CMakeFiles/main.dir/home/crypt/pico/pico-sdk/src/rp2_common/pico_double/double_aeabi.S.obj
LOAD CMakeFiles/main.dir/home/crypt/pico/pico-sdk/src/rp2_common/pico_double/double_init_rom.c.obj
LOAD CMakeFiles/main.dir/home/crypt/pico/pico-sdk/src/rp2_common/pico_double/double_math.c.obj
LOAD CMakeFiles/main.dir/home/crypt/pico/pico-sdk/src/rp2_common/pico_double/double_v1_rom_shim.S.obj
LOAD CMakeFiles/main.dir/home/crypt/pico/pico-sdk/src/rp2_common/pico_int64_ops/pico_int64_ops_aeabi.S.obj
LOAD CMakeFiles/main.dir/home/crypt/pico/pico-sdk/src/rp2_common/pico_float/float_aeabi.S.obj
LOAD CMakeFiles/main.dir/home/crypt/pico/pico-sdk/src/rp2_common/pico_float/float_init_rom.c.obj
LOAD CMakeFiles/main.dir/home/crypt/pico/pico-sdk/src/rp2_common/pico_float/float_math.c.obj
LOAD CMakeFiles/main.dir/home/crypt/pico/pico-sdk/src/rp2_common/pico_float/float_v1_rom_shim.S.obj
LOAD CMakeFiles/main.dir/home/crypt/pico/pico-sdk/src/rp2_common/pico_malloc/pico_malloc.c.obj
LOAD CMakeFiles/main.dir/home/crypt/pico/pico-sdk/src/rp2_common/pico_mem_ops/mem_ops_aeabi.S.obj
LOAD CMakeFiles/main.dir/home/crypt/pico/pico-sdk/src/rp2_common/pico_standard_link/crt0.S.obj
LOAD CMakeFiles/main.dir/home/crypt/pico/pico-sdk/src/rp2_common/pico_standard_link/new_delete.cpp.obj
LOAD CMakeFiles/main.dir/home/crypt/pico/pico-sdk/src/rp2_common/pico_standard_link/binary_info.c.obj
LOAD CMakeFiles/main.dir/home/crypt/pico/pico-sdk/src/rp2_common/pico_stdio/stdio.c.obj
LOAD CMakeFiles/main.dir/home/crypt/pico/pico-sdk/src/rp2_common/pico_stdio_uart/stdio_uart.c.obj
LOAD CMakeFiles/main.dir/home/crypt/pico/pico-sdk/src/rp2_common/pico_stdio_usb/reset_interface.c.obj
LOAD CMakeFiles/main.dir/home/crypt/pico/pico-sdk/src/rp2_common/pico_stdio_usb/stdio_usb.c.obj
LOAD CMakeFiles/main.dir/home/crypt/pico/pico-sdk/src/rp2_common/pico_stdio_usb/stdio_usb_descriptors.c.obj
LOAD CMakeFiles/main.dir/home/crypt/pico/pico-sdk/lib/tinyusb/src/portable/raspberrypi/rp2040/dcd_rp2040.c.obj
LOAD CMakeFiles/main.dir/home/crypt/pico/pico-sdk/lib/tinyusb/src/portable/raspberrypi/rp2040/rp2040_usb.c.obj
LOAD CMakeFiles/main.dir/home/crypt/pico/pico-sdk/lib/tinyusb/src/device/usbd.c.obj
LOAD CMakeFiles/main.dir/home/crypt/pico/pico-sdk/lib/tinyusb/src/device/usbd_control.c.obj
LOAD CMakeFiles/main.dir/home/crypt/pico/pico-sdk/lib/tinyusb/src/class/audio/audio_device.c.obj
LOAD CMakeFiles/main.dir/home/crypt/pico/pico-sdk/lib/tinyusb/src/class/cdc/cdc_device.c.obj
LOAD CMakeFiles/main.dir/home/crypt/pico/pico-sdk/lib/tinyusb/src/class/dfu/dfu_device.c.obj
LOAD CMakeFiles/main.dir/home/crypt/pico/pico-sdk/lib/tinyusb/src/class/dfu/dfu_rt_device.c.obj
LOAD CMakeFiles/main.dir/home/crypt/pico/pico-sdk/lib/tinyusb/src/class/hid/hid_device.c.obj
LOAD CMakeFiles/main.dir/home/crypt/pico/pico-sdk/lib/tinyusb/src/class/midi/midi_device.c.obj
LOAD CMakeFiles/main.dir/home/crypt/pico/pico-sdk/lib/tinyusb/src/class/msc/msc_device.c.obj
LOAD CMakeFiles/main.dir/home/crypt/pico/pico-sdk/lib/tinyusb/src/class/net/ecm_rndis_device.c.obj
LOAD CMakeFiles/main.dir/home/crypt/pico/pico-sdk/lib/tinyusb/src/class/net/ncm_device.c.obj
LOAD CMakeFiles/main.dir/home/crypt/pico/pico-sdk/lib/tinyusb/src/class/usbtmc/usbtmc_device.c.obj
LOAD CMakeFiles/main.dir/home/crypt/pico/pico-sdk/lib/tinyusb/src/class/vendor/vendor_device.c.obj
LOAD CMakeFiles/main.dir/home/crypt/pico/pico-sdk/lib/tinyusb/src/class/video/video_device.c.obj
LOAD CMakeFiles/main.dir/home/crypt/pico/pico-sdk/lib/tinyusb/src/tusb.c.obj
LOAD CMakeFiles/main.dir/home/crypt/pico/pico-sdk/lib/tinyusb/src/common/tusb_fifo.c.obj
LOAD CMakeFiles/main.dir/home/crypt/pico/pico-sdk/src/rp2_common/pico_fix/rp2040_usb_device_enumeration/rp2040_usb_device_enumeration.c.obj
LOAD CMakeFiles/main.dir/home/crypt/pico/pico-sdk/src/rp2_common/pico_unique_id/unique_id.c.obj
LOAD CMakeFiles/main.dir/home/crypt/pico/pico-sdk/src/rp2_common/hardware_flash/flash.c.obj
LOAD CMakeFiles/main.dir/home/crypt/pico/pico-sdk/src/rp2_common/hardware_spi/spi.c.obj
LOAD CMakeFiles/main.dir/home/crypt/pico/pico-sdk/src/rp2_common/hardware_i2c/i2c.c.obj
LOAD CMakeFiles/main.dir/home/crypt/pico/pico-sdk/src/rp2_common/hardware_adc/adc.c.obj
LOAD CMakeFiles/main.dir/home/crypt/pico/pico-sdk/src/rp2_common/hardware_rtc/rtc.c.obj
LOAD examples/libexamples.a
LOAD lib/OLED/libOLED.a
LOAD lib/LCD/libLCD.a
LOAD lib/Infrared/libInfrared.a
LOAD lib/Icm20948/libIcm20948.a
LOAD lib/GUI/libGUI.a
LOAD lib/Fonts/libFonts.a
LOAD lib/Config/libConfig.a
LOAD /tmp/ccAWhrLF.o
LOAD /usr/lib/gcc/arm-none-eabi/8.3.1/../../../arm-none-eabi/lib/thumb/v6-m/nofp/libstdc++.a
LOAD /usr/lib/gcc/arm-none-eabi/8.3.1/../../../arm-none-eabi/lib/thumb/v6-m/nofp/libm.a
START GROUP
LOAD /usr/lib/gcc/arm-none-eabi/8.3.1/thumb/v6-m/nofp/libgcc.a
LOAD /usr/lib/gcc/arm-none-eabi/8.3.1/../../../arm-none-eabi/lib/thumb/v6-m/nofp/libc.a
END GROUP
START GROUP
LOAD /usr/lib/gcc/arm-none-eabi/8.3.1/thumb/v6-m/nofp/libgcc.a
LOAD /usr/lib/gcc/arm-none-eabi/8.3.1/../../../arm-none-eabi/lib/thumb/v6-m/nofp/libc.a
LOAD /usr/lib/gcc/arm-none-eabi/8.3.1/../../../arm-none-eabi/lib/thumb/v6-m/nofp/libnosys.a
END GROUP
LOAD /usr/lib/gcc/arm-none-eabi/8.3.1/thumb/v6-m/nofp/crtend.o
LOAD /usr/lib/gcc/arm-none-eabi/8.3.1/thumb/v6-m/nofp/crtn.o
OUTPUT(main.elf elf32-littlearm)
LOAD linker stubs

.ARM.attributes
                0x0000000000000000       0x28
 .ARM.attributes
                0x0000000000000000       0x1e /usr/lib/gcc/arm-none-eabi/8.3.1/thumb/v6-m/nofp/crti.o
 .ARM.attributes
                0x000000000000001e       0x2c /usr/lib/gcc/arm-none-eabi/8.3.1/thumb/v6-m/nofp/crtbegin.o
 .ARM.attributes
                0x000000000000004a       0x2c CMakeFiles/main.dir/main.c.obj
 .ARM.attributes
                0x0000000000000076       0x2c CMakeFiles/main.dir/home/crypt/pico/pico-sdk/src/rp2_common/hardware_gpio/gpio.c.obj
 .ARM.attributes
                0x00000000000000a2       0x2c CMakeFiles/main.dir/home/crypt/pico/pico-sdk/src/rp2_common/hardware_claim/claim.c.obj
 .ARM.attributes
                0x00000000000000ce       0x2c CMakeFiles/main.dir/home/crypt/pico/pico-sdk/src/rp2_common/pico_platform/platform.c.obj
 .ARM.attributes
                0x00000000000000fa       0x2c CMakeFiles/main.dir/home/crypt/pico/pico-sdk/src/rp2_common/hardware_sync/sync.c.obj
 .ARM.attributes
                0x0000000000000126       0x2c CMakeFiles/main.dir/home/crypt/pico/pico-sdk/src/rp2_common/hardware_uart/uart.c.obj
 .ARM.attributes
                0x0000000000000152       0x2c CMakeFiles/main.dir/home/crypt/pico/pico-sdk/src/common/pico_time/time.c.obj
 .ARM.attributes
                0x000000000000017e       0x2c CMakeFiles/main.dir/home/crypt/pico/pico-sdk/src/rp2_common/hardware_timer/timer.c.obj
 .ARM.attributes
                0x00000000000001aa       0x2c CMakeFiles/main.dir/home/crypt/pico/pico-sdk/src/common/pico_sync/lock_core.c.obj
 .ARM.attributes
                0x00000000000001d6       0x2c CMakeFiles/main.dir/home/crypt/pico/pico-sdk/src/common/pico_sync/mutex.c.obj
 .ARM.attributes
                0x0000000000000202       0x2c CMakeFiles/main.dir/home/crypt/pico/pico-sdk/src/common/pico_sync/critical_section.c.obj
 .ARM.attributes
                0x000000000000022e       0x2c CMakeFiles/main.dir/home/crypt/pico/pico-sdk/src/common/pico_util/datetime.c.obj
 .ARM.attributes
                0x000000000000025a       0x2c CMakeFiles/main.dir/home/crypt/pico/pico-sdk/src/common/pico_util/pheap.c.obj
 .ARM.attributes
                0x0000000000000286       0x2c CMakeFiles/main.dir/home/crypt/pico/pico-sdk/src/rp2_common/pico_runtime/runtime.c.obj
 .ARM.attributes