Archive member included to satisfy reference by file (symbol)

/usr/lib/gcc/arm-none-eabi/8.3.1/thumb/v6-m/nofp/libgcc.a(_dvmd_tls.o)
                              CMakeFiles/basic_pwm.dir/home/pi/pico/pico-sdk/src/rp2_common/pico_divider/divider.S.obj (__aeabi_idiv0)
/usr/lib/gcc/arm-none-eabi/8.3.1/../../../arm-none-eabi/lib/thumb/v6-m/nofp/libc.a(lib_a-atexit.o)
                              /usr/lib/gcc/arm-none-eabi/8.3.1/../../../arm-none-eabi/lib/thumb/v6-m/nofp/crt0.o (atexit)
/usr/lib/gcc/arm-none-eabi/8.3.1/../../../arm-none-eabi/lib/thumb/v6-m/nofp/libc.a(lib_a-calloc.o)
                              CMakeFiles/basic_pwm.dir/home/pi/pico/pico-sdk/src/rp2_common/pico_malloc/pico_malloc.c.obj (calloc)
/usr/lib/gcc/arm-none-eabi/8.3.1/../../../arm-none-eabi/lib/thumb/v6-m/nofp/libc.a(lib_a-callocr.o)
                              /usr/lib/gcc/arm-none-eabi/8.3.1/../../../arm-none-eabi/lib/thumb/v6-m/nofp/libc.a(lib_a-calloc.o) (_calloc_r)
/usr/lib/gcc/arm-none-eabi/8.3.1/../../../arm-none-eabi/lib/thumb/v6-m/nofp/libc.a(lib_a-fini.o)
                              /usr/lib/gcc/arm-none-eabi/8.3.1/../../../arm-none-eabi/lib/thumb/v6-m/nofp/crt0.o (__libc_fini_array)
/usr/lib/gcc/arm-none-eabi/8.3.1/../../../arm-none-eabi/lib/thumb/v6-m/nofp/libc.a(lib_a-impure.o)
                              /usr/lib/gcc/arm-none-eabi/8.3.1/../../../arm-none-eabi/lib/thumb/v6-m/nofp/libc.a(lib_a-calloc.o) (_impure_ptr)
/usr/lib/gcc/arm-none-eabi/8.3.1/../../../arm-none-eabi/lib/thumb/v6-m/nofp/libc.a(lib_a-init.o)
                              /usr/lib/gcc/arm-none-eabi/8.3.1/../../../arm-none-eabi/lib/thumb/v6-m/nofp/crt0.o (__libc_init_array)
/usr/lib/gcc/arm-none-eabi/8.3.1/../../../arm-none-eabi/lib/thumb/v6-m/nofp/libc.a(lib_a-malloc.o)
                              CMakeFiles/basic_pwm.dir/home/pi/pico/pico-sdk/src/rp2_common/pico_malloc/pico_malloc.c.obj (malloc)
/usr/lib/gcc/arm-none-eabi/8.3.1/../../../arm-none-eabi/lib/thumb/v6-m/nofp/libc.a(lib_a-mallocr.o)
                              /usr/lib/gcc/arm-none-eabi/8.3.1/../../../arm-none-eabi/lib/thumb/v6-m/nofp/libc.a(lib_a-callocr.o) (_malloc_r)
/usr/lib/gcc/arm-none-eabi/8.3.1/../../../arm-none-eabi/lib/thumb/v6-m/nofp/libc.a(lib_a-mlock.o)
                              /usr/lib/gcc/arm-none-eabi/8.3.1/../../../arm-none-eabi/lib/thumb/v6-m/nofp/libc.a(lib_a-mallocr.o) (__malloc_lock)
/usr/lib/gcc/arm-none-eabi/8.3.1/../../../arm-none-eabi/lib/thumb/v6-m/nofp/libc.a(lib_a-sbrkr.o)
                              /usr/lib/gcc/arm-none-eabi/8.3.1/../../../arm-none-eabi/lib/thumb/v6-m/nofp/libc.a(lib_a-mallocr.o) (_sbrk_r)
/usr/lib/gcc/arm-none-eabi/8.3.1/../../../arm-none-eabi/lib/thumb/v6-m/nofp/libc.a(lib_a-strlen-stub.o)
                              CMakeFiles/basic_pwm.dir/home/pi/pico/pico-sdk/src/rp2_common/pico_stdio/stdio.c.obj (strlen)
/usr/lib/gcc/arm-none-eabi/8.3.1/../../../arm-none-eabi/lib/thumb/v6-m/nofp/libc.a(lib_a-__atexit.o)
                              /usr/lib/gcc/arm-none-eabi/8.3.1/../../../arm-none-eabi/lib/thumb/v6-m/nofp/libc.a(lib_a-atexit.o) (__register_exitproc)
/usr/lib/gcc/arm-none-eabi/8.3.1/../../../arm-none-eabi/lib/thumb/v6-m/nofp/libc.a(lib_a-freer.o)
                              /usr/lib/gcc/arm-none-eabi/8.3.1/../../../arm-none-eabi/lib/thumb/v6-m/nofp/libc.a(lib_a-malloc.o) (_free_r)
/usr/lib/gcc/arm-none-eabi/8.3.1/../../../arm-none-eabi/lib/thumb/v6-m/nofp/libc.a(lib_a-reent.o)
                              /usr/lib/gcc/arm-none-eabi/8.3.1/../../../arm-none-eabi/lib/thumb/v6-m/nofp/libc.a(lib_a-sbrkr.o) (errno)

Allocating common symbols
Common symbol       size              file

sf_table            0x100             CMakeFiles/basic_pwm.dir/home/pi/pico/pico-sdk/src/rp2_common/pico_float/float_init_rom.c.obj
errno               0x4               /usr/lib/gcc/arm-none-eabi/8.3.1/../../../arm-none-eabi/lib/thumb/v6-m/nofp/libc.a(lib_a-reent.o)
_usbd_qdef_buf      0xc0              CMakeFiles/basic_pwm.dir/home/pi/pico/pico-sdk/lib/tinyusb/src/device/usbd.c.obj
sd_table            0x100             CMakeFiles/basic_pwm.dir/home/pi/pico/pico-sdk/src/rp2_common/pico_double/double_init_rom.c.obj
uart_char_to_line_feed
                    0x4               CMakeFiles/basic_pwm.dir/home/pi/pico/pico-sdk/src/rp2_common/hardware_uart/uart.c.obj

Discarded input sections

 .text          0x00000000        0x0 /usr/lib/gcc/arm-none-eabi/8.3.1/thumb/v6-m/nofp/crti.o
 .data          0x00000000        0x0 /usr/lib/gcc/arm-none-eabi/8.3.1/thumb/v6-m/nofp/crti.o
 .bss           0x00000000        0x0 /usr/lib/gcc/arm-none-eabi/8.3.1/thumb/v6-m/nofp/crti.o
 .data          0x00000000        0x4 /usr/lib/gcc/arm-none-eabi/8.3.1/thumb/v6-m/nofp/crtbegin.o
 .fini_array    0x00000000        0x4 /usr/lib/gcc/arm-none-eabi/8.3.1/thumb/v6-m/nofp/crtbegin.o
 .text          0x00000000       0x74 /usr/lib/gcc/arm-none-eabi/8.3.1/../../../arm-none-eabi/lib/thumb/v6-m/nofp/crt0.o
[...]
Memory Configuration

Name             Origin             Length             Attributes
FLASH            0x10000000         0x00200000         xr
RAM              0x20000000         0x00040000         xrw
SCRATCH_X        0x20040000         0x00001000         xrw
SCRATCH_Y        0x20041000         0x00001000         xrw
*default*        0x00000000         0xffffffff

Linker script and memory map

LOAD /usr/lib/gcc/arm-none-eabi/8.3.1/thumb/v6-m/nofp/crti.o
LOAD /usr/lib/gcc/arm-none-eabi/8.3.1/thumb/v6-m/nofp/crtbegin.o
LOAD /usr/lib/gcc/arm-none-eabi/8.3.1/../../../arm-none-eabi/lib/thumb/v6-m/nofp/crt0.o

.flash_begin    0x10000000        0x0
                0x10000000                __flash_binary_start = .

.boot2          0x10000000      0x100
                0x10000000                __boot2_start__ = .
 *(.boot2)
 .boot2         0x10000000      0x100 /tmp/ccy8obYI.o
                0x10000100                __boot2_end__ = .
                0x00000001                ASSERT (((__boot2_end__ - __boot2_start__) == 0x100), ERROR: Pico second stage bootloader must be 256 bytes in size)

.text           0x10000100     0x7578
                0x10000100                __logical_binary_start = .
 *(.vectors)
 .vectors       0x10000100       0xd4 CMakeFiles/basic_pwm.dir/home/pi/pico/pico-sdk/src/rp2_common/pico_standard_link/crt0.S.obj
                0x10000100                __vectors
                0x10000100                __VECTOR_TABLE
                0x100001c0                isr_invalid
                0x100001c0                __default_isrs_start
                0x100001c2                isr_nmi
                0x100001c4                isr_hardfault
                0x100001c6                isr_svcall
                0x100001c8                isr_pendsv
                0x100001ca                isr_systick
                0x100001cc                isr_irq30
                0x100001cc                __unhandled_user_irq
                0x100001cc                isr_irq13
                0x100001cc                isr_irq27
                0x100001cc                isr_irq31
                0x100001cc                isr_irq5
                0x100001cc                isr_irq11
                0x100001cc                isr_irq23
                0x100001cc                isr_irq18
                0x100001cc                isr_irq28
                0x100001cc                isr_irq19
                0x100001cc                isr_irq0
                0x100001cc                isr_irq6
                0x100001cc                isr_irq22
                0x100001cc                isr_irq17
                0x100001cc                isr_irq14
                0x100001cc                isr_irq2
                0x100001cc                isr_irq10
                0x100001cc                isr_irq8
                0x100001cc                isr_irq24
                0x100001cc                isr_irq1
                0x100001cc                isr_irq7
                0x100001cc                isr_irq21
                0x100001cc                isr_irq20
                0x100001cc                isr_irq15
                0x100001cc                isr_irq25
                0x100001cc                isr_irq4
                0x100001cc                isr_irq16
                0x100001cc                isr_irq29
                0x100001cc                isr_irq26
                0x100001cc                __default_isrs_end
                0x100001cc                isr_irq3
                0x100001cc                isr_irq12
                0x100001cc                isr_irq9
                0x100001d2                unhandled_user_irq_num_in_r0
 *(.binary_info_header)
 .binary_info_header
                0x100001d4       0x14 CMakeFiles/basic_pwm.dir/home/pi/pico/pico-sdk/src/rp2_common/pico_standard_link/crt0.S.obj
                0x100001e8                __binary_info_header_end = .
 *(.reset)
 .reset         0x100001e8       0xa8 CMakeFiles/basic_pwm.dir/home/pi/pico/pico-sdk/src/rp2_common/pico_standard_link/crt0.S.obj
                0x100001e8                _entry_point
                0x10000266                __get_current_exception
 .reset         0x10000290       0x30 CMakeFiles/basic_pwm.dir/home/pi/pico/pico-sdk/src/rp2_common/pico_standard_link/binary_info.c.obj
 *(.init)
 .init          0x100002c0        0x4 /usr/lib/gcc/arm-none-eabi/8.3.1/thumb/v6-m/nofp/crti.o
                0x100002c0                _init
 *(EXCLUDE_FILE(*libm.a: *libc.a:*lib_a-mem*.o *libgcc.a:) .text*)
 .text          0x100002c4       0x98 /usr/lib/gcc/arm-none-eabi/8.3.1/thumb/v6-m/nofp/crtbegin.o
 .text.startup.main
                0x1000035c       0x94 CMakeFiles/basic_pwm.dir/main.c.obj
                0x1000035c                main
 .text.calculate_level
                0x100003f0       0x10 CMakeFiles/basic_pwm.dir/pwm.c.obj
                0x100003f0                calculate_level
 .text.pwm_setup
                0x10000400       0x44 CMakeFiles/basic_pwm.dir/pwm.c.obj
                0x10000400                pwm_setup
 .text.adc_setup
                0x10000444       0x40 CMakeFiles/basic_pwm.dir/adc.c.obj
                0x10000444                adc_setup
 .text.on_uart_rx
                0x10000484       0x60 CMakeFiles/basic_pwm.dir/uart.c.obj
                0x10000484                on_uart_rx
 .text.uart_setup
                0x100004e4       0x84 CMakeFiles/basic_pwm.dir/uart.c.obj
                0x100004e4                uart_setup
 .text.uart_irq_setup
                0x10000568       0x54 CMakeFiles/basic_pwm.dir/uart.c.obj
                0x10000568                uart_irq_setup
 .text.gpio_set_function
                0x100005bc       0x30 CMakeFiles/basic_pwm.dir/home/pi/pico/pico-sdk/src/rp2_common/hardware_gpio/gpio.c.obj
                0x100005bc                gpio_set_function
 .text.gpio_set_pulls
                0x100005ec       0x30 CMakeFiles/basic_pwm.dir/home/pi/pico/pico-sdk/src/rp2_common/hardware_gpio/gpio.c.obj
                0x100005ec                gpio_set_pulls
 .text.gpio_set_input_enabled
                0x1000061c       0x28 CMakeFiles/basic_pwm.dir/home/pi/pico/pico-sdk/src/rp2_common/hardware_gpio/gpio.c.obj
                0x1000061c                gpio_set_input_enabled
 .text.gpio_init
                0x10000644       0x3c CMakeFiles/basic_pwm.dir/home/pi/pico/pico-sdk/src/rp2_common/hardware_gpio/gpio.c.obj
                0x10000644                gpio_init
 .text.hw_claim_or_assert
                0x10000680       0x44 CMakeFiles/basic_pwm.dir/home/pi/pico/pico-sdk/src/rp2_common/hardware_claim/claim.c.obj
                0x10000680                hw_claim_or_assert
 .text.hw_claim_unused_from_range
                0x100006c4       0x9c CMakeFiles/basic_pwm.dir/home/pi/pico/pico-sdk/src/rp2_common/hardware_claim/claim.c.obj
                0x100006c4                hw_claim_unused_from_range
 .text.running_on_fpga
                0x10000760       0x10 CMakeFiles/basic_pwm.dir/home/pi/pico/pico-sdk/src/rp2_common/pico_platform/platform.c.obj
                0x10000760                running_on_fpga
 .text.spin_locks_reset
                0x10000770       0x1c CMakeFiles/basic_pwm.dir/home/pi/pico/pico-sdk/src/rp2_common/hardware_sync/sync.c.obj
                0x10000770                spin_locks_reset
 .text.next_striped_spin_lock_num
                0x1000078c       0x18 CMakeFiles/basic_pwm.dir/home/pi/pico/pico-sdk/src/rp2_common/hardware_sync/sync.c.obj
                0x1000078c                next_striped_spin_lock_num
 .text.spin_lock_claim_unused
                0x100007a4       0x20 CMakeFiles/basic_pwm.dir/home/pi/pico/pico-sdk/src/rp2_common/hardware_sync/sync.c.obj
                0x100007a4                spin_lock_claim_unused
 .text.uart_init
                0x100007c4       0xe4 CMakeFiles/basic_pwm.dir/home/pi/pico/pico-sdk/src/rp2_common/hardware_uart/uart.c.obj
                0x100007c4                uart_init
 .text.timer_pool_entry_comparator
                0x100008a8       0x34 CMakeFiles/basic_pwm.dir/home/pi/pico/pico-sdk/src/common/pico_time/time.c.obj
                0x100008a8                timer_pool_entry_comparator
 .text.sleep_until_callback
                0x100008dc       0x30 CMakeFiles/basic_pwm.dir/home/pi/pico/pico-sdk/src/common/pico_time/time.c.obj
 .text.add_alarm_under_lock
                0x1000090c      0x114 CMakeFiles/basic_pwm.dir/home/pi/pico/pico-sdk/src/common/pico_time/time.c.obj
 .text.alarm_pool_alarm_callback
                0x10000a20      0x1d0 CMakeFiles/basic_pwm.dir/home/pi/pico/pico-sdk/src/common/pico_time/time.c.obj
 .text.alarm_pool_init_default
                0x10000bf0       0x64 CMakeFiles/basic_pwm.dir/home/pi/pico/pico-sdk/src/common/pico_time/time.c.obj
                0x10000bf0                alarm_pool_init_default
 .text.alarm_pool_get_default
                0x10000c54        0x8 CMakeFiles/basic_pwm.dir/home/pi/pico/pico-sdk/src/common/pico_time/time.c.obj
                0x10000c54                alarm_pool_get_default
 .text.alarm_pool_add_alarm_at
                0x10000c5c      0x19c CMakeFiles/basic_pwm.dir/home/pi/pico/pico-sdk/src/common/pico_time/time.c.obj
                0x10000c5c                alarm_pool_add_alarm_at
 .text.alarm_pool_cancel_alarm
                0x10000df8       0x70 CMakeFiles/basic_pwm.dir/home/pi/pico/pico-sdk/src/common/pico_time/time.c.obj
                0x10000df8                alarm_pool_cancel_alarm
 .text.sleep_until
                0x10000e68       0xc4 CMakeFiles/basic_pwm.dir/home/pi/pico/pico-sdk/src/common/pico_time/time.c.obj
                0x10000e68                sleep_until
 .text.sleep_ms
                0x10000f2c       0x38 CMakeFiles/basic_pwm.dir/home/pi/pico/pico-sdk/src/common/pico_time/time.c.obj
                0x10000f2c                sleep_ms
 .text.best_effort_wfe_or_timeout
                0x10000f64       0x58 CMakeFiles/basic_pwm.dir/home/pi/pico/pico-sdk/src/common/pico_time/time.c.obj
                0x10000f64                best_effort_wfe_or_timeout
 .text.hardware_alarm_irq_handler
                0x10000fbc       0xb0 CMakeFiles/basic_pwm.dir/home/pi/pico/pico-sdk/src/rp2_common/hardware_timer/timer.c.obj
 .text.hardware_alarm_claim
                0x1000106c       0x18 CMakeFiles/basic_pwm.dir/home/pi/pico/pico-sdk/src/rp2_common/hardware_timer/timer.c.obj
                0x1000106c                hardware_alarm_claim
 .text.time_us_64
                0x10001084       0x18 CMakeFiles/basic_pwm.dir/home/pi/pico/pico-sdk/src/rp2_common/hardware_timer/timer.c.obj
                0x10001084                time_us_64
 .text.busy_wait_until
                0x1000109c       0x20 CMakeFiles/basic_pwm.dir/home/pi/pico/pico-sdk/src/rp2_common/hardware_timer/timer.c.obj
                0x1000109c                busy_wait_until
 .text.hardware_alarm_set_callback
                0x100010bc       0x8c CMakeFiles/basic_pwm.dir/home/pi/pico/pico-sdk/src/rp2_common/hardware_timer/timer.c.obj
                0x100010bc                hardware_alarm_set_callback
 .text.hardware_alarm_set_target
                0x10001148       0xe8 CMakeFiles/basic_pwm.dir/home/pi/pico/pico-sdk/src/rp2_common/hardware_timer/timer.c.obj
                0x10001148                hardware_alarm_set_target
 .text.hardware_alarm_cancel
                0x10001230       0x40 CMakeFiles/basic_pwm.dir/home/pi/pico/pico-sdk/src/rp2_common/hardware_timer/timer.c.obj
                0x10001230                hardware_alarm_cancel
 .text.lock_init
                0x10001270       0x10 CMakeFiles/basic_pwm.dir/home/pi/pico/pico-sdk/src/common/pico_sync/lock_core.c.obj
                0x10001270                lock_init
 .text.mutex_init
                0x10001280       0x1c CMakeFiles/basic_pwm.dir/home/pi/pico/pico-sdk/src/common/pico_sync/mutex.c.obj
                0x10001280                mutex_init
 .text.recursive_mutex_init
                0x1000129c       0x1c CMakeFiles/basic_pwm.dir/home/pi/pico/pico-sdk/src/common/pico_sync/mutex.c.obj
                0x1000129c                recursive_mutex_init
 .text.critical_section_init
                0x100012b8       0x20 CMakeFiles/basic_pwm.dir/home/pi/pico/pico-sdk/src/common/pico_sync/critical_section.c.obj
                0x100012b8                critical_section_init
 .text.ph_merge_nodes
                0x100012d8       0x5c CMakeFiles/basic_pwm.dir/home/pi/pico/pico-sdk/src/common/pico_util/pheap.c.obj
 .text.ph_post_alloc_init
                0x10001334      0x1b8 CMakeFiles/basic_pwm.dir/home/pi/pico/pico-sdk/src/common/pico_util/pheap.c.obj
                0x10001334                ph_post_alloc_init
 .text.ph_merge_two_pass
                0x100014ec       0x4c CMakeFiles/basic_pwm.dir/home/pi/pico/pico-sdk/src/common/pico_util/pheap.c.obj
                0x100014ec                ph_merge_two_pass
 .text.ph_remove_any_head
                0x10001538      0x1b8 CMakeFiles/basic_pwm.dir/home/pi/pico/pico-sdk/src/common/pico_util/pheap.c.obj
 .text.ph_remove_head
                0x100016f0      0x1bc CMakeFiles/basic_pwm.dir/home/pi/pico/pico-sdk/src/common/pico_util/pheap.c.obj
                0x100016f0                ph_remove_head
 .text.ph_remove_and_free_node
                0x100018ac       0x7c CMakeFiles/basic_pwm.dir/home/pi/pico/pico-sdk/src/common/pico_util/pheap.c.obj
                0x100018ac                ph_remove_and_free_node
 .text.runtime_init
                0x10001928       0xf4 CMakeFiles/basic_pwm.dir/home/pi/pico/pico-sdk/src/rp2_common/pico_runtime/runtime.c.obj
                0x10001928                runtime_init
 .text.exit     0x10001a1c        0x4 CMakeFiles/basic_pwm.dir/home/pi/pico/pico-sdk/src/rp2_common/pico_runtime/runtime.c.obj
                0x10001a1c                exit
 .text.panic    0x10001a20       0x30 CMakeFiles/basic_pwm.dir/home/pi/pico/pico-sdk/src/rp2_common/pico_runtime/runtime.c.obj
                0x10001a20                panic
 .text.hard_assertion_failure
                0x10001a50        0xc CMakeFiles/basic_pwm.dir/home/pi/pico/pico-sdk/src/rp2_common/pico_runtime/runtime.c.obj
                0x10001a50                hard_assertion_failure
 .text.clocks_init
                0x10001a5c      0x2c0 CMakeFiles/basic_pwm.dir/home/pi/pico/pico-sdk/src/rp2_common/hardware_clocks/clocks.c.obj
                0x10001a5c                clocks_init
 .text.clock_get_hz
                0x10001d1c        0xc CMakeFiles/basic_pwm.dir/home/pi/pico/pico-sdk/src/rp2_common/hardware_clocks/clocks.c.obj
                0x10001d1c                clock_get_hz
 .text.irq_set_enabled
                0x10001d28       0x24 CMakeFiles/basic_pwm.dir/home/pi/pico/pico-sdk/src/rp2_common/hardware_irq/irq.c.obj
                0x10001d28                irq_set_enabled
 .text.irq_set_pending
                0x10001d4c       0x10 CMakeFiles/basic_pwm.dir/home/pi/pico/pico-sdk/src/rp2_common/hardware_irq/irq.c.obj
                0x10001d4c                irq_set_pending
 .text.irq_get_vtable_handler
                0x10001d5c       0x10 CMakeFiles/basic_pwm.dir/home/pi/pico/pico-sdk/src/rp2_common/hardware_irq/irq.c.obj
                0x10001d5c                irq_get_vtable_handler
 .text.irq_set_exclusive_handler
                0x10001d6c       0x54 CMakeFiles/basic_pwm.dir/home/pi/pico/pico-sdk/src/rp2_common/hardware_irq/irq.c.obj
                0x10001d6c                irq_set_exclusive_handler
 .text.irq_remove_handler
                0x10001dc0      0x1bc CMakeFiles/basic_pwm.dir/home/pi/pico/pico-sdk/src/rp2_common/hardware_irq/irq.c.obj
                0x10001dc0                irq_remove_handler
 .text.irq_add_tail_to_free_list
                0x10001f7c       0xb4 CMakeFiles/basic_pwm.dir/home/pi/pico/pico-sdk/src/rp2_common/hardware_irq/irq.c.obj
                0x10001f7c                irq_add_tail_to_free_list
 .text.irq_init_priorities
                0x10002030       0x24 CMakeFiles/basic_pwm.dir/home/pi/pico/pico-sdk/src/rp2_common/hardware_irq/irq.c.obj
                0x10002030                irq_init_priorities
 .text.pll_init
                0x10002054       0xa4 CMakeFiles/basic_pwm.dir/home/pi/pico/pico-sdk/src/rp2_common/hardware_pll/pll.c.obj
                0x10002054                pll_init
 .text.watchdog_start_tick
                0x100020f8       0x10 CMakeFiles/basic_pwm.dir/home/pi/pico/pico-sdk/src/rp2_common/hardware_watchdog/watchdog.c.obj
                0x100020f8                watchdog_start_tick
 .text.watchdog_reboot
                0x10002108       0x98 CMakeFiles/basic_pwm.dir/home/pi/pico/pico-sdk/src/rp2_common/hardware_watchdog/watchdog.c.obj
                0x10002108                watchdog_reboot
 .text.xosc_init
                0x100021a0       0x28 CMakeFiles/basic_pwm.dir/home/pi/pico/pico-sdk/src/rp2_common/hardware_xosc/xosc.c.obj
                0x100021a0                xosc_init
 .text._out_buffer
                0x100021c8        0x8 CMakeFiles/basic_pwm.dir/home/pi/pico/pico-sdk/src/rp2_common/pico_printf/printf.c.obj
 .text._out_null
                0x100021d0        0x4 CMakeFiles/basic_pwm.dir/home/pi/pico/pico-sdk/src/rp2_common/pico_printf/printf.c.obj
 .text._out_rev
                0x100021d4       0x9c CMakeFiles/basic_pwm.dir/home/pi/pico/pico-sdk/src/rp2_common/pico_printf/printf.c.obj
 .text._ntoa_format
                0x10002270      0x1c8 CMakeFiles/basic_pwm.dir/home/pi/pico/pico-sdk/src/rp2_common/pico_printf/printf.c.obj
 .text._out_char
                0x10002438       0x10 CMakeFiles/basic_pwm.dir/home/pi/pico/pico-sdk/src/rp2_common/pico_printf/printf.c.obj
 .text._out_fct
                0x10002448       0x10 CMakeFiles/basic_pwm.dir/home/pi/pico/pico-sdk/src/rp2_common/pico_printf/printf.c.obj
 .text._etoa    0x10002458      0x45c CMakeFiles/basic_pwm.dir/home/pi/pico/pico-sdk/src/rp2_common/pico_printf/printf.c.obj
 .text._ftoa    0x100028b4      0x4c0 CMakeFiles/basic_pwm.dir/home/pi/pico/pico-sdk/src/rp2_common/pico_printf/printf.c.obj
 .text._vsnprintf
                0x10002d74      0xad0 CMakeFiles/basic_pwm.dir/home/pi/pico/pico-sdk/src/rp2_common/pico_printf/printf.c.obj
 .text.__wrap_sprintf
                0x10003844       0x28 CMakeFiles/basic_pwm.dir/home/pi/pico/pico-sdk/src/rp2_common/pico_printf/printf.c.obj
                0x10003844                __wrap_sprintf
 .text.vfctprintf
                0x1000386c       0x20 CMakeFiles/basic_pwm.dir/home/pi/pico/pico-sdk/src/rp2_common/pico_printf/printf.c.obj
                0x1000386c                vfctprintf
 .text.weak_raw_vprintf
                0x1000388c       0x30 CMakeFiles/basic_pwm.dir/home/pi/pico/pico-sdk/src/rp2_common/pico_printf/printf.c.obj
                0x1000388c                weak_raw_vprintf
 .text          0x100038bc       0x10 CMakeFiles/basic_pwm.dir/home/pi/pico/pico-sdk/src/rp2_common/pico_bit_ops/bit_ops_aeabi.S.obj
 .text.rom_func_lookup
                0x100038cc       0x10 CMakeFiles/basic_pwm.dir/home/pi/pico/pico-sdk/src/rp2_common/pico_bootrom/bootrom.c.obj
                0x100038cc                rom_func_lookup
 .text.rom_data_lookup
                0x100038dc       0x10 CMakeFiles/basic_pwm.dir/home/pi/pico/pico-sdk/src/rp2_common/pico_bootrom/bootrom.c.obj
                0x100038dc                rom_data_lookup
 .text.rom_funcs_lookup
                0x100038ec       0x3c CMakeFiles/basic_pwm.dir/home/pi/pico/pico-sdk/src/rp2_common/pico_bootrom/bootrom.c.obj
                0x100038ec                rom_funcs_lookup
 .text.__wrap___aeabi_idiv
                0x10003928       0x50 CMakeFiles/basic_pwm.dir/home/pi/pico/pico-sdk/src/rp2_common/pico_divider/divider.S.obj
                0x10003928                __wrap___aeabi_idivmod
                0x10003928                divmod_s32s32
                0x10003928                div_s32s32
                0x10003928                __wrap___aeabi_idiv
                0x10003930                divmod_s32s32_unsafe
                0x1000395c                divmod_s32s32_savestate
 .text.__wrap___aeabi_uidiv
                0x10003978       0x4c CMakeFiles/basic_pwm.dir/home/pi/pico/pico-sdk/src/rp2_common/pico_divider/divider.S.obj
                0x10003978                __wrap___aeabi_uidiv
                0x10003978                __wrap___aeabi_uidivmod
                0x10003978                div_u32u32
                0x10003978                divmod_u32u32
                0x10003980                divmod_u32u32_unsafe
                0x100039a8                divmod_u32u32_savestate
 .text.__wrap___aeabi_ldiv
                0x100039c4      0x434 CMakeFiles/basic_pwm.dir/home/pi/pico/pico-sdk/src/rp2_common/pico_divider/divider.S.obj
                0x100039c4                div_s64s64
                0x100039c4                divmod_s64s64
                0x100039c4                __wrap___aeabi_ldivmod
                0x100039fc                div_u64u64
                0x100039fc                divmod_u64u64
                0x100039fc                __wrap___aeabi_uldivmod
                0x10003a0c                divmod_u64u64_savestate
                0x10003a34                divmod_s64s64_unsafe
                0x10003abc                divmod_u64u64_unsafe
 .text.__wrap___aeabi_darithmetic
                0x10003df8       0x80 CMakeFiles/basic_pwm.dir/home/pi/pico/pico-sdk/src/rp2_common/pico_double/double_aeabi.S.obj
                0x10003df8                __wrap___aeabi_drsub
                0x10003dfe                __wrap___aeabi_dsub
                0x10003e10                __wrap___aeabi_dadd
                0x10003e22                __wrap___aeabi_ddiv
                0x10003e5e                __wrap___aeabi_dmul
 .text.__wrap___aeabi_cdcmple
                0x10003e78       0x6c CMakeFiles/basic_pwm.dir/home/pi/pico/pico-sdk/src/rp2_common/pico_double/double_aeabi.S.obj
                0x10003e78                __wrap___aeabi_cdrcmple
                0x10003e88                __wrap___aeabi_cdcmple
                0x10003e88                __wrap___aeabi_cdcmpeq
 .text.__wrap___aeabi_dcmplt
                0x10003ee4        0xc CMakeFiles/basic_pwm.dir/home/pi/pico/pico-sdk/src/rp2_common/pico_double/double_aeabi.S.obj
                0x10003ee4                __wrap___aeabi_dcmplt
 .text.__wrap___aeabi_dcmpge
                0x10003ef0       0x10 CMakeFiles/basic_pwm.dir/home/pi/pico/pico-sdk/src/rp2_common/pico_double/double_aeabi.S.obj
                0x10003ef0                __wrap___aeabi_dcmpge
 .text.__wrap___aeabi_dcmpgt
                0x10003f00        0xa CMakeFiles/basic_pwm.dir/home/pi/pico/pico-sdk/src/rp2_common/pico_double/double_aeabi.S.obj
                0x10003f00                __wrap___aeabi_dcmpgt
 .text.__wrap___aeabi_dcmpun
                0x10003f0a       0x1c CMakeFiles/basic_pwm.dir/home/pi/pico/pico-sdk/src/rp2_common/pico_double/double_aeabi.S.obj
                0x10003f0a                __wrap___aeabi_dcmpun
 *fill*         0x10003f26        0x2 
 .text.__wrap___aeabi_i2d
                0x10003f28       0x38 CMakeFiles/basic_pwm.dir/home/pi/pico/pico-sdk/src/rp2_common/pico_double/double_aeabi.S.obj
                0x10003f28                __wrap___aeabi_ui2d
                0x10003f30                __wrap___aeabi_i2d
 .text.__wrap___aeabi_d2iz
                0x10003f60       0x48 CMakeFiles/basic_pwm.dir/home/pi/pico/pico-sdk/src/rp2_common/pico_double/double_aeabi.S.obj
                0x10003f60                __wrap___aeabi_d2iz
                0x10003f60                double2int_z
 .text.__wrap___aeabi_d2uiz
                0x10003fa8       0x18 CMakeFiles/basic_pwm.dir/home/pi/pico/pico-sdk/src/rp2_common/pico_double/double_aeabi.S.obj
                0x10003fa8                double2uint
                0x10003fa8                __wrap___aeabi_d2uiz
 .text.__aeabi_double_init
                0x10003fc0       0xbc CMakeFiles/basic_pwm.dir/home/pi/pico/pico-sdk/src/rp2_common/pico_double/double_init_rom.c.obj
                0x10003fc0                __aeabi_double_init
 .text.double_table_shim_on_use_helper
                0x1000407c       0x2c CMakeFiles/basic_pwm.dir/home/pi/pico/pico-sdk/src/rp2_common/pico_double/double_v1_rom_shim.S.obj
                0x1000407c                double_table_shim_on_use_helper
 .text.__wrap___aeabi_dsub
                0x100040a8       0x10 CMakeFiles/basic_pwm.dir/home/pi/pico/pico-sdk/src/rp2_common/pico_double/double_v1_rom_shim.S.obj
                0x100040a8                drsub_shim
                0x100040ae                dsub_shim
 .text.dadd_shim
                0x100040b8      0x15c CMakeFiles/basic_pwm.dir/home/pi/pico/pico-sdk/src/rp2_common/pico_double/double_v1_rom_shim.S.obj
                0x100040b8                dadd_shim
 .text.dmul_shim
                0x10004214      0x15c CMakeFiles/basic_pwm.dir/home/pi/pico/pico-sdk/src/rp2_common/pico_double/double_v1_rom_shim.S.obj
                0x10004214                dmul_shim
 .text.ddiv_shim
                0x10004370      0x1b0 CMakeFiles/basic_pwm.dir/home/pi/pico/pico-sdk/src/rp2_common/pico_double/double_v1_rom_shim.S.obj
                0x10004370                ddiv_shim
 .text.double2uint_shim
                0x10004520        0xe CMakeFiles/basic_pwm.dir/home/pi/pico/pico-sdk/src/rp2_common/pico_double/double_v1_rom_shim.S.obj
                0x10004520                double2uint_shim
                0x10004522                double2ufix_shim
 *fill*         0x1000452e        0x2 
 .text.double2uint64_shim
                0x10004530       0x70 CMakeFiles/basic_pwm.dir/home/pi/pico/pico-sdk/src/rp2_common/pico_double/double_v1_rom_shim.S.obj
                0x10004530                double2uint64_shim
                0x10004532                double2ufix64_shim
                0x10004552                d2fix_a
 .text.dunpacks
                0x100045a0       0x3c CMakeFiles/basic_pwm.dir/home/pi/pico/pico-sdk/src/rp2_common/pico_double/double_v1_rom_shim.S.obj
                0x100045a0                dunpacks
 .text.__aeabi_lmul
                0x100045dc       0x32 CMakeFiles/basic_pwm.dir/home/pi/pico/pico-sdk/src/rp2_common/pico_int64_ops/pico_int64_ops_aeabi.S.obj
                0x100045dc                __wrap___aeabi_lmul
 *fill*         0x1000460e        0x2 
 .text.__aeabi_float_init
                0x10004610       0x68 CMakeFiles/basic_pwm.dir/home/pi/pico/pico-sdk/src/rp2_common/pico_float/float_init_rom.c.obj
                0x10004610                __aeabi_float_init
 .text.float_table_shim_on_use_helper
                0x10004678       0x2c CMakeFiles/basic_pwm.dir/home/pi/pico/pico-sdk/src/rp2_common/pico_float/float_v1_rom_shim.S.obj
                0x10004678                float_table_shim_on_use_helper
 .text          0x100046a4       0x10 CMakeFiles/basic_pwm.dir/home/pi/pico/pico-sdk/src/rp2_common/pico_mem_ops/mem_ops_aeabi.S.obj
                0x100046a4                __aeabi_mem_init
 .text.memset   0x100046b4        0xc CMakeFiles/basic_pwm.dir/home/pi/pico/pico-sdk/src/rp2_common/pico_mem_ops/mem_ops_aeabi.S.obj
                0x100046b4                __wrap_memset
 .text.memcpy   0x100046c0        0xc CMakeFiles/basic_pwm.dir/home/pi/pico/pico-sdk/src/rp2_common/pico_mem_ops/mem_ops_aeabi.S.obj
                0x100046c0                __wrap___aeabi_memcpy
                0x100046c0                __wrap_memcpy
 .text.stdio_out_chars_no_crlf
                0x100046cc       0x10 CMakeFiles/basic_pwm.dir/home/pi/pico/pico-sdk/src/rp2_common/pico_stdio/stdio.c.obj
 .text.stdio_out_chars_crlf
                0x100046dc       0xac CMakeFiles/basic_pwm.dir/home/pi/pico/pico-sdk/src/rp2_common/pico_stdio/stdio.c.obj
 .text.stdio_stack_buffer_flush.part.1
                0x10004788       0xe8 CMakeFiles/basic_pwm.dir/home/pi/pico/pico-sdk/src/rp2_common/pico_stdio/stdio.c.obj
 .text.stdio_buffered_printer
                0x10004870       0x20 CMakeFiles/basic_pwm.dir/home/pi/pico/pico-sdk/src/rp2_common/pico_stdio/stdio.c.obj
 .text.stdio_put_string
                0x10004890       0xf8 CMakeFiles/basic_pwm.dir/home/pi/pico/pico-sdk/src/rp2_common/pico_stdio/stdio.c.obj
 .text.__wrap_putchar
                0x10004988       0xa4 CMakeFiles/basic_pwm.dir/home/pi/pico/pico-sdk/src/rp2_common/pico_stdio/stdio.c.obj
                0x10004988                __wrap_putchar
 .text.__wrap_puts
                0x10004a2c       0x3c CMakeFiles/basic_pwm.dir/home/pi/pico/pico-sdk/src/rp2_common/pico_stdio/stdio.c.obj
                0x10004a2c                __wrap_puts
 .text.stdio_set_driver_enabled
                0x10004a68       0x3c CMakeFiles/basic_pwm.dir/home/pi/pico/pico-sdk/src/rp2_common/pico_stdio/stdio.c.obj
                0x10004a68                stdio_set_driver_enabled
 .text.__wrap_vprintf
                0x10004aa4       0x98 CMakeFiles/basic_pwm.dir/home/pi/pico/pico-sdk/src/rp2_common/pico_stdio/stdio.c.obj
                0x10004aa4                __wrap_vprintf
 .text.__wrap_printf
                0x10004b3c       0x18 CMakeFiles/basic_pwm.dir/home/pi/pico/pico-sdk/src/rp2_common/pico_stdio/stdio.c.obj
                0x10004b3c                __wrap_printf
 .text.stdio_init_all
                0x10004b54        0x8 CMakeFiles/basic_pwm.dir/home/pi/pico/pico-sdk/src/rp2_common/pico_stdio/stdio.c.obj
                0x10004b54                stdio_init_all
 .text.resetd_init
                0x10004b5c        0x4 CMakeFiles/basic_pwm.dir/home/pi/pico/pico-sdk/src/rp2_common/pico_stdio_usb/reset_interface.c.obj
 .text.resetd_reset
                0x10004b60        0xc CMakeFiles/basic_pwm.dir/home/pi/pico/pico-sdk/src/rp2_common/pico_stdio_usb/reset_interface.c.obj
 .text.resetd_open
                0x10004b6c       0x28 CMakeFiles/basic_pwm.dir/home/pi/pico/pico-sdk/src/rp2_common/pico_stdio_usb/reset_interface.c.obj
 .text.resetd_xfer_cb
                0x10004b94        0x4 CMakeFiles/basic_pwm.dir/home/pi/pico/pico-sdk/src/rp2_common/pico_stdio_usb/reset_interface.c.obj
 .text.resetd_control_xfer_cb
                0x10004b98       0x64 CMakeFiles/basic_pwm.dir/home/pi/pico/pico-sdk/src/rp2_common/pico_stdio_usb/reset_interface.c.obj
 .text.usbd_app_driver_get_cb
                0x10004bfc        0xc CMakeFiles/basic_pwm.dir/home/pi/pico/pico-sdk/src/rp2_common/pico_stdio_usb/reset_interface.c.obj
                0x10004bfc                usbd_app_driver_get_cb
 .text.tud_cdc_line_coding_cb
                0x10004c08       0x34 CMakeFiles/basic_pwm.dir/home/pi/pico/pico-sdk/src/rp2_common/pico_stdio_usb/reset_interface.c.obj
                0x10004c08                tud_cdc_line_coding_cb
 .text.stdio_usb_in_chars
                0x10004c3c       0x68 CMakeFiles/basic_pwm.dir/home/pi/pico/pico-sdk/src/rp2_common/pico_stdio_usb/stdio_usb.c.obj
                0x10004c3c                stdio_usb_in_chars
 .text.stdio_usb_out_chars
                0x10004ca4       0xf0 CMakeFiles/basic_pwm.dir/home/pi/pico/pico-sdk/src/rp2_common/pico_stdio_usb/stdio_usb.c.obj
 .text.timer_task
                0x10004d94       0x10 CMakeFiles/basic_pwm.dir/home/pi/pico/pico-sdk/src/rp2_common/pico_stdio_usb/stdio_usb.c.obj
 .text.low_priority_worker_irq
                0x10004da4       0x24 CMakeFiles/basic_pwm.dir/home/pi/pico/pico-sdk/src/rp2_common/pico_stdio_usb/stdio_usb.c.obj
 .text.stdio_usb_init
                0x10004dc8       0x8c CMakeFiles/basic_pwm.dir/home/pi/pico/pico-sdk/src/rp2_common/pico_stdio_usb/stdio_usb.c.obj
                0x10004dc8                stdio_usb_init
 .text.tud_descriptor_device_cb
                0x10004e54        0x8 CMakeFiles/basic_pwm.dir/home/pi/pico/pico-sdk/src/rp2_common/pico_stdio_usb/stdio_usb_descriptors.c.obj
                0x10004e54                tud_descriptor_device_cb
 .text.tud_descriptor_configuration_cb
                0x10004e5c        0x8 CMakeFiles/basic_pwm.dir/home/pi/pico/pico-sdk/src/rp2_common/pico_stdio_usb/stdio_usb_descriptors.c.obj
                0x10004e5c                tud_descriptor_configuration_cb
 .text.tud_descriptor_string_cb
                0x10004e64       0x70 CMakeFiles/basic_pwm.dir/home/pi/pico/pico-sdk/src/rp2_common/pico_stdio_usb/stdio_usb_descriptors.c.obj
                0x10004e64                tud_descriptor_string_cb
 .text.dcd_rp2040_irq
                0x10004ed4      0x21c CMakeFiles/basic_pwm.dir/home/pi/pico/pico-sdk/lib/tinyusb/src/portable/raspberrypi/rp2040/dcd_rp2040.c.obj
 .text.dcd_int_enable
                0x100050f0        0xc CMakeFiles/basic_pwm.dir/home/pi/pico/pico-sdk/lib/tinyusb/src/portable/raspberrypi/rp2040/dcd_rp2040.c.obj
                0x100050f0                dcd_int_enable
 .text.dcd_set_address
                0x100050fc       0x14 CMakeFiles/basic_pwm.dir/home/pi/pico/pico-sdk/lib/tinyusb/src/portable/raspberrypi/rp2040/dcd_rp2040.c.obj
                0x100050fc                dcd_set_address
 .text.dcd_connect
                0x10005110       0x10 CMakeFiles/basic_pwm.dir/home/pi/pico/pico-sdk/lib/tinyusb/src/portable/raspberrypi/rp2040/dcd_rp2040.c.obj
                0x10005110                dcd_connect
 .text.dcd_init
                0x10005120      0x144 CMakeFiles/basic_pwm.dir/home/pi/pico/pico-sdk/lib/tinyusb/src/portable/raspberrypi/rp2040/dcd_rp2040.c.obj
                0x10005120                dcd_init
 .text.dcd_edpt0_status_complete
                0x10005264       0x1c CMakeFiles/basic_pwm.dir/home/pi/pico/pico-sdk/lib/tinyusb/src/portable/raspberrypi/rp2040/dcd_rp2040.c.obj
                0x10005264                dcd_edpt0_status_complete
 .text.dcd_edpt_open
                0x10005280       0xe4 CMakeFiles/basic_pwm.dir/home/pi/pico/pico-sdk/lib/tinyusb/src/portable/raspberrypi/rp2040/dcd_rp2040.c.obj
                0x10005280                dcd_edpt_open
 .text.dcd_edpt_close_all
                0x10005364       0xbc CMakeFiles/basic_pwm.dir/home/pi/pico/pico-sdk/lib/tinyusb/src/portable/raspberrypi/rp2040/dcd_rp2040.c.obj
                0x10005364                dcd_edpt_close_all
 .text.dcd_edpt_xfer
                0x10005420       0x24 CMakeFiles/basic_pwm.dir/home/pi/pico/pico-sdk/lib/tinyusb/src/portable/raspberrypi/rp2040/dcd_rp2040.c.obj
                0x10005420                dcd_edpt_xfer
 .text.dcd_edpt_stall
                0x10005444       0x34 CMakeFiles/basic_pwm.dir/home/pi/pico/pico-sdk/lib/tinyusb/src/portable/raspberrypi/rp2040/dcd_rp2040.c.obj
                0x10005444                dcd_edpt_stall
 .text.dcd_edpt_clear_stall
                0x10005478       0x2c CMakeFiles/basic_pwm.dir/home/pi/pico/pico-sdk/lib/tinyusb/src/portable/raspberrypi/rp2040/dcd_rp2040.c.obj
                0x10005478                dcd_edpt_clear_stall
 .text._hw_endpoint_buffer_control_update32.part.2
                0x100054a4       0x20 CMakeFiles/basic_pwm.dir/home/pi/pico/pico-sdk/lib/tinyusb/src/portable/raspberrypi/rp2040/rp2040_usb.c.obj
 .text.rp2040_usb_init
                0x100054c4       0x4c CMakeFiles/basic_pwm.dir/home/pi/pico/pico-sdk/lib/tinyusb/src/portable/raspberrypi/rp2040/rp2040_usb.c.obj
                0x100054c4                rp2040_usb_init
 .text.hw_endpoint_reset_transfer
                0x10005510        0xc CMakeFiles/basic_pwm.dir/home/pi/pico/pico-sdk/lib/tinyusb/src/portable/raspberrypi/rp2040/rp2040_usb.c.obj
                0x10005510                hw_endpoint_reset_transfer
 .text._hw_endpoint_buffer_control_update32
                0x1000551c       0x40 CMakeFiles/basic_pwm.dir/home/pi/pico/pico-sdk/lib/tinyusb/src/portable/raspberrypi/rp2040/rp2040_usb.c.obj
                0x1000551c                _hw_endpoint_buffer_control_update32
 .text.hw_endpoint_xfer_start
                0x1000555c      0x138 CMakeFiles/basic_pwm.dir/home/pi/pico/pico-sdk/lib/tinyusb/src/portable/raspberrypi/rp2040/rp2040_usb.c.obj
                0x1000555c                hw_endpoint_xfer_start
 .text.hw_endpoint_xfer_continue
                0x10005694      0x1e0 CMakeFiles/basic_pwm.dir/home/pi/pico/pico-sdk/lib/tinyusb/src/portable/raspberrypi/rp2040/rp2040_usb.c.obj
                0x10005694                hw_endpoint_xfer_continue
 .text.tud_mounted
                0x10005874       0x10 CMakeFiles/basic_pwm.dir/home/pi/pico/pico-sdk/lib/tinyusb/src/device/usbd.c.obj
                0x10005874                tud_mounted
 .text.tud_suspended
                0x10005884       0x10 CMakeFiles/basic_pwm.dir/home/pi/pico/pico-sdk/lib/tinyusb/src/device/usbd.c.obj
                0x10005884                tud_suspended
 .text.tud_inited
                0x10005894        0xc CMakeFiles/basic_pwm.dir/home/pi/pico/pico-sdk/lib/tinyusb/src/device/usbd.c.obj
                0x10005894                tud_inited
 .text.tud_init
                0x100058a0       0xd4 CMakeFiles/basic_pwm.dir/home/pi/pico/pico-sdk/lib/tinyusb/src/device/usbd.c.obj
                0x100058a0                tud_init
 .text.tud_task
                0x10005974      0x928 CMakeFiles/basic_pwm.dir/home/pi/pico/pico-sdk/lib/tinyusb/src/device/usbd.c.obj
                0x10005974                tud_task
 .text.dcd_event_bus_signal
                0x1000629c      0x124 CMakeFiles/basic_pwm.dir/home/pi/pico/pico-sdk/lib/tinyusb/src/device/usbd.c.obj
                0x1000629c                dcd_event_bus_signal
 .text.dcd_event_bus_reset
                0x100063c0       0x58 CMakeFiles/basic_pwm.dir/home/pi/pico/pico-sdk/lib/tinyusb/src/device/usbd.c.obj
                0x100063c0                dcd_event_bus_reset
 .text.dcd_event_setup_received
                0x10006418       0x50 CMakeFiles/basic_pwm.dir/home/pi/pico/pico-sdk/lib/tinyusb/src/device/usbd.c.obj
                0x10006418                dcd_event_setup_received
 .text.dcd_event_xfer_complete
                0x10006468       0x68 CMakeFiles/basic_pwm.dir/home/pi/pico/pico-sdk/lib/tinyusb/src/device/usbd.c.obj
                0x10006468                dcd_event_xfer_complete
 .text.usbd_open_edpt_pair
                0x100064d0       0x9c CMakeFiles/basic_pwm.dir/home/pi/pico/pico-sdk/lib/tinyusb/src/device/usbd.c.obj
                0x100064d0                usbd_open_edpt_pair
 .text.usbd_edpt_open
                0x1000656c       0x30 CMakeFiles/basic_pwm.dir/home/pi/pico/pico-sdk/lib/tinyusb/src/device/usbd.c.obj
                0x1000656c                usbd_edpt_open
 .text.usbd_edpt_claim
                0x1000659c       0x60 CMakeFiles/basic_pwm.dir/home/pi/pico/pico-sdk/lib/tinyusb/src/device/usbd.c.obj
                0x1000659c                usbd_edpt_claim
 .text.usbd_edpt_release
                0x100065fc       0x4c CMakeFiles/basic_pwm.dir/home/pi/pico/pico-sdk/lib/tinyusb/src/device/usbd.c.obj
                0x100065fc                usbd_edpt_release
 .text.usbd_edpt_xfer
                0x10006648       0x48 CMakeFiles/basic_pwm.dir/home/pi/pico/pico-sdk/lib/tinyusb/src/device/usbd.c.obj
                0x10006648                usbd_edpt_xfer
 .text.tud_control_status
                0x10006690       0x30 CMakeFiles/basic_pwm.dir/home/pi/pico/pico-sdk/lib/tinyusb/src/device/usbd_control.c.obj
                0x10006690                tud_control_status
 .text.tud_control_xfer
                0x100066c0       0xb4 CMakeFiles/basic_pwm.dir/home/pi/pico/pico-sdk/lib/tinyusb/src/device/usbd_control.c.obj
                0x100066c0                tud_control_xfer
 .text.usbd_control_reset
                0x10006774       0x14 CMakeFiles/basic_pwm.dir/home/pi/pico/pico-sdk/lib/tinyusb/src/device/usbd_control.c.obj
                0x10006774                usbd_control_reset
 .text.usbd_control_set_complete_callback
                0x10006788        0xc CMakeFiles/basic_pwm.dir/home/pi/pico/pico-sdk/lib/tinyusb/src/device/usbd_control.c.obj
                0x10006788                usbd_control_set_complete_callback
 .text.usbd_control_set_request
                0x10006794       0x1c CMakeFiles/basic_pwm.dir/home/pi/pico/pico-sdk/lib/tinyusb/src/device/usbd_control.c.obj
                0x10006794                usbd_control_set_request
 .text.usbd_control_xfer_cb
                0x100067b0       0xfc CMakeFiles/basic_pwm.dir/home/pi/pico/pico-sdk/lib/tinyusb/src/device/usbd_control.c.obj
                0x100067b0                usbd_control_xfer_cb
 .text.tud_cdc_n_connected
                0x100068ac       0x30 CMakeFiles/basic_pwm.dir/home/pi/pico/pico-sdk/lib/tinyusb/src/class/cdc/cdc_device.c.obj
                0x100068ac                tud_cdc_n_connected
 .text.tud_cdc_n_available
                0x100068dc       0x18 CMakeFiles/basic_pwm.dir/home/pi/pico/pico-sdk/lib/tinyusb/src/class/cdc/cdc_device.c.obj
                0x100068dc                tud_cdc_n_available
 .text.tud_cdc_n_read
                0x100068f4       0x70 CMakeFiles/basic_pwm.dir/home/pi/pico/pico-sdk/lib/tinyusb/src/class/cdc/cdc_device.c.obj
                0x100068f4                tud_cdc_n_read
 .text.tud_cdc_n_write_flush
                0x10006964       0x78 CMakeFiles/basic_pwm.dir/home/pi/pico/pico-sdk/lib/tinyusb/src/class/cdc/cdc_device.c.obj
                0x10006964                tud_cdc_n_write_flush
 .text.tud_cdc_n_write
                0x100069dc       0x34 CMakeFiles/basic_pwm.dir/home/pi/pico/pico-sdk/lib/tinyusb/src/class/cdc/cdc_device.c.obj
                0x100069dc                tud_cdc_n_write
 .text.tud_cdc_n_write_available
                0x10006a10       0x18 CMakeFiles/basic_pwm.dir/home/pi/pico/pico-sdk/lib/tinyusb/src/class/cdc/cdc_device.c.obj
                0x10006a10                tud_cdc_n_write_available
 .text.cdcd_init
                0x10006a28       0x7c CMakeFiles/basic_pwm.dir/home/pi/pico/pico-sdk/lib/tinyusb/src/class/cdc/cdc_device.c.obj
                0x10006a28                cdcd_init
 .text.cdcd_reset
                0x10006aa4       0x2c CMakeFiles/basic_pwm.dir/home/pi/pico/pico-sdk/lib/tinyusb/src/class/cdc/cdc_device.c.obj
                0x10006aa4                cdcd_reset
 .text.cdcd_open
                0x10006ad0       0xe4 CMakeFiles/basic_pwm.dir/home/pi/pico/pico-sdk/lib/tinyusb/src/class/cdc/cdc_device.c.obj
                0x10006ad0                cdcd_open
 .text.cdcd_control_xfer_cb
                0x10006bb4       0xdc CMakeFiles/basic_pwm.dir/home/pi/pico/pico-sdk/lib/tinyusb/src/class/cdc/cdc_device.c.obj
                0x10006bb4                cdcd_control_xfer_cb
 .text.cdcd_xfer_cb
                0x10006c90      0x19c CMakeFiles/basic_pwm.dir/home/pi/pico/pico-sdk/lib/tinyusb/src/class/cdc/cdc_device.c.obj
                0x10006c90                cdcd_xfer_cb
 .text.tusb_init
                0x10006e2c        0xc CMakeFiles/basic_pwm.dir/home/pi/pico/pico-sdk/lib/tinyusb/src/tusb.c.obj
                0x10006e2c                tusb_init
 .text.tusb_inited
                0x10006e38        0x8 CMakeFiles/basic_pwm.dir/home/pi/pico/pico-sdk/lib/tinyusb/src/tusb.c.obj
                0x10006e38                tusb_inited
 .text.tu_edpt_validate
                0x10006e40       0x74 CMakeFiles/basic_pwm.dir/home/pi/pico/pico-sdk/lib/tinyusb/src/tusb.c.obj
                0x10006e40                tu_edpt_validate
 .text.tu_edpt_bind_driver
                0x10006eb4       0x2c CMakeFiles/basic_pwm.dir/home/pi/pico/pico-sdk/lib/tinyusb/src/tusb.c.obj
                0x10006eb4                tu_edpt_bind_driver
 .text.tu_fifo_config
                0x10006ee0       0x78 CMakeFiles/basic_pwm.dir/home/pi/pico/pico-sdk/lib/tinyusb/src/common/tusb_fifo.c.obj
                0x10006ee0                tu_fifo_config
 .text.tu_fifo_count
                0x10006f58       0x24 CMakeFiles/basic_pwm.dir/home/pi/pico/pico-sdk/lib/tinyusb/src/common/tusb_fifo.c.obj
                0x10006f58                tu_fifo_count
 .text.tu_fifo_empty
                0x10006f7c       0x10 CMakeFiles/basic_pwm.dir/home/pi/pico/pico-sdk/lib/tinyusb/src/common/tusb_fifo.c.obj
                0x10006f7c                tu_fifo_empty
 .text.tu_fifo_remaining
                0x10006f8c       0x20 CMakeFiles/basic_pwm.dir/home/pi/pico/pico-sdk/lib/tinyusb/src/common/tusb_fifo.c.obj
                0x10006f8c                tu_fifo_remaining
 .text.tu_fifo_read
                0x10006fac       0xa0 CMakeFiles/basic_pwm.dir/home/pi/pico/pico-sdk/lib/tinyusb/src/common/tusb_fifo.c.obj
                0x10006fac                tu_fifo_read
 .text.tu_fifo_read_n
                0x1000704c       0xf8 CMakeFiles/basic_pwm.dir/home/pi/pico/pico-sdk/lib/tinyusb/src/common/tusb_fifo.c.obj
                0x1000704c                tu_fifo_read_n
 .text.tu_fifo_write
                0x10007144       0x80 CMakeFiles/basic_pwm.dir/home/pi/pico/pico-sdk/lib/tinyusb/src/common/tusb_fifo.c.obj
                0x10007144                tu_fifo_write
 .text.tu_fifo_write_n
                0x100071c4       0xfc CMakeFiles/basic_pwm.dir/home/pi/pico/pico-sdk/lib/tinyusb/src/common/tusb_fifo.c.obj
                0x100071c4                tu_fifo_write_n
 .text.tu_fifo_clear
                0x100072c0       0x4c CMakeFiles/basic_pwm.dir/home/pi/pico/pico-sdk/lib/tinyusb/src/common/tusb_fifo.c.obj
                0x100072c0                tu_fifo_clear
 .text.tu_fifo_set_overwritable
                0x1000730c       0x3c CMakeFiles/basic_pwm.dir/home/pi/pico/pico-sdk/lib/tinyusb/src/common/tusb_fifo.c.obj
                0x1000730c                tu_fifo_set_overwritable
 .text.startup._retrieve_unique_id_on_boot
                0x10007348       0x10 CMakeFiles/basic_pwm.dir/home/pi/pico/pico-sdk/src/rp2_common/pico_unique_id/unique_id.c.obj
 .text.pico_get_unique_board_id_string
                0x10007358      0x1cc CMakeFiles/basic_pwm.dir/home/pi/pico/pico-sdk/src/rp2_common/pico_unique_id/unique_id.c.obj
                0x10007358                pico_get_unique_board_id_string
 .text.flash_get_unique_id
                0x10007524       0x3c CMakeFiles/basic_pwm.dir/home/pi/pico/pico-sdk/src/rp2_common/hardware_flash/flash.c.obj
                0x10007524                flash_get_unique_id
 .text.adc_init
                0x10007560       0x38 CMakeFiles/basic_pwm.dir/home/pi/pico/pico-sdk/src/rp2_common/hardware_adc/adc.c.obj
                0x10007560                adc_init
 .text          0x10007598       0x68 /usr/lib/gcc/arm-none-eabi/8.3.1/../../../arm-none-eabi/lib/thumb/v6-m/nofp/libc.a(lib_a-strlen-stub.o)
                0x10007598                strlen
 *(.fini)
 .fini          0x10007600        0x4 /usr/lib/gcc/arm-none-eabi/8.3.1/thumb/v6-m/nofp/crti.o
                0x10007600                _fini
 *fill*         0x10007604        0x4 
 .fini.__stub   0x10007608       0x70 linker stubs
 *crtbegin.o(.ctors)
 *crtbegin?.o(.ctors)
 *(EXCLUDE_FILE(*crtend.o *crtend?.o) .ctors)
 *(SORT_BY_NAME(.ctors.*))
 *(.ctors)
 *crtbegin.o(.dtors)
 *crtbegin?.o(.dtors)
 *(EXCLUDE_FILE(*crtend.o *crtend?.o) .dtors)
 *(SORT_BY_NAME(.dtors.*))
 *(.dtors)
 *(.eh_frame*)
 .eh_frame      0x10007678        0x0 /usr/lib/gcc/arm-none-eabi/8.3.1/thumb/v6-m/nofp/crtbegin.o
                0x10007678                . = ALIGN (0x4)

.glue_7         0x10007678        0x0
 .glue_7        0x10007678        0x0 linker stubs

.glue_7t        0x10007678        0x0
 .glue_7t       0x10007678        0x0 linker stubs

.vfp11_veneer   0x10007678        0x0
 .vfp11_veneer  0x10007678        0x0 linker stubs

.v4_bx          0x10007678        0x0
 .v4_bx         0x10007678        0x0 linker stubs

.iplt           0x10007678        0x0
 .iplt          0x10007678        0x0 /usr/lib/gcc/arm-none-eabi/8.3.1/thumb/v6-m/nofp/crtbegin.o

.rodata         0x10007678      0x530
 *(EXCLUDE_FILE(*libm.a: *libc.a:*lib_a-mem*.o *libgcc.a:) .rodata*)
 .rodata        0x10007678       0x14 CMakeFiles/basic_pwm.dir/main.c.obj
 .rodata.main.str1.4
                0x1000768c        0x4 CMakeFiles/basic_pwm.dir/main.c.obj
 .rodata.on_uart_rx.str1.4
                0x10007690       0x15 CMakeFiles/basic_pwm.dir/uart.c.obj
 *fill*         0x100076a5        0x3 
 .rodata.spin_lock_claim_unused.str1.4
                0x100076a8       0x1b CMakeFiles/basic_pwm.dir/home/pi/pico/pico-sdk/src/rp2_common/hardware_sync/sync.c.obj
 *fill*         0x100076c3        0x1 
 .rodata.hardware_alarm_claim.str1.4
                0x100076c4       0x22 CMakeFiles/basic_pwm.dir/home/pi/pico/pico-sdk/src/rp2_common/hardware_timer/timer.c.obj
 *fill*         0x100076e6        0x2 
 .rodata.hard_assertion_failure.str1.4
                0x100076e8        0xc CMakeFiles/basic_pwm.dir/home/pi/pico/pico-sdk/src/rp2_common/pico_runtime/runtime.c.obj
 .rodata.panic.str1.4
                0x100076f4       0x12 CMakeFiles/basic_pwm.dir/home/pi/pico/pico-sdk/src/rp2_common/pico_runtime/runtime.c.obj
 *fill*         0x10007706        0x2 
 .rodata._vsnprintf
                0x10007708      0x1e0 CMakeFiles/basic_pwm.dir/home/pi/pico/pico-sdk/src/rp2_common/pico_printf/printf.c.obj
 .rodata._ftoa.str1.4
                0x100078e8       0x15 CMakeFiles/basic_pwm.dir/home/pi/pico/pico-sdk/src/rp2_common/pico_printf/printf.c.obj
 *fill*         0x100078fd        0x3 
 .rodata.pow10.5485
                0x10007900       0x50 CMakeFiles/basic_pwm.dir/home/pi/pico/pico-sdk/src/rp2_common/pico_printf/printf.c.obj
 .rodata.__bi_44
                0x10007950        0xc CMakeFiles/basic_pwm.dir/home/pi/pico/pico-sdk/src/rp2_common/pico_standard_link/binary_info.c.obj
 .rodata.__bi_75
                0x1000795c        0xc CMakeFiles/basic_pwm.dir/home/pi/pico/pico-sdk/src/rp2_common/pico_standard_link/binary_info.c.obj
 .rodata.__bi_81
                0x10007968        0xc CMakeFiles/basic_pwm.dir/home/pi/pico/pico-sdk/src/rp2_common/pico_standard_link/binary_info.c.obj
 .rodata.str1.4
                0x10007974       0x40 CMakeFiles/basic_pwm.dir/home/pi/pico/pico-sdk/src/rp2_common/pico_standard_link/binary_info.c.obj
 .rodata.crlf_str.5954
                0x100079b4        0x2 CMakeFiles/basic_pwm.dir/home/pi/pico/pico-sdk/src/rp2_common/pico_stdio/stdio.c.obj
 *fill*         0x100079b6        0x2 
 .rodata._resetd_driver
                0x100079b8       0x18 CMakeFiles/basic_pwm.dir/home/pi/pico/pico-sdk/src/rp2_common/pico_stdio_usb/reset_interface.c.obj
 .rodata.__bi_93.7232
                0x100079d0        0xc CMakeFiles/basic_pwm.dir/home/pi/pico/pico-sdk/src/rp2_common/pico_stdio_usb/stdio_usb.c.obj
 .rodata.str1.4
                0x100079dc       0x13 CMakeFiles/basic_pwm.dir/home/pi/pico/pico-sdk/src/rp2_common/pico_stdio_usb/stdio_usb.c.obj
 *fill*         0x100079ef        0x1 
 .rodata.str1.4
                0x100079f0       0x2a CMakeFiles/basic_pwm.dir/home/pi/pico/pico-sdk/src/rp2_common/pico_stdio_usb/stdio_usb_descriptors.c.obj
 *fill*         0x10007a1a        0x2 
 .rodata.usbd_desc_cfg
                0x10007a1c       0x54 CMakeFiles/basic_pwm.dir/home/pi/pico/pico-sdk/src/rp2_common/pico_stdio_usb/stdio_usb_descriptors.c.obj
 .rodata.usbd_desc_device
                0x10007a70       0x12 CMakeFiles/basic_pwm.dir/home/pi/pico/pico-sdk/src/rp2_common/pico_stdio_usb/stdio_usb_descriptors.c.obj
 *fill*         0x10007a82        0x2 
 .rodata.usbd_desc_str
                0x10007a84       0x18 CMakeFiles/basic_pwm.dir/home/pi/pico/pico-sdk/src/rp2_common/pico_stdio_usb/stdio_usb_descriptors.c.obj
 .rodata.dcd_rp2040_irq.str1.4
                0x10007a9c       0x14 CMakeFiles/basic_pwm.dir/home/pi/pico/pico-sdk/lib/tinyusb/src/portable/raspberrypi/rp2040/dcd_rp2040.c.obj
 .rodata._hw_endpoint_buffer_control_update32.part.2.str1.4
                0x10007ab0       0x1f CMakeFiles/basic_pwm.dir/home/pi/pico/pico-sdk/lib/tinyusb/src/portable/raspberrypi/rp2040/rp2040_usb.c.obj
 *fill*         0x10007acf        0x1 
 .rodata.hw_endpoint_xfer_continue.str1.4
                0x10007ad0       0x29 CMakeFiles/basic_pwm.dir/home/pi/pico/pico-sdk/lib/tinyusb/src/portable/raspberrypi/rp2040/rp2040_usb.c.obj
 *fill*         0x10007af9        0x3 
 .rodata.str1.4
                0x10007afc        0x7 CMakeFiles/basic_pwm.dir/home/pi/pico/pico-sdk/lib/tinyusb/src/portable/raspberrypi/rp2040/rp2040_usb.c.obj
 *fill*         0x10007b03        0x1 
 .rodata.tud_task
                0x10007b04       0x8c CMakeFiles/basic_pwm.dir/home/pi/pico/pico-sdk/lib/tinyusb/src/device/usbd.c.obj
 .rodata._usbd_driver
                0x10007b90       0x18 CMakeFiles/basic_pwm.dir/home/pi/pico/pico-sdk/lib/tinyusb/src/device/usbd.c.obj
                0x10007ba8                . = ALIGN (0x4)
 *(SORT_BY_ALIGNMENT(SORT_BY_NAME(.flashdata*)))
                0x10007ba8                . = ALIGN (0x4)

.rel.dyn        0x10007ba8        0x0
 .rel.iplt      0x10007ba8        0x0 /usr/lib/gcc/arm-none-eabi/8.3.1/thumb/v6-m/nofp/crtbegin.o

.ARM.extab
 *(.ARM.extab* .gnu.linkonce.armextab.*)
                0x10007ba8                __exidx_start = .

.ARM.exidx
 *(.ARM.exidx* .gnu.linkonce.armexidx.*)
                0x10007ba8                __exidx_end = .
                0x10007ba8                . = ALIGN (0x4)
                0x10007ba8                __binary_info_start = .

.binary_info    0x10007ba8       0x20
 *(.binary_info.keep.*)
 .binary_info.keep.__bi_ptr22
                0x10007ba8        0x4 CMakeFiles/basic_pwm.dir/home/pi/pico/pico-sdk/src/rp2_common/pico_standard_link/binary_info.c.obj
 .binary_info.keep.__bi_ptr30
                0x10007bac        0x4 CMakeFiles/basic_pwm.dir/home/pi/pico/pico-sdk/src/rp2_common/pico_standard_link/binary_info.c.obj
 .binary_info.keep.__bi_ptr38
                0x10007bb0        0x4 CMakeFiles/basic_pwm.dir/home/pi/pico/pico-sdk/src/rp2_common/pico_standard_link/binary_info.c.obj
 .binary_info.keep.__bi_ptr44
                0x10007bb4        0x4 CMakeFiles/basic_pwm.dir/home/pi/pico/pico-sdk/src/rp2_common/pico_standard_link/binary_info.c.obj
 .binary_info.keep.__bi_ptr50
                0x10007bb8        0x4 CMakeFiles/basic_pwm.dir/home/pi/pico/pico-sdk/src/rp2_common/pico_standard_link/binary_info.c.obj
 .binary_info.keep.__bi_ptr75
                0x10007bbc        0x4 CMakeFiles/basic_pwm.dir/home/pi/pico/pico-sdk/src/rp2_common/pico_standard_link/binary_info.c.obj
 .binary_info.keep.__bi_ptr81
                0x10007bc0        0x4 CMakeFiles/basic_pwm.dir/home/pi/pico/pico-sdk/src/rp2_common/pico_standard_link/binary_info.c.obj
 *(.binary_info.*)
 .binary_info.__bi_ptr93
                0x10007bc4        0x4 CMakeFiles/basic_pwm.dir/home/pi/pico/pico-sdk/src/rp2_common/pico_stdio_usb/stdio_usb.c.obj
                0x10007bc8                __binary_info_end = .
                0x10007bc8                . = ALIGN (0x4)
                0x10007bc8                __etext = .

.ram_vector_table
                0x20000000       0xc0
 *(.ram_vector_table)
 .ram_vector_table
                0x20000000       0xc0 CMakeFiles/basic_pwm.dir/home/pi/pico/pico-sdk/src/rp2_common/pico_runtime/runtime.c.obj
                0x20000000                ram_vector_table

.data           0x200000c0      0x3b0 load address 0x10007bc8
                0x200000c0                __data_start__ = .
 *(vtable)
 *(.time_critical*)
 .time_critical.mutex_enter_blocking
                0x200000c0       0x48 CMakeFiles/basic_pwm.dir/home/pi/pico/pico-sdk/src/common/pico_sync/mutex.c.obj
                0x200000c0                mutex_enter_blocking
 .time_critical.mutex_try_enter
                0x20000108       0x48 CMakeFiles/basic_pwm.dir/home/pi/pico/pico-sdk/src/common/pico_sync/mutex.c.obj
                0x20000108                mutex_try_enter
 .time_critical.mutex_enter_timeout_ms
                0x20000150       0x98 CMakeFiles/basic_pwm.dir/home/pi/pico/pico-sdk/src/common/pico_sync/mutex.c.obj
                0x20000150                mutex_enter_timeout_ms
 .time_critical.mutex_exit
                0x200001e8       0x28 CMakeFiles/basic_pwm.dir/home/pi/pico/pico-sdk/src/common/pico_sync/mutex.c.obj
                0x200001e8                mutex_exit
 .time_critical.flash_init_boot2_copyout
                0x20000210       0x30 CMakeFiles/basic_pwm.dir/home/pi/pico/pico-sdk/src/rp2_common/hardware_flash/flash.c.obj
 .time_critical.flash_enable_xip_via_boot2
                0x20000240       0x10 CMakeFiles/basic_pwm.dir/home/pi/pico/pico-sdk/src/rp2_common/hardware_flash/flash.c.obj
 .time_critical.flash_cs_force
                0x20000250       0x38 CMakeFiles/basic_pwm.dir/home/pi/pico/pico-sdk/src/rp2_common/hardware_flash/flash.c.obj
 .time_critical.flash_do_cmd
                0x20000288       0xb4 CMakeFiles/basic_pwm.dir/home/pi/pico/pico-sdk/src/rp2_common/hardware_flash/flash.c.obj
                0x20000288                flash_do_cmd
 *(.text*)
 .text          0x2000033c        0x4 /usr/lib/gcc/arm-none-eabi/8.3.1/thumb/v6-m/nofp/libgcc.a(_dvmd_tls.o)
                0x2000033c                __aeabi_ldiv0
                0x2000033c                __aeabi_idiv0
 .text.__stub   0x20000340       0x30 linker stubs
                0x20000370                . = ALIGN (0x4)
 *(.rodata*)
                0x20000370                . = ALIGN (0x4)
 *(.data*)
 .data.striped_spin_lock_num
                0x20000370        0x1 CMakeFiles/basic_pwm.dir/home/pi/pico/pico-sdk/src/rp2_common/hardware_sync/sync.c.obj
 *fill*         0x20000371        0x3 
 .data.default_alarm_pool
                0x20000374       0x18 CMakeFiles/basic_pwm.dir/home/pi/pico/pico-sdk/src/common/pico_time/time.c.obj
 .data.default_alarm_pool_heap
                0x2000038c       0x10 CMakeFiles/basic_pwm.dir/home/pi/pico/pico-sdk/src/common/pico_time/time.c.obj
 .data          0x2000039c       0x48 CMakeFiles/basic_pwm.dir/home/pi/pico/pico-sdk/src/rp2_common/hardware_irq/irq_handler_chain.S.obj
                0x2000039c                irq_handler_chain_slots
                0x200003cc                irq_handler_chain_first_slot
                0x200003d6                irq_handler_chain_remove_tail
 *fill*         0x200003e4        0xc 
 .data.aeabi_bits_funcs
                0x200003f0       0x10 CMakeFiles/basic_pwm.dir/home/pi/pico/pico-sdk/src/rp2_common/pico_bit_ops/bit_ops_aeabi.S.obj
                0x200003f0                aeabi_bits_funcs
                0x20000400                aeabi_bits_funcs_end
 .data.aeabi_mem_funcs
                0x20000400       0x10 CMakeFiles/basic_pwm.dir/home/pi/pico/pico-sdk/src/rp2_common/pico_mem_ops/mem_ops_aeabi.S.obj
                0x20000400                aeabi_mem_funcs
                0x20000410                aeabi_mem_funcs_end
 .data.stdio_usb
                0x20000410       0x14 CMakeFiles/basic_pwm.dir/home/pi/pico/pico-sdk/src/rp2_common/pico_stdio_usb/stdio_usb.c.obj
                0x20000410                stdio_usb
 .data.ep_dir_string
                0x20000424        0x8 CMakeFiles/basic_pwm.dir/home/pi/pico/pico-sdk/lib/tinyusb/src/portable/raspberrypi/rp2040/rp2040_usb.c.obj
                0x20000424                ep_dir_string
 .data._usbd_qdef
                0x2000042c       0x24 CMakeFiles/basic_pwm.dir/home/pi/pico/pico-sdk/lib/tinyusb/src/device/usbd.c.obj
                0x2000042c                _usbd_qdef
                0x20000450                . = ALIGN (0x4)
 *(.after_data.*)
                0x20000450                . = ALIGN (0x4)
                0x20000450                PROVIDE (__mutex_array_start = .)
 *(SORT_BY_NAME(.mutex_array.*))
 *(.mutex_array)
 .mutex_array   0x20000450        0x8 CMakeFiles/basic_pwm.dir/home/pi/pico/pico-sdk/src/rp2_common/pico_stdio/stdio.c.obj
                0x20000458                PROVIDE (__mutex_array_end = .)
                0x20000458                . = ALIGN (0x4)
                0x20000458                PROVIDE (__preinit_array_start = .)
 *(SORT_BY_NAME(.preinit_array.*))
 .preinit_array.00001
                0x20000458        0x4 CMakeFiles/basic_pwm.dir/home/pi/pico/pico-sdk/src/rp2_common/pico_mem_ops/mem_ops_aeabi.S.obj
 .preinit_array.00010
                0x2000045c        0x4 CMakeFiles/basic_pwm.dir/home/pi/pico/pico-sdk/src/rp2_common/pico_bit_ops/bit_ops_aeabi.S.obj
 .preinit_array.00020
                0x20000460        0x4 CMakeFiles/basic_pwm.dir/home/pi/pico/pico-sdk/src/rp2_common/pico_double/double_aeabi.S.obj
 .preinit_array.00020
                0x20000464        0x4 CMakeFiles/basic_pwm.dir/home/pi/pico/pico-sdk/src/rp2_common/pico_float/float_aeabi.S.obj
 *(.preinit_array)
                0x20000468                PROVIDE (__preinit_array_end = .)
                0x20000468                . = ALIGN (0x4)
                0x20000468                PROVIDE (__init_array_start = .)
 *(SORT_BY_NAME(.init_array.*))
 *(.init_array)
 .init_array    0x20000468        0x4 /usr/lib/gcc/arm-none-eabi/8.3.1/thumb/v6-m/nofp/crtbegin.o
 .init_array    0x2000046c        0x4 CMakeFiles/basic_pwm.dir/home/pi/pico/pico-sdk/src/rp2_common/pico_unique_id/unique_id.c.obj
                0x20000470                PROVIDE (__init_array_end = .)
                0x20000470                . = ALIGN (0x4)
                0x20000470                PROVIDE (__fini_array_start = .)
 *(SORT_BY_NAME(.fini_array.*))
 *(.fini_array)
                0x20000470                PROVIDE (__fini_array_end = .)
 *(.jcr)
                0x20000470                . = ALIGN (0x4)
                0x20000470                __data_end__ = .

.tm_clone_table
                0x20000470        0x0 load address 0x10007f78
 .tm_clone_table
                0x20000470        0x0 /usr/lib/gcc/arm-none-eabi/8.3.1/thumb/v6-m/nofp/crtbegin.o
 .tm_clone_table
                0x20000470        0x0 /usr/lib/gcc/arm-none-eabi/8.3.1/thumb/v6-m/nofp/crtend.o

.igot.plt       0x20000470        0x0 load address 0x10007f78
 .igot.plt      0x20000470        0x0 /usr/lib/gcc/arm-none-eabi/8.3.1/thumb/v6-m/nofp/crtbegin.o

.uninitialized_data
                0x20000470        0x0 load address 0x10007f78
                0x20000470                . = ALIGN (0x4)
 *(.uninitialized_data*)

.scratch_x      0x20040000        0x0 load address 0x10007f78
                0x20040000                __scratch_x_start__ = .
 *(.scratch_x.*)
                0x20040000                . = ALIGN (0x4)
                0x20040000                __scratch_x_end__ = .
                0x10007f78                __scratch_x_source__ = LOADADDR (.scratch_x)

.scratch_y      0x20041000        0x0 load address 0x10007f78
                0x20041000                __scratch_y_start__ = .
 *(.scratch_y.*)
                0x20041000                . = ALIGN (0x4)
                0x20041000                __scratch_y_end__ = .
                0x10007f78                __scratch_y_source__ = LOADADDR (.scratch_y)

.bss            0x20000470      0xd84
                0x20000470                . = ALIGN (0x4)
                0x20000470                __bss_start__ = .
 *(SORT_BY_ALIGNMENT(SORT_BY_NAME(.bss*)))
 .bss.default_alarm_pool_entries
                0x20000470      0x100 CMakeFiles/basic_pwm.dir/home/pi/pico/pico-sdk/src/common/pico_time/time.c.obj
 .bss.last_avail_time.7211
                0x20000570        0x8 CMakeFiles/basic_pwm.dir/home/pi/pico/pico-sdk/src/rp2_common/pico_stdio_usb/stdio_usb.c.obj
 .bss           0x20000578       0x1c /usr/lib/gcc/arm-none-eabi/8.3.1/thumb/v6-m/nofp/crtbegin.o
 .bss._app_driver
                0x20000594        0x4 CMakeFiles/basic_pwm.dir/home/pi/pico/pico-sdk/lib/tinyusb/src/device/usbd.c.obj
 .bss._cdcd_itf
                0x20000598      0x2d8 CMakeFiles/basic_pwm.dir/home/pi/pico/pico-sdk/lib/tinyusb/src/class/cdc/cdc_device.c.obj
 .bss._ctrl_xfer
                0x20000870       0x14 CMakeFiles/basic_pwm.dir/home/pi/pico/pico-sdk/lib/tinyusb/src/device/usbd_control.c.obj
 .bss._ubsd_mutexdef
                0x20000884        0x8 CMakeFiles/basic_pwm.dir/home/pi/pico/pico-sdk/lib/tinyusb/src/device/usbd.c.obj
 .bss._usbd_ctrl_buf
                0x2000088c       0x40 CMakeFiles/basic_pwm.dir/home/pi/pico/pico-sdk/lib/tinyusb/src/device/usbd_control.c.obj
 .bss._usbd_dev
                0x200008cc       0x53 CMakeFiles/basic_pwm.dir/home/pi/pico/pico-sdk/lib/tinyusb/src/device/usbd.c.obj
 *fill*         0x2000091f        0x1 
 .bss._usbd_mutex
                0x20000920        0x4 CMakeFiles/basic_pwm.dir/home/pi/pico/pico-sdk/lib/tinyusb/src/device/usbd.c.obj
 .bss._usbd_q   0x20000924        0x4 CMakeFiles/basic_pwm.dir/home/pi/pico/pico-sdk/lib/tinyusb/src/device/usbd.c.obj
 .bss.alarm_callbacks
                0x20000928       0x10 CMakeFiles/basic_pwm.dir/home/pi/pico/pico-sdk/src/rp2_common/hardware_timer/timer.c.obj
 .bss.boot2_copyout
                0x20000938      0x100 CMakeFiles/basic_pwm.dir/home/pi/pico/pico-sdk/src/rp2_common/hardware_flash/flash.c.obj
 .bss.claimed   0x20000a38        0x4 CMakeFiles/basic_pwm.dir/home/pi/pico/pico-sdk/src/rp2_common/hardware_sync/sync.c.obj
 .bss.configured_freq
                0x20000a3c       0x28 CMakeFiles/basic_pwm.dir/home/pi/pico/pico-sdk/src/rp2_common/hardware_clocks/clocks.c.obj
 .bss.default_alarm_pool_entry_ids_high
                0x20000a64       0x10 CMakeFiles/basic_pwm.dir/home/pi/pico/pico-sdk/src/common/pico_time/time.c.obj
 .bss.default_alarm_pool_heap_nodes
                0x20000a74       0x30 CMakeFiles/basic_pwm.dir/home/pi/pico/pico-sdk/src/common/pico_time/time.c.obj
 .bss.desc_str.7110
                0x20000aa4       0x28 CMakeFiles/basic_pwm.dir/home/pi/pico/pico-sdk/src/rp2_common/pico_stdio_usb/stdio_usb_descriptors.c.obj
 .bss.drivers   0x20000acc        0x4 CMakeFiles/basic_pwm.dir/home/pi/pico/pico-sdk/src/rp2_common/pico_stdio/stdio.c.obj
 .bss.filter    0x20000ad0        0x4 CMakeFiles/basic_pwm.dir/home/pi/pico/pico-sdk/src/rp2_common/pico_stdio/stdio.c.obj
 .bss.hw_endpoints
                0x20000ad4      0x400 CMakeFiles/basic_pwm.dir/home/pi/pico/pico-sdk/lib/tinyusb/src/portable/raspberrypi/rp2040/dcd_rp2040.c.obj
 .bss.lazy_vsnprintf
                0x20000ed4        0x4 CMakeFiles/basic_pwm.dir/home/pi/pico/pico-sdk/src/rp2_common/pico_printf/printf.c.obj
 .bss.load_value
                0x20000ed8        0x4 CMakeFiles/basic_pwm.dir/home/pi/pico/pico-sdk/src/rp2_common/hardware_watchdog/watchdog.c.obj
 .bss.next_buffer_ptr
                0x20000edc        0x4 CMakeFiles/basic_pwm.dir/home/pi/pico/pico-sdk/lib/tinyusb/src/portable/raspberrypi/rp2040/dcd_rp2040.c.obj
 .bss.pools     0x20000ee0       0x10 CMakeFiles/basic_pwm.dir/home/pi/pico/pico-sdk/src/common/pico_time/time.c.obj
 .bss.retrieved_id
                0x20000ef0        0x8 CMakeFiles/basic_pwm.dir/home/pi/pico/pico-sdk/src/rp2_common/pico_unique_id/unique_id.c.obj
 .bss.sf_clz_func
                0x20000ef8        0x4 CMakeFiles/basic_pwm.dir/home/pi/pico/pico-sdk/src/rp2_common/pico_double/double_init_rom.c.obj
                0x20000ef8                sf_clz_func
 .bss.sleep_notifier
                0x20000efc        0x4 CMakeFiles/basic_pwm.dir/home/pi/pico/pico-sdk/src/common/pico_time/time.c.obj
 .bss.stdio_usb_mutex
                0x20000f00        0x8 CMakeFiles/basic_pwm.dir/home/pi/pico/pico-sdk/src/rp2_common/pico_stdio_usb/stdio_usb.c.obj
 .bss.target_hi
                0x20000f08       0x10 CMakeFiles/basic_pwm.dir/home/pi/pico/pico-sdk/src/rp2_common/hardware_timer/timer.c.obj
 .bss.usbd_serial_str
                0x20000f18       0x11 CMakeFiles/basic_pwm.dir/home/pi/pico/pico-sdk/src/rp2_common/pico_stdio_usb/stdio_usb_descriptors.c.obj
 .bss._app_driver_count
                0x20000f29        0x1 CMakeFiles/basic_pwm.dir/home/pi/pico/pico-sdk/lib/tinyusb/src/device/usbd.c.obj
 .bss._usbd_initialized
                0x20000f2a        0x1 CMakeFiles/basic_pwm.dir/home/pi/pico/pico-sdk/lib/tinyusb/src/device/usbd.c.obj
 .bss.boot2_copyout_valid
                0x20000f2b        0x1 CMakeFiles/basic_pwm.dir/home/pi/pico/pico-sdk/src/rp2_common/hardware_flash/flash.c.obj
 .bss.claimed   0x20000f2c        0x1 CMakeFiles/basic_pwm.dir/home/pi/pico/pico-sdk/src/rp2_common/hardware_timer/timer.c.obj
 .bss.irq_hander_chain_free_slot_head
                0x20000f2d        0x1 CMakeFiles/basic_pwm.dir/home/pi/pico/pico-sdk/src/rp2_common/hardware_irq/irq.c.obj
 .bss.itf_num   0x20000f2e        0x1 CMakeFiles/basic_pwm.dir/home/pi/pico/pico-sdk/src/rp2_common/pico_stdio_usb/reset_interface.c.obj
 .bss.timer_callbacks_pending
                0x20000f2f        0x1 CMakeFiles/basic_pwm.dir/home/pi/pico/pico-sdk/src/rp2_common/hardware_timer/timer.c.obj
 *(COMMON)
 COMMON         0x20000f30        0x4 CMakeFiles/basic_pwm.dir/home/pi/pico/pico-sdk/src/rp2_common/hardware_uart/uart.c.obj
                0x20000f30                uart_char_to_line_feed
 COMMON         0x20000f34      0x100 CMakeFiles/basic_pwm.dir/home/pi/pico/pico-sdk/src/rp2_common/pico_double/double_init_rom.c.obj
                0x20000f34                sd_table
 COMMON         0x20001034      0x100 CMakeFiles/basic_pwm.dir/home/pi/pico/pico-sdk/src/rp2_common/pico_float/float_init_rom.c.obj
                0x20001034                sf_table
 COMMON         0x20001134       0xc0 CMakeFiles/basic_pwm.dir/home/pi/pico/pico-sdk/lib/tinyusb/src/device/usbd.c.obj
                0x20001134                _usbd_qdef_buf
                0x200011f4                . = ALIGN (0x4)
                0x200011f4                __bss_end__ = .

.heap           0x200011f4      0x800
                0x200011f4                __end__ = .
                0x200011f4                end = __end__
 *(.heap*)
 .heap          0x200011f4      0x800 CMakeFiles/basic_pwm.dir/home/pi/pico/pico-sdk/src/rp2_common/pico_standard_link/crt0.S.obj
                0x200019f4                __HeapLimit = .

.stack1_dummy   0x20040000        0x0
 *(.stack1*)

.stack_dummy    0x20041000      0x800
 *(.stack*)
 .stack         0x20041000      0x800 CMakeFiles/basic_pwm.dir/home/pi/pico/pico-sdk/src/rp2_common/pico_standard_link/crt0.S.obj

.flash_end      0x10007f78        0x0
                0x10007f78                __flash_binary_end = .
                0x20040000                __StackLimit = (ORIGIN (RAM) + LENGTH (RAM))
                0x20041000                __StackOneTop = (ORIGIN (SCRATCH_X) + LENGTH (SCRATCH_X))
                0x20042000                __StackTop = (ORIGIN (SCRATCH_Y) + LENGTH (SCRATCH_Y))
                0x20041000                __StackOneBottom = (__StackOneTop - SIZEOF (.stack1_dummy))
                0x20041800                __StackBottom = (__StackTop - SIZEOF (.stack_dummy))
                0x20042000                PROVIDE (__stack = __StackTop)
                0x00000001                ASSERT ((__StackLimit >= __HeapLimit), region RAM overflowed)
                0x00000001                ASSERT (((__binary_info_header_end - __logical_binary_start) <= 0x100), Binary info must be in first 256 bytes of the binary)
LOAD CMakeFiles/basic_pwm.dir/main.c.obj
LOAD CMakeFiles/basic_pwm.dir/pwm.c.obj
LOAD CMakeFiles/basic_pwm.dir/adc.c.obj
LOAD CMakeFiles/basic_pwm.dir/uart.c.obj
LOAD CMakeFiles/basic_pwm.dir/home/pi/pico/pico-sdk/src/rp2_common/pico_stdlib/stdlib.c.obj
LOAD CMakeFiles/basic_pwm.dir/home/pi/pico/pico-sdk/src/rp2_common/hardware_gpio/gpio.c.obj
LOAD CMakeFiles/basic_pwm.dir/home/pi/pico/pico-sdk/src/rp2_common/hardware_claim/claim.c.obj
LOAD CMakeFiles/basic_pwm.dir/home/pi/pico/pico-sdk/src/rp2_common/pico_platform/platform.c.obj
LOAD CMakeFiles/basic_pwm.dir/home/pi/pico/pico-sdk/src/rp2_common/hardware_sync/sync.c.obj
LOAD CMakeFiles/basic_pwm.dir/home/pi/pico/pico-sdk/src/rp2_common/hardware_uart/uart.c.obj
LOAD CMakeFiles/basic_pwm.dir/home/pi/pico/pico-sdk/src/rp2_common/hardware_divider/divider.S.obj
LOAD CMakeFiles/basic_pwm.dir/home/pi/pico/pico-sdk/src/common/pico_time/time.c.obj
LOAD CMakeFiles/basic_pwm.dir/home/pi/pico/pico-sdk/src/common/pico_time/timeout_helper.c.obj
LOAD CMakeFiles/basic_pwm.dir/home/pi/pico/pico-sdk/src/rp2_common/hardware_timer/timer.c.obj
LOAD CMakeFiles/basic_pwm.dir/home/pi/pico/pico-sdk/src/common/pico_sync/sem.c.obj
LOAD CMakeFiles/basic_pwm.dir/home/pi/pico/pico-sdk/src/common/pico_sync/lock_core.c.obj
LOAD CMakeFiles/basic_pwm.dir/home/pi/pico/pico-sdk/src/common/pico_sync/mutex.c.obj
LOAD CMakeFiles/basic_pwm.dir/home/pi/pico/pico-sdk/src/common/pico_sync/critical_section.c.obj
LOAD CMakeFiles/basic_pwm.dir/home/pi/pico/pico-sdk/src/common/pico_util/datetime.c.obj
LOAD CMakeFiles/basic_pwm.dir/home/pi/pico/pico-sdk/src/common/pico_util/pheap.c.obj
LOAD CMakeFiles/basic_pwm.dir/home/pi/pico/pico-sdk/src/common/pico_util/queue.c.obj
LOAD CMakeFiles/basic_pwm.dir/home/pi/pico/pico-sdk/src/rp2_common/pico_runtime/runtime.c.obj
LOAD CMakeFiles/basic_pwm.dir/home/pi/pico/pico-sdk/src/rp2_common/hardware_clocks/clocks.c.obj
LOAD CMakeFiles/basic_pwm.dir/home/pi/pico/pico-sdk/src/rp2_common/hardware_irq/irq.c.obj
LOAD CMakeFiles/basic_pwm.dir/home/pi/pico/pico-sdk/src/rp2_common/hardware_irq/irq_handler_chain.S.obj
LOAD CMakeFiles/basic_pwm.dir/home/pi/pico/pico-sdk/src/rp2_common/hardware_pll/pll.c.obj
LOAD CMakeFiles/basic_pwm.dir/home/pi/pico/pico-sdk/src/rp2_common/hardware_vreg/vreg.c.obj
LOAD CMakeFiles/basic_pwm.dir/home/pi/pico/pico-sdk/src/rp2_common/hardware_watchdog/watchdog.c.obj
LOAD CMakeFiles/basic_pwm.dir/home/pi/pico/pico-sdk/src/rp2_common/hardware_xosc/xosc.c.obj
LOAD CMakeFiles/basic_pwm.dir/home/pi/pico/pico-sdk/src/rp2_common/pico_printf/printf.c.obj
LOAD CMakeFiles/basic_pwm.dir/home/pi/pico/pico-sdk/src/rp2_common/pico_bit_ops/bit_ops_aeabi.S.obj
LOAD CMakeFiles/basic_pwm.dir/home/pi/pico/pico-sdk/src/rp2_common/pico_bootrom/bootrom.c.obj
LOAD CMakeFiles/basic_pwm.dir/home/pi/pico/pico-sdk/src/rp2_common/pico_divider/divider.S.obj
LOAD CMakeFiles/basic_pwm.dir/home/pi/pico/pico-sdk/src/rp2_common/pico_double/double_aeabi.S.obj
LOAD CMakeFiles/basic_pwm.dir/home/pi/pico/pico-sdk/src/rp2_common/pico_double/double_init_rom.c.obj
LOAD CMakeFiles/basic_pwm.dir/home/pi/pico/pico-sdk/src/rp2_common/pico_double/double_math.c.obj
LOAD CMakeFiles/basic_pwm.dir/home/pi/pico/pico-sdk/src/rp2_common/pico_double/double_v1_rom_shim.S.obj
LOAD CMakeFiles/basic_pwm.dir/home/pi/pico/pico-sdk/src/rp2_common/pico_int64_ops/pico_int64_ops_aeabi.S.obj
LOAD CMakeFiles/basic_pwm.dir/home/pi/pico/pico-sdk/src/rp2_common/pico_float/float_aeabi.S.obj
LOAD CMakeFiles/basic_pwm.dir/home/pi/pico/pico-sdk/src/rp2_common/pico_float/float_init_rom.c.obj
LOAD CMakeFiles/basic_pwm.dir/home/pi/pico/pico-sdk/src/rp2_common/pico_float/float_math.c.obj
LOAD CMakeFiles/basic_pwm.dir/home/pi/pico/pico-sdk/src/rp2_common/pico_float/float_v1_rom_shim.S.obj
LOAD CMakeFiles/basic_pwm.dir/home/pi/pico/pico-sdk/src/rp2_common/pico_malloc/pico_malloc.c.obj
LOAD CMakeFiles/basic_pwm.dir/home/pi/pico/pico-sdk/src/rp2_common/pico_mem_ops/mem_ops_aeabi.S.obj
LOAD CMakeFiles/basic_pwm.dir/home/pi/pico/pico-sdk/src/rp2_common/pico_standard_link/crt0.S.obj
LOAD CMakeFiles/basic_pwm.dir/home/pi/pico/pico-sdk/src/rp2_common/pico_standard_link/new_delete.cpp.obj
LOAD CMakeFiles/basic_pwm.dir/home/pi/pico/pico-sdk/src/rp2_common/pico_standard_link/binary_info.c.obj
LOAD CMakeFiles/basic_pwm.dir/home/pi/pico/pico-sdk/src/rp2_common/pico_stdio/stdio.c.obj
LOAD CMakeFiles/basic_pwm.dir/home/pi/pico/pico-sdk/src/rp2_common/pico_stdio_usb/reset_interface.c.obj
LOAD CMakeFiles/basic_pwm.dir/home/pi/pico/pico-sdk/src/rp2_common/pico_stdio_usb/stdio_usb.c.obj
LOAD CMakeFiles/basic_pwm.dir/home/pi/pico/pico-sdk/src/rp2_common/pico_stdio_usb/stdio_usb_descriptors.c.obj
LOAD CMakeFiles/basic_pwm.dir/home/pi/pico/pico-sdk/lib/tinyusb/src/portable/raspberrypi/rp2040/dcd_rp2040.c.obj
LOAD CMakeFiles/basic_pwm.dir/home/pi/pico/pico-sdk/lib/tinyusb/src/portable/raspberrypi/rp2040/rp2040_usb.c.obj
LOAD CMakeFiles/basic_pwm.dir/home/pi/pico/pico-sdk/lib/tinyusb/src/device/usbd.c.obj
LOAD CMakeFiles/basic_pwm.dir/home/pi/pico/pico-sdk/lib/tinyusb/src/device/usbd_control.c.obj
LOAD CMakeFiles/basic_pwm.dir/home/pi/pico/pico-sdk/lib/tinyusb/src/class/audio/audio_device.c.obj
LOAD CMakeFiles/basic_pwm.dir/home/pi/pico/pico-sdk/lib/tinyusb/src/class/cdc/cdc_device.c.obj
LOAD CMakeFiles/basic_pwm.dir/home/pi/pico/pico-sdk/lib/tinyusb/src/class/dfu/dfu_device.c.obj
LOAD CMakeFiles/basic_pwm.dir/home/pi/pico/pico-sdk/lib/tinyusb/src/class/dfu/dfu_rt_device.c.obj
LOAD CMakeFiles/basic_pwm.dir/home/pi/pico/pico-sdk/lib/tinyusb/src/class/hid/hid_device.c.obj
LOAD CMakeFiles/basic_pwm.dir/home/pi/pico/pico-sdk/lib/tinyusb/src/class/midi/midi_device.c.obj
LOAD CMakeFiles/basic_pwm.dir/home/pi/pico/pico-sdk/lib/tinyusb/src/class/msc/msc_device.c.obj
LOAD CMakeFiles/basic_pwm.dir/home/pi/pico/pico-sdk/lib/tinyusb/src/class/net/ecm_rndis_device.c.obj
LOAD CMakeFiles/basic_pwm.dir/home/pi/pico/pico-sdk/lib/tinyusb/src/class/net/ncm_device.c.obj
LOAD CMakeFiles/basic_pwm.dir/home/pi/pico/pico-sdk/lib/tinyusb/src/class/usbtmc/usbtmc_device.c.obj
LOAD CMakeFiles/basic_pwm.dir/home/pi/pico/pico-sdk/lib/tinyusb/src/class/vendor/vendor_device.c.obj
LOAD CMakeFiles/basic_pwm.dir/home/pi/pico/pico-sdk/lib/tinyusb/src/class/video/video_device.c.obj
LOAD CMakeFiles/basic_pwm.dir/home/pi/pico/pico-sdk/lib/tinyusb/src/tusb.c.obj
LOAD CMakeFiles/basic_pwm.dir/home/pi/pico/pico-sdk/lib/tinyusb/src/common/tusb_fifo.c.obj
LOAD CMakeFiles/basic_pwm.dir/home/pi/pico/pico-sdk/src/rp2_common/pico_fix/rp2040_usb_device_enumeration/rp2040_usb_device_enumeration.c.obj
LOAD CMakeFiles/basic_pwm.dir/home/pi/pico/pico-sdk/src/rp2_common/pico_unique_id/unique_id.c.obj
LOAD CMakeFiles/basic_pwm.dir/home/pi/pico/pico-sdk/src/rp2_common/hardware_flash/flash.c.obj
LOAD CMakeFiles/basic_pwm.dir/home/pi/pico/pico-sdk/src/rp2_common/hardware_adc/adc.c.obj
LOAD /tmp/ccy8obYI.o
LOAD /usr/lib/gcc/arm-none-eabi/8.3.1/../../../arm-none-eabi/lib/thumb/v6-m/nofp/libstdc++.a
LOAD /usr/lib/gcc/arm-none-eabi/8.3.1/../../../arm-none-eabi/lib/thumb/v6-m/nofp/libm.a
START GROUP
LOAD /usr/lib/gcc/arm-none-eabi/8.3.1/thumb/v6-m/nofp/libgcc.a
LOAD /usr/lib/gcc/arm-none-eabi/8.3.1/../../../arm-none-eabi/lib/thumb/v6-m/nofp/libc.a
END GROUP
START GROUP
LOAD /usr/lib/gcc/arm-none-eabi/8.3.1/thumb/v6-m/nofp/libgcc.a
LOAD /usr/lib/gcc/arm-none-eabi/8.3.1/../../../arm-none-eabi/lib/thumb/v6-m/nofp/libc.a
LOAD /usr/lib/gcc/arm-none-eabi/8.3.1/../../../arm-none-eabi/lib/thumb/v6-m/nofp/libnosys.a
END GROUP
LOAD /usr/lib/gcc/arm-none-eabi/8.3.1/thumb/v6-m/nofp/crtend.o
LOAD /usr/lib/gcc/arm-none-eabi/8.3.1/thumb/v6-m/nofp/crtn.o
OUTPUT(basic_pwm.elf elf32-littlearm)
LOAD linker stubs

.ARM.attributes
                0x00000000       0x28
 .ARM.attributes
                0x00000000       0x1e /usr/lib/gcc/arm-none-eabi/8.3.1/thumb/v6-m/nofp/crti.o
 .ARM.attributes
                0x0000001e       0x2c /usr/lib/gcc/arm-none-eabi/8.3.1/thumb/v6-m/nofp/crtbegin.o
 .ARM.attributes
                0x0000004a       0x2c CMakeFiles/basic_pwm.dir/main.c.obj
 .ARM.attributes
                0x00000076       0x2c CMakeFiles/basic_pwm.dir/pwm.c.obj
 .ARM.attributes
                0x000000a2       0x2c CMakeFiles/basic_pwm.dir/adc.c.obj
 .ARM.attributes
                0x000000ce       0x2c CMakeFiles/basic_pwm.dir/uart.c.obj
 .ARM.attributes
                0x000000fa       0x2c CMakeFiles/basic_pwm.dir/home/pi/pico/pico-sdk/src/rp2_common/hardware_gpio/gpio.c.obj
 .ARM.attributes
                0x00000126       0x2c CMakeFiles/basic_pwm.dir/home/pi/pico/pico-sdk/src/rp2_common/hardware_claim/claim.c.obj
 .ARM.attributes
                0x00000152       0x2c CMakeFiles/basic_pwm.dir/home/pi/pico/pico-sdk/src/rp2_common/pico_platform/platform.c.obj
 .ARM.attributes
                0x0000017e       0x2c CMakeFiles/basic_pwm.dir/home/pi/pico/pico-sdk/src/rp2_common/hardware_sync/sync.c.obj
 .ARM.attributes
                0x000001aa       0x2c CMakeFiles/basic_pwm.dir/home/pi/pico/pico-sdk/src/rp2_common/hardware_uart/uart.c.obj
 .ARM.attributes
                0x000001d6       0x2c CMakeFiles/basic_pwm.dir/home/pi/pico/pico-sdk/src/common/pico_time/time.c.obj
 .ARM.attributes
                0x00000202       0x2c CMakeFiles/basic_pwm.dir/home/pi/pico/pico-sdk/src/rp2_common/hardware_timer/timer.c.obj
 .ARM.attributes
                0x0000022e       0x2c CMakeFiles/basic_pwm.dir/home/pi/pico/pico-sdk/src/common/pico_sync/lock_core.c.obj
 .ARM.attributes
                0x0000025a       0x2c CMakeFiles/basic_pwm.dir/home/pi/pico/pico-sdk/src/common/pico_sync/mutex.c.obj
 .ARM.attributes
                0x00000286       0x2c CMakeFiles/basic_pwm.dir/home/pi/pico/pico-sdk/src/common/pico_sync/critical_section.c.obj
 .ARM.attributes
                0x000002b2       0x2c CMakeFiles/basic_pwm.dir/home/pi/pico/pico-sdk/src/common/pico_util/pheap.c.obj
 .ARM.attributes
                0x000002de       0x2c CMakeFiles/basic_pwm.dir/home/pi/pico/pico-sdk/src/rp2_common/pico_runtime/runtime.c.obj
 .ARM.attributes
                0x0000030a       0x2c CMakeFiles/basic_pwm.dir/home/pi/pico/pico-sdk/src/rp2_common/hardware_clocks/clocks.c.obj
 .ARM.attributes
                0x00000336       0x2c CMakeFiles/basic_pwm.dir/home/pi/pico/pico-sdk/src/rp2_common/hardware_irq/irq.c.obj
 .ARM.attributes
                0x00000362       0x22 CMakeFiles/basic_pwm.dir/home/pi/pico/pico-sdk/src/rp2_common/hardware_irq/irq_handler_chain.S.obj
 .ARM.attributes
                0x00000384       0x2c CMakeFiles/basic_pwm.dir/home/pi/pico/pico-sdk/src/rp2_common/hardware_pll/pll.c.obj
 .ARM.attributes
                0x000003b0       0x2c CMakeFiles/basic_pwm.dir/home/pi/pico/pico-sdk/src/rp2_common/hardware_watchdog/watchdog.c.obj
 .ARM.attributes
                0x000003dc       0x2c CMakeFiles/basic_pwm.dir/home/pi/pico/pico-sdk/src/rp2_common/hardware_xosc/xosc.c.obj
 .ARM.attributes
                0x00000408       0x2c CMakeFiles/basic_pwm.dir/home/pi/pico/pico-sdk/src/rp2_common/pico_printf/printf.c.obj
 .ARM.attributes
                0x00000434       0x22 CMakeFiles/basic_pwm.dir/home/pi/pico/pico-sdk/src/rp2_common/pico_bit_ops/bit_ops_aeabi.S.obj
 .ARM.attributes
                0x00000456       0x2c CMakeFiles/basic_pwm.dir/home/pi/pico/pico-sdk/src/rp2_common/pico_bootrom/bootrom.c.obj
 .ARM.attributes
                0x00000482       0x22 CMakeFiles/basic_pwm.dir/home/pi/pico/pico-sdk/src/rp2_common/pico_divider/divider.S.obj
 .ARM.attributes
                0x000004a4       0x22 CMakeFiles/basic_pwm.dir/home/pi/pico/pico-sdk/src/rp2_common/pico_double/double_aeabi.S.obj
 .ARM.attributes
                0x000004c6       0x2c CMakeFiles/basic_pwm.dir/home/pi/pico/pico-sdk/src/rp2_common/pico_double/double_init_rom.c.obj
 .ARM.attributes
                0x000004f2       0x22 CMakeFiles/basic_pwm.dir/home/pi/pico/pico-sdk/src/rp2_common/pico_double/double_v1_rom_shim.S.obj
 .ARM.attributes
                0x00000514       0x22 CMakeFiles/basic_pwm.dir/home/pi/pico/pico-sdk/src/rp2_common/pico_int64_ops/pico_int64_ops_aeabi.S.obj
 .ARM.attributes
                0x00000536       0x22 CMakeFiles/basic_pwm.dir/home/pi/pico/pico-sdk/src/rp2_common/pico_float/float_aeabi.S.obj
 .ARM.attributes
                0x00000558       0x2c CMakeFiles/basic_pwm.dir/home/pi/pico/pico-sdk/src/rp2_common/pico_float/float_init_rom.c.obj
 .ARM.attributes
                0x00000584       0x22 CMakeFiles/basic_pwm.dir/home/pi/pico/pico-sdk/src/rp2_common/pico_float/float_v1_rom_shim.S.obj
 .ARM.attributes
                0x000005a6       0x22 CMakeFiles/basic_pwm.dir/home/pi/pico/pico-sdk/src/rp2_common/pico_mem_ops/mem_ops_aeabi.S.obj
 .ARM.attributes
                0x000005c8       0x22 CMakeFiles/basic_pwm.dir/home/pi/pico/pico-sdk/src/rp2_common/pico_standard_link/crt0.S.obj
 .ARM.attributes
                0x000005ea       0x32 CMakeFiles/basic_pwm.dir/home/pi/pico/pico-sdk/src/rp2_common/pico_standard_link/binary_info.c.obj
 .ARM.attributes
                0x0000061c       0x2c CMakeFiles/basic_pwm.dir/home/pi/pico/pico-sdk/src/rp2_common/pico_stdio/stdio.c.obj
 .ARM.attributes
                0x00000648       0x2c CMakeFiles/basic_pwm.dir/home/pi/pico/pico-sdk/src/rp2_common/pico_stdio_usb/reset_interface.c.obj
 .ARM.attributes
                0x00000674       0x2c CMakeFiles/basic_pwm.dir/home/pi/pico/pico-sdk/src/rp2_common/pico_stdio_usb/stdio_usb.c.obj
 .ARM.attributes
                0x000006a0       0x2c CMakeFiles/basic_pwm.dir/home/pi/pico/pico-sdk/src/rp2_common/pico_stdio_usb/stdio_usb_descriptors.c.obj
 .ARM.attributes
                0x000006cc       0x2c CMakeFiles/basic_pwm.dir/home/pi/pico/pico-sdk/lib/tinyusb/src/portable/raspberrypi/rp2040/dcd_rp2040.c.obj
 .ARM.attributes
                0x000006f8       0x2c CMakeFiles/basic_pwm.dir/home/pi/pico/pico-sdk/lib/tinyusb/src/portable/raspberrypi/rp2040/rp2040_usb.c.obj
 .ARM.attributes
                0x00000724       0x2c CMakeFiles/basic_pwm.dir/home/pi/pico/pico-sdk/lib/tinyusb/src/device/usbd.c.obj
 .ARM.attributes
                0x00000750       0x2c CMakeFiles/basic_pwm.dir/home/pi/pico/pico-sdk/lib/tinyusb/src/device/usbd_control.c.obj
 .ARM.attributes
                0x0000077c       0x2c CMakeFiles/basic_pwm.dir/home/pi/pico/pico-sdk/lib/tinyusb/src/class/cdc/cdc_device.c.obj
 .ARM.attributes
                0x000007a8       0x2c CMakeFiles/basic_pwm.dir/home/pi/pico/pico-sdk/lib/tinyusb/src/tusb.c.obj
 .ARM.attributes
                0x000007d4       0x2c CMakeFiles/basic_pwm.dir/home/pi/pico/pico-sdk/lib/tinyusb/src/common/tusb_fifo.c.obj
 .ARM.attributes
                0x00000800       0x2c CMakeFiles/basic_pwm.dir/home/pi/pico/pico-sdk/src/rp2_common/pico_unique_id/unique_id.c.obj
 .ARM.attributes
                0x0000082c       0x2c CMakeFiles/basic_pwm.dir/home/pi/pico/pico-sdk/src/rp2_common/hardware_flash/flash.c.obj
 .ARM.attributes
                0x00000858       0x2c CMakeFiles/basic_pwm.dir/home/pi/pico/pico-sdk/src/rp2_common/hardware_adc/adc.c.obj
 .ARM.attributes
                0x00000884       0x22 /tmp/ccy8obYI.o
 .ARM.attributes
                0x000008a6       0x1e /usr/lib/gcc/arm-none-eabi/8.3.1/thumb/v6-m/nofp/libgcc.a(_dvmd_tls.o)
 .ARM.attributes
                0x000008c4       0x2c /usr/lib/gcc/arm-none-eabi/8.3.1/../../../arm-none-eabi/lib/thumb/v6-m/nofp/libc.a(lib_a-strlen-stub.o)
 .ARM.attributes
                0x000008f0       0x2c /usr/lib/gcc/arm-none-eabi/8.3.1/thumb/v6-m/nofp/crtend.o

.comment        0x00000000       0x9f
 .comment       0x00000000       0x51 /usr/lib/gcc/arm-none-eabi/8.3.1/thumb/v6-m/nofp/crtbegin.o
                                 0x52 (size before relaxing)
 .comment       0x00000051       0x52 CMakeFiles/basic_pwm.dir/main.c.obj
 .comment       0x00000051       0x52 CMakeFiles/basic_pwm.dir/pwm.c.obj
 .comment       0x00000051       0x52 CMakeFiles/basic_pwm.dir/adc.c.obj
 .comment       0x00000051       0x52 CMakeFiles/basic_pwm.dir/uart.c.obj
 .comment       0x00000051       0x52 CMakeFiles/basic_pwm.dir/home/pi/pico/pico-sdk/src/rp2_common/hardware_gpio/gpio.c.obj
 .comment       0x00000051       0x52 CMakeFiles/basic_pwm.dir/home/pi/pico/pico-sdk/src/rp2_common/hardware_claim/claim.c.obj
 .comment       0x00000051       0x52 CMakeFiles/basic_pwm.dir/home/pi/pico/pico-sdk/src/rp2_common/pico_platform/platform.c.obj
 .comment       0x00000051       0x52 CMakeFiles/basic_pwm.dir/home/pi/pico/pico-sdk/src/rp2_common/hardware_sync/sync.c.obj
 .comment       0x00000051       0x52 CMakeFiles/basic_pwm.dir/home/pi/pico/pico-sdk/src/rp2_common/hardware_uart/uart.c.obj
 .comment       0x00000051       0x52 CMakeFiles/basic_pwm.dir/home/pi/pico/pico-sdk/src/common/pico_time/time.c.obj
 .comment       0x00000051       0x52 CMakeFiles/basic_pwm.dir/home/pi/pico/pico-sdk/src/rp2_common/hardware_timer/timer.c.obj
 .comment       0x00000051       0x52 CMakeFiles/basic_pwm.dir/home/pi/pico/pico-sdk/src/common/pico_sync/lock_core.c.obj
 .comment       0x00000051       0x52 CMakeFiles/basic_pwm.dir/home/pi/pico/pico-sdk/src/common/pico_sync/mutex.c.obj
 .comment       0x00000051       0x52 CMakeFiles/basic_pwm.dir/home/pi/pico/pico-sdk/src/common/pico_sync/critical_section.c.obj
 .comment       0x00000051       0x52 CMakeFiles/basic_pwm.dir/home/pi/pico/pico-sdk/src/common/pico_util/pheap.c.obj
 .comment       0x00000051       0x52 CMakeFiles/basic_pwm.dir/home/pi/pico/pico-sdk/src/rp2_common/pico_runtime/runtime.c.obj
 .comment       0x00000051       0x52 CMakeFiles/basic_pwm.dir/home/pi/pico/pico-sdk/src/rp2_common/hardware_clocks/clocks.c.obj
 .comment       0x00000051       0x52 CMakeFiles/basic_pwm.dir/home/pi/pico/pico-sdk/src/rp2_common/hardware_irq/irq.c.obj
 .comment       0x00000051       0x52 CMakeFiles/basic_pwm.dir/home/pi/pico/pico-sdk/src/rp2_common/hardware_pll/pll.c.obj
 .comment       0x00000051       0x52 CMakeFiles/basic_pwm.dir/home/pi/pico/pico-sdk/src/rp2_common/hardware_watchdog/watchdog.c.obj
 .comment       0x00000051       0x52 CMakeFiles/basic_pwm.dir/home/pi/pico/pico-sdk/src/rp2_common/hardware_xosc/xosc.c.obj
 .comment       0x00000051       0x52 CMakeFiles/basic_pwm.dir/home/pi/pico/pico-sdk/src/rp2_common/pico_printf/printf.c.obj
 .comment       0x00000051       0x52 CMakeFiles/basic_pwm.dir/home/pi/pico/pico-sdk/src/rp2_common/pico_bootrom/bootrom.c.obj
 .comment       0x00000051       0x52 CMakeFiles/basic_pwm.dir/home/pi/pico/pico-sdk/src/rp2_common/pico_double/double_init_rom.c.obj
 .comment       0x00000051       0x52 CMakeFiles/basic_pwm.dir/home/pi/pico/pico-sdk/src/rp2_common/pico_float/float_init_rom.c.obj
 .comment       0x00000051       0x52 CMakeFiles/basic_pwm.dir/home/pi/pico/pico-sdk/src/rp2_common/pico_standard_link/binary_info.c.obj
 .comment       0x00000051       0x52 CMakeFiles/basic_pwm.dir/home/pi/pico/pico-sdk/src/rp2_common/pico_stdio/stdio.c.obj
 .comment       0x00000051       0x52 CMakeFiles/basic_pwm.dir/home/pi/pico/pico-sdk/src/rp2_common/pico_stdio_usb/reset_interface.c.obj
 .comment       0x00000051       0x52 CMakeFiles/basic_pwm.dir/home/pi/pico/pico-sdk/src/rp2_common/pico_stdio_usb/stdio_usb.c.obj
 .comment       0x00000051       0x52 CMakeFiles/basic_pwm.dir/home/pi/pico/pico-sdk/src/rp2_common/pico_stdio_usb/stdio_usb_descriptors.c.obj
 .comment       0x00000051       0x52 CMakeFiles/basic_pwm.dir/home/pi/pico/pico-sdk/lib/tinyusb/src/portable/raspberrypi/rp2040/dcd_rp2040.c.obj
 .comment       0x00000051       0x52 CMakeFiles/basic_pwm.dir/home/pi/pico/pico-sdk/lib/tinyusb/src/portable/raspberrypi/rp2040/rp2040_usb.c.obj
 .comment       0x00000051       0x52 CMakeFiles/basic_pwm.dir/home/pi/pico/pico-sdk/lib/tinyusb/src/device/usbd.c.obj
 .comment       0x00000051       0x52 CMakeFiles/basic_pwm.dir/home/pi/pico/pico-sdk/lib/tinyusb/src/device/usbd_control.c.obj
 .comment       0x00000051       0x52 CMakeFiles/basic_pwm.dir/home/pi/pico/pico-sdk/lib/tinyusb/src/class/cdc/cdc_device.c.obj
 .comment       0x00000051       0x52 CMakeFiles/basic_pwm.dir/home/pi/pico/pico-sdk/lib/tinyusb/src/tusb.c.obj
 .comment       0x00000051       0x52 CMakeFiles/basic_pwm.dir/home/pi/pico/pico-sdk/lib/tinyusb/src/common/tusb_fifo.c.obj
 .comment       0x00000051       0x52 CMakeFiles/basic_pwm.dir/home/pi/pico/pico-sdk/src/rp2_common/pico_unique_id/unique_id.c.obj
 .comment       0x00000051       0x52 CMakeFiles/basic_pwm.dir/home/pi/pico/pico-sdk/src/rp2_common/hardware_flash/flash.c.obj
 .comment       0x00000051       0x52 CMakeFiles/basic_pwm.dir/home/pi/pico/pico-sdk/src/rp2_common/hardware_adc/adc.c.obj
 .comment       0x00000051       0x4e /usr/lib/gcc/arm-none-eabi/8.3.1/../../../arm-none-eabi/lib/thumb/v6-m/nofp/libc.a(lib_a-strlen-stub.o)
                                 0x4f (size before relaxing)
 .comment       0x0000009f       0x52 /usr/lib/gcc/arm-none-eabi/8.3.1/thumb/v6-m/nofp/crtend.o

.debug_line     0x00000000      0x222
 .debug_line    0x00000000       0x60 /usr/lib/gcc/arm-none-eabi/8.3.1/thumb/v6-m/nofp/libgcc.a(_dvmd_tls.o)
 .debug_line    0x00000060      0x1c2 /usr/lib/gcc/arm-none-eabi/8.3.1/../../../arm-none-eabi/lib/thumb/v6-m/nofp/libc.a(lib_a-strlen-stub.o)

.debug_info     0x00000000      0x999
 .debug_info    0x00000000       0x26 /usr/lib/gcc/arm-none-eabi/8.3.1/thumb/v6-m/nofp/libgcc.a(_dvmd_tls.o)
 .debug_info    0x00000026      0x973 /usr/lib/gcc/arm-none-eabi/8.3.1/../../../arm-none-eabi/lib/thumb/v6-m/nofp/libc.a(lib_a-strlen-stub.o)

.debug_abbrev   0x00000000      0x1fc
 .debug_abbrev  0x00000000       0x14 /usr/lib/gcc/arm-none-eabi/8.3.1/thumb/v6-m/nofp/libgcc.a(_dvmd_tls.o)
 .debug_abbrev  0x00000014      0x1e8 /usr/lib/gcc/arm-none-eabi/8.3.1/../../../arm-none-eabi/lib/thumb/v6-m/nofp/libc.a(lib_a-strlen-stub.o)

.debug_aranges  0x00000000       0x40
 .debug_aranges
                0x00000000       0x20 /usr/lib/gcc/arm-none-eabi/8.3.1/thumb/v6-m/nofp/libgcc.a(_dvmd_tls.o)
 .debug_aranges
                0x00000020       0x20 /usr/lib/gcc/arm-none-eabi/8.3.1/../../../arm-none-eabi/lib/thumb/v6-m/nofp/libc.a(lib_a-strlen-stub.o)

.debug_str      0x00000000      0x613
 .debug_str     0x00000000       0xa3 /usr/lib/gcc/arm-none-eabi/8.3.1/thumb/v6-m/nofp/libgcc.a(_dvmd_tls.o)
 .debug_str     0x000000a3      0x570 /usr/lib/gcc/arm-none-eabi/8.3.1/../../../arm-none-eabi/lib/thumb/v6-m/nofp/libc.a(lib_a-strlen-stub.o)
                                0x5c2 (size before relaxing)

.debug_loc      0x00000000       0xa3
 .debug_loc     0x00000000       0xa3 /usr/lib/gcc/arm-none-eabi/8.3.1/../../../arm-none-eabi/lib/thumb/v6-m/nofp/libc.a(lib_a-strlen-stub.o)

.debug_frame    0x00000000       0x28
 .debug_frame   0x00000000       0x28 /usr/lib/gcc/arm-none-eabi/8.3.1/../../../arm-none-eabi/lib/thumb/v6-m/nofp/libc.a(lib_a-strlen-stub.o)